<html>
<body>
<pre>
<h1>礦ision Build Log</h1>
<h2>Tool Versions:</h2>
IDE-Version: μVision V5.14.0.0
Copyright (C) 2015 ARM Ltd and ARM Germany GmbH. All rights reserved.
License Information: asdf asdf, asdf, LIC=VGX30-BDXPF-4S7Y4-F3C7N-1VVYL-MG1CS
 
Tool Versions:
Toolchain:       MDK-ARM Standard  Version: 5.14.0.0
Toolchain Path:  F:\Keil_v5\ARM\ARMCC\Bin
C Compiler:      Armcc.exe V5.05 update 1 (build 106)
Assembler:       Armasm.exe V5.05 update 1 (build 106)
Linker/Locator:  ArmLink.exe V5.05 update 1 (build 106)
Library Manager: ArmAr.exe V5.05 update 1 (build 106)
Hex Converter:   FromElf.exe V5.05 update 1 (build 106)
CPU DLL:         SARMCM3.DLL V5.14.0.0
Dialog DLL:      DARMSTM.DLL V1.65.0.0
Target DLL:      Segger\JL2CM3.dll V2.99.13.0
Dialog DLL:      TARMSTM.DLL V1.64.0.0
 
<h2>Project:</h2>
C:\Users\jialin\Documents\STM32F103_ZIGBEE_WIFI\CODE\CODE STM32_ZIGBEE V1.1\USER\LCD.uvproj
Project File Date:  05/13/2016

<h2>Output:</h2>
Build target 'Target 1'
compiling touch.c...
..\HARDWARE\TOUCH\touch.c(251): warning:  #223-D: function "LCD_ShowString" declared implicitly
        LCD_ShowString(40,40,"x1:       y1:       ");
..\HARDWARE\TOUCH\touch.c(411): warning:  #223-D: function "LCD_ShowString" declared implicitly
                                                LCD_ShowString(35,110,"TP Need readjust!");
..\HARDWARE\TOUCH\touch.c(427): warning:  #223-D: function "LCD_ShowString" declared implicitly
                                        LCD_ShowString(35,110,"Touch Screen Adjust OK!");//校正完成
..\HARDWARE\TOUCH\touch.c(484): warning:  #1-D: last line of file ends without a newline
  }
..\HARDWARE\TOUCH\touch.c: 4 warnings, 0 errors
linking...
Program Size: Code=23962 RO-data=3098 RW-data=172 ZI-data=5868  
FromELF: creating hex file...
".\LCD.axf" - 0 Error(s), 4 Warning(s).
</pre>
</body>
</html>
