Component: ARM Compiler 5.05 update 1 (build 106) Tool: armlink [4d0efa]

==============================================================================

Section Cross References

    main.o(.text) refers to lcd.o(.text) for LCD_Clear
    main.o(.text) refers to system_stm32f10x.o(.text) for SystemInit
    main.o(.text) refers to delay.o(.text) for delay_init
    main.o(.text) refers to sys.o(.text) for NVIC_Configuration
    main.o(.text) refers to usart.o(.text) for uart_init
    main.o(.text) refers to led.o(.text) for LED_Init
    main.o(.text) refers to rtc.o(.text) for RTC_Init
    main.o(.text) refers to 24cxx.o(.text) for AT24CXX_Init
    main.o(.text) refers to flash.o(.text) for SPI_Flash_Init
    main.o(.text) refers to ff.o(.text) for f_mount
    main.o(.text) refers to bmp180.o(.text) for BMP180_Test
    main.o(.text) refers to lcd.o(.data) for POINT_COLOR
    main.o(.text) refers to rtc.o(.bss) for timer
    main.o(.data) refers to main.o(.conststring) for .conststring
    system_stm32f10x.o(.text) refers to system_stm32f10x.o(.data) for SystemCoreClock
    led.o(.text) refers to stm32f10x_rcc.o(.text) for RCC_APB2PeriphClockCmd
    led.o(.text) refers to stm32f10x_gpio.o(.text) for GPIO_PinRemapConfig
    timer.o(.text) refers to stm32f10x_rcc.o(.text) for RCC_APB1PeriphClockCmd
    timer.o(.text) refers to stm32f10x_tim.o(.text) for TIM_TimeBaseInit
    timer.o(.text) refers to misc.o(.text) for NVIC_Init
    lcd.o(.text) refers to stm32f10x_rcc.o(.text) for RCC_APB2PeriphClockCmd
    lcd.o(.text) refers to stm32f10x_gpio.o(.text) for GPIO_PinRemapConfig
    lcd.o(.text) refers to delay.o(.text) for delay_ms
    lcd.o(.text) refers to lcd.o(.data) for POINT_COLOR
    lcd.o(.text) refers to flash.o(.text) for SPI_Flash_Read
    lcd.o(.text) refers to lcd.o(.constdata) for asc2_1206
    flash.o(.text) refers to stm32f10x_gpio.o(.text) for GPIO_Init
    flash.o(.text) refers to spi.o(.text) for SPIx_Init
    flash.o(.text) refers to delay.o(.text) for delay_us
    flash.o(.text) refers to flash.o(.bss) for SPI_FLASH_BUF
    touch.o(.text) refers to delay.o(.text) for delay_us
    touch.o(.text) refers to lcd.o(.text) for LCD_DrawLine
    touch.o(.text) refers to fflt_clz.o(x$fpl$fflt) for __aeabi_i2f
    touch.o(.text) refers to fflt_clz.o(x$fpl$ffltu) for __aeabi_ui2f
    touch.o(.text) refers to fmul.o(x$fpl$fmul) for __aeabi_fmul
    touch.o(.text) refers to faddsub_clz.o(x$fpl$fadd) for __aeabi_fadd
    touch.o(.text) refers to ffixu.o(x$fpl$ffixu) for __aeabi_f2uiz
    touch.o(.text) refers to ffix.o(x$fpl$ffix) for __aeabi_f2iz
    touch.o(.text) refers to 24cxx.o(.text) for AT24CXX_WriteLenByte
    touch.o(.text) refers to touch.o(.data) for CMD_RDX
    touch.o(.text) refers to touch.o(.bss) for Pen_Point
    touch.o(.text) refers to fdiv.o(x$fpl$fdiv) for __aeabi_fdiv
    touch.o(.text) refers to dflt_clz.o(x$fpl$dfltu) for __aeabi_ui2d
    touch.o(.text) refers to sqrt.o(i.sqrt) for sqrt
    touch.o(.text) refers to dfixu.o(x$fpl$dfixu) for __aeabi_d2uiz
    touch.o(.text) refers to f2d.o(x$fpl$f2d) for __aeabi_f2d
    touch.o(.text) refers to dleqf.o(x$fpl$dleqf) for __aeabi_cdcmple
    touch.o(.text) refers to drleqf.o(x$fpl$drleqf) for __aeabi_cdrcmple
    touch.o(.text) refers to lcd.o(.data) for POINT_COLOR
    touch.o(.text) refers to faddsub_clz.o(x$fpl$frsb) for __aeabi_frsub
    touch.o(.text) refers to stm32f10x_rcc.o(.text) for RCC_APB2PeriphClockCmd
    touch.o(.text) refers to stm32f10x_gpio.o(.text) for GPIO_Init
    touch.o(.text) refers to misc.o(.text) for NVIC_Init
    touch.o(.text) refers to stm32f10x_exti.o(.text) for EXTI_Init
    24cxx.o(.text) refers to myiic.o(.text) for IIC_Init
    24cxx.o(.text) refers to delay.o(.text) for delay_ms
    myiic.o(.text) refers to stm32f10x_rcc.o(.text) for RCC_APB2PeriphClockCmd
    myiic.o(.text) refers to stm32f10x_gpio.o(.text) for GPIO_Init
    myiic.o(.text) refers to delay.o(.text) for delay_us
    mmc_sd.o(.text) refers to spi.o(.text) for SPIx_ReadWriteByte
    mmc_sd.o(.text) refers to stm32f10x_rcc.o(.text) for RCC_APB2PeriphClockCmd
    mmc_sd.o(.text) refers to stm32f10x_gpio.o(.text) for GPIO_Init
    mmc_sd.o(.text) refers to mmc_sd.o(.data) for SD_Type
    spi.o(.text) refers to stm32f10x_spi.o(.text) for SPI_I2S_GetFlagStatus
    spi.o(.text) refers to stm32f10x_rcc.o(.text) for RCC_APB2PeriphClockCmd
    spi.o(.text) refers to stm32f10x_gpio.o(.text) for GPIO_Init
    spi.o(.text) refers to spi.o(.bss) for SPI_InitStructure
    rtc.o(.text) refers to misc.o(.text) for NVIC_Init
    rtc.o(.text) refers to stm32f10x_rtc.o(.text) for RTC_WaitForLastTask
    rtc.o(.text) refers to stm32f10x_bkp.o(.text) for BKP_ReadBackupRegister
    rtc.o(.text) refers to stm32f10x_rcc.o(.text) for RCC_APB1PeriphClockCmd
    rtc.o(.text) refers to stm32f10x_pwr.o(.text) for PWR_BackupAccessCmd
    rtc.o(.text) refers to delay.o(.text) for delay_ms
    rtc.o(.text) refers to rtc.o(.constdata) for table_week
[...]
    .text                                    0x08006304   Section        0  ff.o(.text)
    mem_cpy                                  0x08006305   Thumb Code    26  ff.o(.text)
    mem_set                                  0x0800631f   Thumb Code    20  ff.o(.text)
    mem_cmp                                  0x08006333   Thumb Code    38  ff.o(.text)
    chk_chr                                  0x08006359   Thumb Code    20  ff.o(.text)
    move_window                              0x0800636d   Thumb Code   114  ff.o(.text)
    sync                                     0x080063df   Thumb Code   202  ff.o(.text)
    remove_chain                             0x080066dd   Thumb Code   104  ff.o(.text)
    create_chain                             0x08006745   Thumb Code   202  ff.o(.text)
    clmt_clust                               0x0800680f   Thumb Code    50  ff.o(.text)
    dir_sdi                                  0x08006841   Thumb Code   156  ff.o(.text)
    dir_next                                 0x080068dd   Thumb Code   278  ff.o(.text)
    cmp_lfn                                  0x080069f3   Thumb Code   138  ff.o(.text)
    pick_lfn                                 0x08006a7d   Thumb Code   112  ff.o(.text)
    fit_lfn                                  0x08006aed   Thumb Code   122  ff.o(.text)
    sum_sfn                                  0x08006c25   Thumb Code    32  ff.o(.text)
    dir_find                                 0x08006c45   Thumb Code   222  ff.o(.text)
    dir_read                                 0x08006d23   Thumb Code   188  ff.o(.text)
    dir_register                             0x08006ddf   Thumb Code   414  ff.o(.text)
    dir_remove                               0x08006f7d   Thumb Code    96  ff.o(.text)
    create_name                              0x08006fdd   Thumb Code   708  ff.o(.text)
    get_fileinfo                             0x080072a1   Thumb Code   316  ff.o(.text)
    follow_path                              0x080073dd   Thumb Code   208  ff.o(.text)
    check_fs                                 0x080074ad   Thumb Code   138  ff.o(.text)
    chk_mounted                              0x08007537   Thumb Code   870  ff.o(.text)
    validate                                 0x0800789d   Thumb Code    42  ff.o(.text)
    .text                                    0x08009338   Section        0  mycc936.o(.text)
    .text                                    0x08009400   Section        2  use_no_semi_2.o(.text)
    .text                                    0x08009402   Section      100  rt_memcpy_w.o(.text)
    .text                                    0x08009466   Section        0  heapauxi.o(.text)
    .text                                    0x0800946c   Section        2  use_no_semi.o(.text)
    .text                                    0x0800946e   Section        0  _rserrno.o(.text)
    .text                                    0x08009484   Section        8  rt_errno_addr_intlibspace.o(.text)
    .text                                    0x0800948c   Section        8  libspace.o(.text)
    .text                                    0x08009494   Section       74  sys_stackheap_outer.o(.text)
    .text                                    0x080094de   Section        0  exit.o(.text)
    i.sqrt                                   0x080094ea   Section        0  sqrt.o(i.sqrt)
    x$fpl$dcmpinf                            0x08009536   Section       24  dcmpi.o(x$fpl$dcmpinf)
    x$fpl$dfixu                              0x08009550   Section       90  dfixu.o(x$fpl$dfixu)
    x$fpl$dfltu                              0x080095aa   Section       38  dflt_clz.o(x$fpl$dfltu)
    x$fpl$dleqf                              0x080095d0   Section      120  dleqf.o(x$fpl$dleqf)
    x$fpl$dnaninf                            0x08009648   Section      156  dnaninf.o(x$fpl$dnaninf)
    x$fpl$dretinf                            0x080096e4   Section       12  dretinf.o(x$fpl$dretinf)
    x$fpl$drleqf                             0x080096f0   Section      108  drleqf.o(x$fpl$drleqf)
    x$fpl$dsqrt                              0x0800975c   Section      460  dsqrt_noumaal.o(x$fpl$dsqrt)
    x$fpl$f2d                                0x08009928   Section       86  f2d.o(x$fpl$f2d)
    x$fpl$fadd                               0x08009980   Section      196  faddsub_clz.o(x$fpl$fadd)
    _fadd1                                   0x0800998f   Thumb Code     0  faddsub_clz.o(x$fpl$fadd)
    x$fpl$fdiv                               0x08009a44   Section      388  fdiv.o(x$fpl$fdiv)
    _fdiv1                                   0x08009a45   Thumb Code     0  fdiv.o(x$fpl$fdiv)
    x$fpl$ffix                               0x08009bc8   Section       54  ffix.o(x$fpl$ffix)
    x$fpl$ffixu                              0x08009c00   Section       62  ffixu.o(x$fpl$ffixu)
    x$fpl$fflt                               0x08009c40   Section       48  fflt_clz.o(x$fpl$fflt)
    x$fpl$ffltu                              0x08009c70   Section       38  fflt_clz.o(x$fpl$ffltu)
    x$fpl$fmul                               0x08009c98   Section      258  fmul.o(x$fpl$fmul)
    x$fpl$fnaninf                            0x08009d9a   Section      140  fnaninf.o(x$fpl$fnaninf)
    x$fpl$fretinf                            0x08009e26   Section       10  fretinf.o(x$fpl$fretinf)
    x$fpl$frsb                               0x08009e30   Section       20  faddsub_clz.o(x$fpl$frsb)
    x$fpl$fsub                               0x08009e44   Section      234  faddsub_clz.o(x$fpl$fsub)
    _fsub1                                   0x08009e53   Thumb Code     0  faddsub_clz.o(x$fpl$fsub)
    .constdata                               0x08009f2e   Section     2660  lcd.o(.constdata)
    x$fpl$usenofp                            0x08009f2e   Section        0  usenofp.o(x$fpl$usenofp)
    .constdata                               0x0800a992   Section       60  rtc.o(.constdata)
    .constdata                               0x0800a9ce   Section       58  ff.o(.constdata)
    LfnOfs                                   0x0800a9ce   Data          13  ff.o(.constdata)
    vst                                      0x0800a9dc   Data          22  ff.o(.constdata)
    cst                                      0x0800a9f2   Data          22  ff.o(.constdata)
    .constdata                               0x0800aa08   Section      960  mycc936.o(.constdata)
    tbl_lower                                0x0800aa08   Data         480  mycc936.o(.constdata)
    tbl_upper                                0x0800abe8   Data         480  mycc936.o(.constdata)
    .conststring                             0x0800adc8   Section       89  main.o(.conststring)
    .conststring                             0x0800ae24   Section       55  fontupd.o(.conststring)
    .data                                    0x20000000   Section       36  main.o(.data)
    .data                                    0x20000024   Section       20  system_stm32f10x.o(.data)
    .data                                    0x20000038   Section        6  lcd.o(.data)
    .data                                    0x2000003e   Section        2  touch.o(.data)
    .data                                    0x20000040   Section        1  mmc_sd.o(.data)
    .data                                    0x20000042   Section        2  rtc.o(.data)
    daycnt                                   0x20000042   Data           2  rtc.o(.data)
    .data                                    0x20000044   Section       46  bmp180.o(.data)
    .data                                    0x20000072   Section        4  delay.o(.data)
    fac_us                                   0x20000072   Data           1  delay.o(.data)
    fac_ms                                   0x20000074   Data           2  delay.o(.data)
    .data                                    0x20000078   Section        5  usart.o(.data)
    .data                                    0x2000007d   Section       20  stm32f10x_rcc.o(.data)
    APBAHBPrescTable                         0x2000007d   Data          16  stm32f10x_rcc.o(.data)
    ADCPrescTable                            0x2000008d   Data           4  stm32f10x_rcc.o(.data)
    .data                                    0x20000094   Section       11  ff.o(.data)
    FatFs                                    0x20000094   Data           8  ff.o(.data)
    Fsid                                     0x2000009c   Data           2  ff.o(.data)
    CurrVol                                  0x2000009e   Data           1  ff.o(.data)
    .data                                    0x200000a0   Section       24  fontupd.o(.data)
    .bss                                     0x200000b8   Section     4096  flash.o(.bss)
    .bss                                     0x200010b8   Section       28  touch.o(.bss)
    .bss                                     0x200010d4   Section       18  spi.o(.bss)
    .bss                                     0x200010e6   Section       10  rtc.o(.bss)
    .bss                                     0x200010f0   Section       64  usart.o(.bss)
    .bss                                     0x20001130   Section      512  ff.o(.bss)
    LfnBuf                                   0x20001130   Data         512  ff.o(.bss)
    .bss                                     0x20001330   Section       96  libspace.o(.bss)
    HEAP                                     0x20001390   Section      512  startup_stm32f10x_md.o(HEAP)
    Heap_Mem                                 0x20001390   Data         512  startup_stm32f10x_md.o(HEAP)
    STACK                                    0x20001590   Section     1024  startup_stm32f10x_md.o(STACK)
    Stack_Mem                                0x20001590   Data        1024  startup_stm32f10x_md.o(STACK)
    __initial_sp                             0x20001990   Data           0  startup_stm32f10x_md.o(STACK)

    Global Symbols

    Symbol Name                              Value     Ov Type        Size  Object(Section)

    BuildAttributes$$THM_ISAv4$P$D$K$B$S$PE$A:L22UL41UL21$X:L11$S22US41US21$IEEE1$IW$USESV6$~STKCKD$USESV7$~SHL$OTIME$ROPI$IEEEJ$EBA8$UX$STANDARDLIB$REQ8$PRES8$EABIv2 0x00000000   Number         0  anon$$obj.o ABSOLUTE
    __ARM_use_no_argv                        0x00000000   Number         0  main.o ABSOLUTE
    __ARM_exceptions_init                     - Undefined Weak Reference
    __alloca_initialize                       - Undefined Weak Reference
    __arm_preinit_                            - Undefined Weak Reference
    __cpp_initialize__aeabi_                  - Undefined Weak Reference
    __cxa_finalize                            - Undefined Weak Reference
    __rt_locale                               - Undefined Weak Reference
    __sigvec_lookup                           - Undefined Weak Reference
    _atexit_init                              - Undefined Weak Reference
    _call_atexit_fns                          - Undefined Weak Reference
    _clock_init                               - Undefined Weak Reference
    _fp_trap_init                             - Undefined Weak Reference
    _fp_trap_shutdown                         - Undefined Weak Reference
    _get_lc_collate                           - Undefined Weak Reference
    _get_lc_ctype                             - Undefined Weak Reference
    _get_lc_monetary                          - Undefined Weak Reference
    _get_lc_numeric                           - Undefined Weak Reference
    _get_lc_time                              - Undefined Weak Reference
    _getenv_init                              - Undefined Weak Reference
    _handle_redirection                       - Undefined Weak Reference
    _init_alloc                               - Undefined Weak Reference
    _init_user_alloc                          - Undefined Weak Reference
    _initio                                   - Undefined Weak Reference
    _rand_init                                - Undefined Weak Reference
    _signal_finish                            - Undefined Weak Reference
    _signal_init                              - Undefined Weak Reference
    _terminate_alloc                          - Undefined Weak Reference
    _terminate_user_alloc                     - Undefined Weak Reference
    _terminateio                              - Undefined Weak Reference
    __Vectors_Size                           0x000000ec   Number         0  startup_stm32f10x_md.o ABSOLUTE
    __Vectors                                0x08000000   Data           4  startup_stm32f10x_md.o(RESET)
    __Vectors_End                            0x080000ec   Data           0  startup_stm32f10x_md.o(RESET)
    __main                                   0x080000ed   Thumb Code     8  __main.o(!!!main)
    __scatterload                            0x080000f5   Thumb Code     0  __scatter.o(!!!scatter)
    __scatterload_rt2                        0x080000f5   Thumb Code    44  __scatter.o(!!!scatter)
    __scatterload_rt2_thumb_only             0x080000f5   Thumb Code     0  __scatter.o(!!!scatter)
    __scatterload_null                       0x08000103   Thumb Code     0  __scatter.o(!!!scatter)
    __scatterload_copy                       0x08000129   Thumb Code    26  __scatter_copy.o(!!handler_copy)
    __scatterload_zeroinit                   0x08000145   Thumb Code    28  __scatter_zi.o(!!handler_zi)
    __rt_lib_init                            0x08000161   Thumb Code     0  libinit.o(.ARM.Collect$$libinit$$00000000)
    __rt_lib_init_alloca_1                   0x08000163   Thumb Code     0  libinit2.o(.ARM.Collect$$libinit$$0000002E)
    __rt_lib_init_argv_1                     0x08000163   Thumb Code     0  libinit2.o(.ARM.Collect$$libinit$$0000002C)
    __rt_lib_init_atexit_1                   0x08000163   Thumb Code     0  libinit2.o(.ARM.Collect$$libinit$$0000001B)
    __rt_lib_init_clock_1                    0x08000163   Thumb Code     0  libinit2.o(.ARM.Collect$$libinit$$00000021)
    __rt_lib_init_cpp_1                      0x08000163   Thumb Code     0  libinit2.o(.ARM.Collect$$libinit$$00000032)
    __rt_lib_init_exceptions_1               0x08000163   Thumb Code     0  libinit2.o(.ARM.Collect$$libinit$$00000030)
    __rt_lib_init_fp_1                       0x08000163   Thumb Code     0  libinit2.o(.ARM.Collect$$libinit$$00000002)
    __rt_lib_init_fp_trap_1                  0x08000163   Thumb Code     0  libinit2.o(.ARM.Collect$$libinit$$0000001F)
    __rt_lib_init_getenv_1                   0x08000163   Thumb Code     0  libinit2.o(.ARM.Collect$$libinit$$00000023)
    __rt_lib_init_heap_1                     0x08000163   Thumb Code     0  libinit2.o(.ARM.Collect$$libinit$$0000000A)
    __rt_lib_init_lc_collate_1               0x08000163   Thumb Code     0  libinit2.o(.ARM.Collect$$libinit$$00000011)
    __rt_lib_init_lc_ctype_1                 0x08000163   Thumb Code     0  libinit2.o(.ARM.Collect$$libinit$$00000013)
    __rt_lib_init_lc_monetary_1              0x08000163   Thumb Code     0  libinit2.o(.ARM.Collect$$libinit$$00000015)
    __rt_lib_init_lc_numeric_1               0x08000163   Thumb Code     0  libinit2.o(.ARM.Collect$$libinit$$00000017)
    __rt_lib_init_lc_time_1                  0x08000163   Thumb Code     0  libinit2.o(.ARM.Collect$$libinit$$00000019)
    __rt_lib_init_preinit_1                  0x08000163   Thumb Code     0  libinit2.o(.ARM.Collect$$libinit$$00000004)
    __rt_lib_init_rand_1                     0x08000163   Thumb Code     0  libinit2.o(.ARM.Collect$$libinit$$0000000E)
    __rt_lib_init_return                     0x08000163   Thumb Code     0  libinit2.o(.ARM.Collect$$libinit$$00000033)
    __rt_lib_init_signal_1                   0x08000163   Thumb Code     0  libinit2.o(.ARM.Collect$$libinit$$0000001D)
    __rt_lib_init_stdio_1                    0x08000163   Thumb Code     0  libinit2.o(.ARM.Collect$$libinit$$00000025)
    __rt_lib_init_user_alloc_1               0x08000163   Thumb Code     0  libinit2.o(.ARM.Collect$$libinit$$0000000C)
    __rt_lib_shutdown                        0x08000165   Thumb Code     0  libshutdown.o(.ARM.Collect$$libshutdown$$00000000)
    __rt_lib_shutdown_fp_trap_1              0x08000167   Thumb Code     0  libshutdown2.o(.ARM.Collect$$libshutdown$$00000006)
    __rt_lib_shutdown_heap_1                 0x08000167   Thumb Code     0  libshutdown2.o(.ARM.Collect$$libshutdown$$0000000E)
    __rt_lib_shutdown_return                 0x08000167   Thumb Code     0  libshutdown2.o(.ARM.Collect$$libshutdown$$0000000F)
    __rt_lib_shutdown_signal_1               0x08000167   Thumb Code     0  libshutdown2.o(.ARM.Collect$$libshutdown$$00000009)
    __rt_lib_shutdown_stdio_1                0x08000167   Thumb Code     0  libshutdown2.o(.ARM.Collect$$libshutdown$$00000003)
    __rt_lib_shutdown_user_alloc_1           0x08000167   Thumb Code     0  libshutdown2.o(.ARM.Collect$$libshutdown$$0000000B)
    __rt_entry                               0x08000169   Thumb Code     0  __rtentry.o(.ARM.Collect$$rtentry$$00000000)
    __rt_entry_presh_1                       0x08000169   Thumb Code     0  __rtentry2.o(.ARM.Collect$$rtentry$$00000002)
    __rt_entry_sh                            0x08000169   Thumb Code     0  __rtentry4.o(.ARM.Collect$$rtentry$$00000004)
    __rt_entry_li                            0x0800016f   Thumb Code     0  __rtentry2.o(.ARM.Collect$$rtentry$$0000000A)
    __rt_entry_postsh_1                      0x0800016f   Thumb Code     0  __rtentry2.o(.ARM.Collect$$rtentry$$00000009)
    __rt_entry_main                          0x08000173   Thumb Code     0  __rtentry2.o(.ARM.Collect$$rtentry$$0000000D)
    __rt_entry_postli_1                      0x08000173   Thumb Code     0  __rtentry2.o(.ARM.Collect$$rtentry$$0000000C)
    __rt_exit                                0x0800017b   Thumb Code     0  rtexit.o(.ARM.Collect$$rtexit$$00000000)
    __rt_exit_ls                             0x0800017d   Thumb Code     0  rtexit2.o(.ARM.Collect$$rtexit$$00000003)
    __rt_exit_prels_1                        0x0800017d   Thumb Code     0  rtexit2.o(.ARM.Collect$$rtexit$$00000002)
    __rt_exit_exit                           0x08000181   Thumb Code     0  rtexit2.o(.ARM.Collect$$rtexit$$00000004)
    Load_Drow_Dialog                         0x08000189   Thumb Code    36  main.o(.text)
    main                                     0x080001ad   Thumb Code   464  main.o(.text)
    NMI_Handler                              0x08000405   Thumb Code     2  stm32f10x_it.o(.text)
    HardFault_Handler                        0x08000407   Thumb Code     4  stm32f10x_it.o(.text)
    MemManage_Handler                        0x0800040b   Thumb Code     4  stm32f10x_it.o(.text)
    BusFault_Handler                         0x0800040f   Thumb Code     4  stm32f10x_it.o(.text)
    UsageFault_Handler                       0x08000413   Thumb Code     4  stm32f10x_it.o(.text)
    SVC_Handler                              0x08000417   Thumb Code     2  stm32f10x_it.o(.text)
    DebugMon_Handler                         0x08000419   Thumb Code     2  stm32f10x_it.o(.text)
    PendSV_Handler                           0x0800041b   Thumb Code     2  stm32f10x_it.o(.text)
    SysTick_Handler                          0x0800041d   Thumb Code     2  stm32f10x_it.o(.text)
    SystemInit                               0x080004ff   Thumb Code    78  system_stm32f10x.o(.text)
    SystemCoreClockUpdate                    0x0800054d   Thumb Code   142  system_stm32f10x.o(.text)
    LED_Init                                 0x08000601   Thumb Code    54  led.o(.text)
    Timerx_Init                              0x08000641   Thumb Code    98  timer.o(.text)
    TIM3_IRQHandler                          0x080006a3   Thumb Code    38  timer.o(.text)
    LCD_WR_REG                               0x080006d1   Thumb Code    72  lcd.o(.text)
    LCD_INIT_REG                             0x08000719   Thumb Code    44  lcd.o(.text)
    LCD_WriteRAM_Prepare                     0x08000745   Thumb Code    10  lcd.o(.text)
    LCD_SetCursor                            0x0800074f   Thumb Code   168  lcd.o(.text)
    LCD_DrawPoint                            0x080007f7   Thumb Code   102  lcd.o(.text)
    LCD_Clear                                0x0800085d   Thumb Code   108  lcd.o(.text)
    LCD_Init                                 0x080008c9   Thumb Code  2110  lcd.o(.text)
    LCD_Fill                                 0x08001107   Thumb Code   146  lcd.o(.text)
    LCD_DrawLine                             0x08001199   Thumb Code   176  lcd.o(.text)
    LCD_DrawRectangle                        0x08001249   Thumb Code    60  lcd.o(.text)
    Draw_Circle                              0x08001285   Thumb Code   190  lcd.o(.text)
    LCD_ShowChar                             0x08001343   Thumb Code   264  lcd.o(.text)
    mypow                                    0x0800144b   Thumb Code    22  lcd.o(.text)
    LCD_ShowNum                              0x08001461   Thumb Code   148  lcd.o(.text)
    LCD_Show2Num                             0x080014f5   Thumb Code    92  lcd.o(.text)
    LCD_ShowString                           0x08001551   Thumb Code    74  lcd.o(.text)
    LCD_ShowPic                              0x0800159b   Thumb Code   152  lcd.o(.text)
    SPI_Flash_Init                           0x0800164d   Thumb Code    40  flash.o(.text)
    SPI_Flash_ReadSR                         0x08001675   Thumb Code    36  flash.o(.text)
    SPI_FLASH_Write_SR                       0x08001699   Thumb Code    32  flash.o(.text)
    SPI_FLASH_Write_Enable                   0x080016b9   Thumb Code    24  flash.o(.text)
    SPI_FLASH_Write_Disable                  0x080016d1   Thumb Code    24  flash.o(.text)
    SPI_Flash_ReadID                         0x080016e9   Thumb Code    64  flash.o(.text)
    SPI_Flash_Read                           0x08001729   Thumb Code    74  flash.o(.text)
    SPI_Flash_Wait_Busy                      0x08001773   Thumb Code    18  flash.o(.text)
    SPI_Flash_Write_Page                     0x08001785   Thumb Code    80  flash.o(.text)
    SPI_Flash_Write_NoCheck                  0x080017d5   Thumb Code    70  flash.o(.text)
    SPI_Flash_Erase_Sector                   0x0800181b   Thumb Code    62  flash.o(.text)
    SPI_Flash_Write                          0x08001859   Thumb Code   176  flash.o(.text)
    SPI_Flash_Erase_Chip                     0x08001909   Thumb Code    36  flash.o(.text)
    SPI_Flash_PowerDown                      0x0800192d   Thumb Code    30  flash.o(.text)
    SPI_Flash_WAKEUP                         0x0800194b   Thumb Code    30  flash.o(.text)
    ADS_Write_Byte                           0x08001979   Thumb Code    56  touch.o(.text)
    ADS_Read_AD                              0x080019b1   Thumb Code   112  touch.o(.text)
    ADS_Read_XY                              0x08001a21   Thumb Code   124  touch.o(.text)
    Read_ADS                                 0x08001a9d   Thumb Code    50  touch.o(.text)
    Read_ADS2                                0x08001acf   Thumb Code   192  touch.o(.text)
    Pen_Int_Set                              0x08001b8f   Thumb Code    30  touch.o(.text)
    Read_TP_Once                             0x08001bad   Thumb Code    66  touch.o(.text)
    Drow_Touch_Point                         0x08001bef   Thumb Code    98  touch.o(.text)
    Draw_Big_Point                           0x08001c51   Thumb Code    44  touch.o(.text)
    Convert_Pos                              0x08001c7d   Thumb Code   118  touch.o(.text)
    EXTI0_IRQHandler                         0x08001cf3   Thumb Code    14  touch.o(.text)
    Save_Adjdata                             0x08001d01   Thumb Code   136  touch.o(.text)
    Get_Adjdata                              0x08001d89   Thumb Code   148  touch.o(.text)
    ADJ_INFO_SHOW                            0x08001e1d   Thumb Code    66  touch.o(.text)
    Touch_Adjust                             0x08001e5f   Thumb Code  2280  touch.o(.text)
    Touch_Init                               0x08002747   Thumb Code   178  touch.o(.text)
    AT24CXX_Init                             0x08002839   Thumb Code     8  24cxx.o(.text)
    AT24CXX_ReadOneByte                      0x08002841   Thumb Code    88  24cxx.o(.text)
    AT24CXX_WriteOneByte                     0x08002899   Thumb Code    80  24cxx.o(.text)
    AT24CXX_WriteLenByte                     0x080028e9   Thumb Code    42  24cxx.o(.text)
    AT24CXX_ReadLenByte                      0x08002913   Thumb Code    44  24cxx.o(.text)
    AT24CXX_Check                            0x0800293f   Thumb Code    46  24cxx.o(.text)
    AT24CXX_Read                             0x0800296d   Thumb Code    34  24cxx.o(.text)
    AT24CXX_Write                            0x0800298f   Thumb Code    36  24cxx.o(.text)
    IIC_Init                                 0x080029b5   Thumb Code    64  myiic.o(.text)
    SDA_IN                                   0x080029f5   Thumb Code    38  myiic.o(.text)
    SDA_OUT                                  0x08002a1b   Thumb Code    38  myiic.o(.text)
    IIC_Start                                0x08002a41   Thumb Code    50  myiic.o(.text)
    IIC_Stop                                 0x08002a73   Thumb Code    44  myiic.o(.text)
    IIC_Wait_Ack                             0x08002a9f   Thumb Code    68  myiic.o(.text)
    IIC_Ack                                  0x08002ae3   Thumb Code    48  myiic.o(.text)
    IIC_NAck                                 0x08002b13   Thumb Code    48  myiic.o(.text)
    IIC_Send_Byte                            0x08002b43   Thumb Code    72  myiic.o(.text)
    IIC_Read_Byte                            0x08002b8b   Thumb Code    80  myiic.o(.text)
    SD_SPI_ReadWriteByte                     0x08002be9   Thumb Code    12  mmc_sd.o(.text)
    SD_SPI_SpeedLow                          0x08002bf5   Thumb Code    10  mmc_sd.o(.text)
    SD_SPI_SpeedHigh                         0x08002bff   Thumb Code    10  mmc_sd.o(.text)
    SD_SPI_Init                              0x08002c09   Thumb Code    60  mmc_sd.o(.text)
    SD_DisSelect                             0x08002c45   Thumb Code    16  mmc_sd.o(.text)
    SD_WaitReady                             0x08002c55   Thumb Code    34  mmc_sd.o(.text)
    SD_Select                                0x08002c77   Thumb Code    26  mmc_sd.o(.text)
    SD_GetResponse                           0x08002c91   Thumb Code    38  mmc_sd.o(.text)
    SD_RecvData                              0x08002cb7   Thumb Code    56  mmc_sd.o(.text)
    SD_SendBlock                             0x08002cef   Thumb Code    82  mmc_sd.o(.text)
    SD_SendCmd                               0x08002d41   Thumb Code   120  mmc_sd.o(.text)
    SD_GetCID                                0x08002db9   Thumb Code    42  mmc_sd.o(.text)
    SD_GetCSD                                0x08002de3   Thumb Code    42  mmc_sd.o(.text)
    SD_GetSectorCount                        0x08002e0d   Thumb Code   118  mmc_sd.o(.text)
    SD_Idle_Sta                              0x08002e83   Thumb Code    74  mmc_sd.o(.text)
    SD_Initialize                            0x08002ecd   Thumb Code   400  mmc_sd.o(.text)
    SD_ReadDisk                              0x0800305d   Thumb Code   112  mmc_sd.o(.text)
    SD_WriteDisk                             0x080030cd   Thumb Code   140  mmc_sd.o(.text)
    SPIx_ReadWriteByte                       0x0800315d   Thumb Code    78  spi.o(.text)
    SPIx_Init                                0x080031ab   Thumb Code   106  spi.o(.text)
    SPIx_SetSpeed                            0x08003215   Thumb Code    26  spi.o(.text)
    RTC_NVIC_Config                          0x0800323d   Thumb Code    34  rtc.o(.text)
    RTC_Get_Week                             0x0800325f   Thumb Code   116  rtc.o(.text)
    Is_Leap_Year                             0x080032d3   Thumb Code    58  rtc.o(.text)
    RTC_Get                                  0x0800330d   Thumb Code   246  rtc.o(.text)
    RTC_Set                                  0x08003403   Thumb Code   172  rtc.o(.text)
    RTC_Init                                 0x080034af   Thumb Code   186  rtc.o(.text)
    RTC_IRQHandler                           0x08003569   Thumb Code    82  rtc.o(.text)
    str_cmpx                                 0x080035bb   Thumb Code    36  rtc.o(.text)
    Auto_Time_Set                            0x080035df   Thumb Code   256  rtc.o(.text)
    string_shift                             0x0800370d   Thumb Code    78  bmp180.o(.text)
    DATA_printf                              0x0800375b   Thumb Code    84  bmp180.o(.text)
    I2C_delay                                0x080037af   Thumb Code    16  bmp180.o(.text)
    I2C_Stop                                 0x080037bf   Thumb Code    56  bmp180.o(.text)
    I2C_Gpio_Init                            0x080037f7   Thumb Code    44  bmp180.o(.text)
    i2c_SDA_input                            0x08003823   Thumb Code    26  bmp180.o(.text)
    i2c_SDA_output                           0x0800383d   Thumb Code    32  bmp180.o(.text)
    delay5ms                                 0x0800385d   Thumb Code    14  bmp180.o(.text)
    I2C_Start                                0x0800386b   Thumb Code    56  bmp180.o(.text)
    I2C_SendACK                              0x080038a3   Thumb Code    58  bmp180.o(.text)
    I2C_RecvACK                              0x080038dd   Thumb Code    64  bmp180.o(.text)
    I2C_SendByte                             0x0800391d   Thumb Code    82  bmp180.o(.text)
    I2C_RecvByte                             0x0800396f   Thumb Code    76  bmp180.o(.text)
    Single_WriteI2C                          0x080039bb   Thumb Code    36  bmp180.o(.text)
    Single_ReadI2C                           0x080039df   Thumb Code    54  bmp180.o(.text)
    Multiple_read                            0x08003a15   Thumb Code    78  bmp180.o(.text)
    InitBMP180                               0x08003a63   Thumb Code   136  bmp180.o(.text)
    bmp180ReadTemp                           0x08003aeb   Thumb Code    96  bmp180.o(.text)
    bmp180ReadPressure                       0x08003b4b   Thumb Code    50  bmp180.o(.text)
    bmp180Convert                            0x08003b7d   Thumb Code   240  bmp180.o(.text)
    bmp180_conversion                        0x08003c6d   Thumb Code   128  bmp180.o(.text)
    DATA_Diplay                              0x08003ced   Thumb Code   142  bmp180.o(.text)
    BMP180_Test                              0x08003d7b   Thumb Code    20  bmp180.o(.text)
    delay_init                               0x08003df1   Thumb Code    52  delay.o(.text)
    delay_ms                                 0x08003e25   Thumb Code    56  delay.o(.text)
    delay_us                                 0x08003e5d   Thumb Code    56  delay.o(.text)
    NVIC_Configuration                       0x08003e9d   Thumb Code    12  sys.o(.text)
    _sys_exit                                0x08003ea9   Thumb Code     6  usart.o(.text)
    fputc                                    0x08003eaf   Thumb Code    24  usart.o(.text)
    uart_init                                0x08003ec7   Thumb Code   152  usart.o(.text)
    USART1_IRQHandler                        0x08003f5f   Thumb Code   122  usart.o(.text)
    UART1_SendString                         0x08003fd9   Thumb Code    42  usart.o(.text)
    Reset_Handler                            0x08004015   Thumb Code     8  startup_stm32f10x_md.o(.text)
    ADC1_2_IRQHandler                        0x0800402f   Thumb Code     0  startup_stm32f10x_md.o(.text)
    CAN1_RX1_IRQHandler                      0x0800402f   Thumb Code     0  startup_stm32f10x_md.o(.text)
    CAN1_SCE_IRQHandler                      0x0800402f   Thumb Code     0  startup_stm32f10x_md.o(.text)
    DMA1_Channel1_IRQHandler                 0x0800402f   Thumb Code     0  startup_stm32f10x_md.o(.text)
    DMA1_Channel2_IRQHandler                 0x0800402f   Thumb Code     0  startup_stm32f10x_md.o(.text)
    DMA1_Channel3_IRQHandler                 0x0800402f   Thumb Code     0  startup_stm32f10x_md.o(.text)
    DMA1_Channel4_IRQHandler                 0x0800402f   Thumb Code     0  startup_stm32f10x_md.o(.text)
    DMA1_Channel5_IRQHandler                 0x0800402f   Thumb Code     0  startup_stm32f10x_md.o(.text)
    DMA1_Channel6_IRQHandler                 0x0800402f   Thumb Code     0  startup_stm32f10x_md.o(.text)
    DMA1_Channel7_IRQHandler                 0x0800402f   Thumb Code     0  startup_stm32f10x_md.o(.text)
    EXTI15_10_IRQHandler                     0x0800402f   Thumb Code     0  startup_stm32f10x_md.o(.text)
    EXTI1_IRQHandler                         0x0800402f   Thumb Code     0  startup_stm32f10x_md.o(.text)
    EXTI2_IRQHandler                         0x0800402f   Thumb Code     0  startup_stm32f10x_md.o(.text)
    EXTI3_IRQHandler                         0x0800402f   Thumb Code     0  startup_stm32f10x_md.o(.text)
    EXTI4_IRQHandler                         0x0800402f   Thumb Code     0  startup_stm32f10x_md.o(.text)
    EXTI9_5_IRQHandler                       0x0800402f   Thumb Code     0  startup_stm32f10x_md.o(.text)
    FLASH_IRQHandler                         0x0800402f   Thumb Code     0  startup_stm32f10x_md.o(.text)
    I2C1_ER_IRQHandler                       0x0800402f   Thumb Code     0  startup_stm32f10x_md.o(.text)
    I2C1_EV_IRQHandler                       0x0800402f   Thumb Code     0  startup_stm32f10x_md.o(.text)
    I2C2_ER_IRQHandler                       0x0800402f   Thumb Code     0  startup_stm32f10x_md.o(.text)
    I2C2_EV_IRQHandler                       0x0800402f   Thumb Code     0  startup_stm32f10x_md.o(.text)
    PVD_IRQHandler                           0x0800402f   Thumb Code     0  startup_stm32f10x_md.o(.text)
    RCC_IRQHandler                           0x0800402f   Thumb Code     0  startup_stm32f10x_md.o(.text)
    RTCAlarm_IRQHandler                      0x0800402f   Thumb Code     0  startup_stm32f10x_md.o(.text)
    SPI1_IRQHandler                          0x0800402f   Thumb Code     0  startup_stm32f10x_md.o(.text)
    SPI2_IRQHandler                          0x0800402f   Thumb Code     0  startup_stm32f10x_md.o(.text)
    TAMPER_IRQHandler                        0x0800402f   Thumb Code     0  startup_stm32f10x_md.o(.text)
    TIM1_BRK_IRQHandler                      0x0800402f   Thumb Code     0  startup_stm32f10x_md.o(.text)
    TIM1_CC_IRQHandler                       0x0800402f   Thumb Code     0  startup_stm32f10x_md.o(.text)
    TIM1_TRG_COM_IRQHandler                  0x0800402f   Thumb Code     0  startup_stm32f10x_md.o(.text)
    TIM1_UP_IRQHandler                       0x0800402f   Thumb Code     0  startup_stm32f10x_md.o(.text)
    TIM2_IRQHandler                          0x0800402f   Thumb Code     0  startup_stm32f10x_md.o(.text)
    TIM4_IRQHandler                          0x0800402f   Thumb Code     0  startup_stm32f10x_md.o(.text)
    USART2_IRQHandler                        0x0800402f   Thumb Code     0  startup_stm32f10x_md.o(.text)
    USART3_IRQHandler                        0x0800402f   Thumb Code     0  startup_stm32f10x_md.o(.text)
    USBWakeUp_IRQHandler                     0x0800402f   Thumb Code     0  startup_stm32f10x_md.o(.text)
    USB_HP_CAN1_TX_IRQHandler                0x0800402f   Thumb Code     0  startup_stm32f10x_md.o(.text)
    USB_LP_CAN1_RX0_IRQHandler               0x0800402f   Thumb Code     0  startup_stm32f10x_md.o(.text)
    WWDG_IRQHandler                          0x0800402f   Thumb Code     0  startup_stm32f10x_md.o(.text)
    __user_initial_stackheap                 0x08004031   Thumb Code     0  startup_stm32f10x_md.o(.text)
    NVIC_PriorityGroupConfig                 0x08004055   Thumb Code    10  misc.o(.text)
    NVIC_Init                                0x0800405f   Thumb Code   100  misc.o(.text)
    NVIC_SetVectorTable                      0x080040c3   Thumb Code    14  misc.o(.text)
    NVIC_SystemLPConfig                      0x080040d1   Thumb Code    34  misc.o(.text)
    SysTick_CLKSourceConfig                  0x080040f3   Thumb Code    40  misc.o(.text)
    BKP_DeInit                               0x08004131   Thumb Code    16  stm32f10x_bkp.o(.text)
    BKP_TamperPinLevelConfig                 0x08004141   Thumb Code     6  stm32f10x_bkp.o(.text)
    BKP_TamperPinCmd                         0x08004147   Thumb Code     8  stm32f10x_bkp.o(.text)
    BKP_ITConfig                             0x0800414f   Thumb Code     8  stm32f10x_bkp.o(.text)
    BKP_RTCOutputConfig                      0x08004157   Thumb Code    22  stm32f10x_bkp.o(.text)
    BKP_SetRTCCalibrationValue               0x0800416d   Thumb Code    22  stm32f10x_bkp.o(.text)
    BKP_WriteBackupRegister                  0x08004183   Thumb Code    24  stm32f10x_bkp.o(.text)
    BKP_ReadBackupRegister                   0x0800419b   Thumb Code    26  stm32f10x_bkp.o(.text)
    BKP_GetFlagStatus                        0x080041b5   Thumb Code    10  stm32f10x_bkp.o(.text)
    BKP_ClearFlag                            0x080041bf   Thumb Code    18  stm32f10x_bkp.o(.text)
    BKP_GetITStatus                          0x080041d1   Thumb Code    10  stm32f10x_bkp.o(.text)
    BKP_ClearITPendingBit                    0x080041db   Thumb Code    18  stm32f10x_bkp.o(.text)
    EXTI_DeInit                              0x080041f5   Thumb Code    28  stm32f10x_exti.o(.text)
    EXTI_Init                                0x08004211   Thumb Code   142  stm32f10x_exti.o(.text)
    EXTI_StructInit                          0x0800429f   Thumb Code    16  stm32f10x_exti.o(.text)
    EXTI_GenerateSWInterrupt                 0x080042af   Thumb Code    16  stm32f10x_exti.o(.text)
    EXTI_GetFlagStatus                       0x080042bf   Thumb Code    22  stm32f10x_exti.o(.text)
    EXTI_ClearFlag                           0x080042d5   Thumb Code     8  stm32f10x_exti.o(.text)
    EXTI_GetITStatus                         0x080042dd   Thumb Code    34  stm32f10x_exti.o(.text)
    EXTI_ClearITPendingBit                   0x080042ff   Thumb Code     8  stm32f10x_exti.o(.text)
    GPIO_DeInit                              0x08004311   Thumb Code   172  stm32f10x_gpio.o(.text)
    GPIO_AFIODeInit                          0x080043bd   Thumb Code    20  stm32f10x_gpio.o(.text)
    GPIO_Init                                0x080043d1   Thumb Code   278  stm32f10x_gpio.o(.text)
    GPIO_StructInit                          0x080044e7   Thumb Code    16  stm32f10x_gpio.o(.text)
    GPIO_ReadInputDataBit                    0x080044f7   Thumb Code    18  stm32f10x_gpio.o(.text)
    GPIO_ReadInputData                       0x08004509   Thumb Code     8  stm32f10x_gpio.o(.text)
    GPIO_ReadOutputDataBit                   0x08004511   Thumb Code    18  stm32f10x_gpio.o(.text)
    GPIO_ReadOutputData                      0x08004523   Thumb Code     8  stm32f10x_gpio.o(.text)
    GPIO_SetBits                             0x0800452b   Thumb Code     4  stm32f10x_gpio.o(.text)
    GPIO_ResetBits                           0x0800452f   Thumb Code     4  stm32f10x_gpio.o(.text)
    GPIO_WriteBit                            0x08004533   Thumb Code    10  stm32f10x_gpio.o(.text)
    GPIO_Write                               0x0800453d   Thumb Code     4  stm32f10x_gpio.o(.text)
    GPIO_PinLockConfig                       0x08004541   Thumb Code    18  stm32f10x_gpio.o(.text)
    GPIO_EventOutputConfig                   0x08004553   Thumb Code    26  stm32f10x_gpio.o(.text)
    GPIO_EventOutputCmd                      0x0800456d   Thumb Code     6  stm32f10x_gpio.o(.text)
    GPIO_PinRemapConfig                      0x08004573   Thumb Code   138  stm32f10x_gpio.o(.text)
    GPIO_EXTILineConfig                      0x080045fd   Thumb Code    66  stm32f10x_gpio.o(.text)
    GPIO_ETH_MediaInterfaceConfig            0x0800463f   Thumb Code     8  stm32f10x_gpio.o(.text)
    PWR_DeInit                               0x0800466d   Thumb Code    22  stm32f10x_pwr.o(.text)
    PWR_BackupAccessCmd                      0x08004683   Thumb Code     6  stm32f10x_pwr.o(.text)
    PWR_PVDCmd                               0x08004689   Thumb Code     6  stm32f10x_pwr.o(.text)
    PWR_PVDLevelConfig                       0x0800468f   Thumb Code    18  stm32f10x_pwr.o(.text)
    PWR_WakeUpPinCmd                         0x080046a1   Thumb Code     8  stm32f10x_pwr.o(.text)
    PWR_EnterSTOPMode                        0x080046a9   Thumb Code    54  stm32f10x_pwr.o(.text)
    PWR_EnterSTANDBYMode                     0x080046df   Thumb Code    42  stm32f10x_pwr.o(.text)
    PWR_GetFlagStatus                        0x08004709   Thumb Code    20  stm32f10x_pwr.o(.text)
    PWR_ClearFlag                            0x0800471d   Thumb Code    14  stm32f10x_pwr.o(.text)
    RCC_DeInit                               0x08004739   Thumb Code    64  stm32f10x_rcc.o(.text)
    RCC_HSEConfig                            0x08004779   Thumb Code    70  stm32f10x_rcc.o(.text)
    RCC_GetFlagStatus                        0x080047bf   Thumb Code    56  stm32f10x_rcc.o(.text)
    RCC_WaitForHSEStartUp                    0x080047f7   Thumb Code    56  stm32f10x_rcc.o(.text)
    RCC_AdjustHSICalibrationValue            0x0800482f   Thumb Code    20  stm32f10x_rcc.o(.text)
    RCC_HSICmd                               0x08004843   Thumb Code     6  stm32f10x_rcc.o(.text)
    RCC_PLLConfig                            0x08004849   Thumb Code    24  stm32f10x_rcc.o(.text)
    RCC_PLLCmd                               0x08004861   Thumb Code     6  stm32f10x_rcc.o(.text)
    RCC_SYSCLKConfig                         0x08004867   Thumb Code    18  stm32f10x_rcc.o(.text)
    RCC_GetSYSCLKSource                      0x08004879   Thumb Code    10  stm32f10x_rcc.o(.text)
    RCC_HCLKConfig                           0x08004883   Thumb Code    18  stm32f10x_rcc.o(.text)
    RCC_PCLK1Config                          0x08004895   Thumb Code    18  stm32f10x_rcc.o(.text)
    RCC_PCLK2Config                          0x080048a7   Thumb Code    20  stm32f10x_rcc.o(.text)
    RCC_ITConfig                             0x080048bb   Thumb Code    26  stm32f10x_rcc.o(.text)
    RCC_USBCLKConfig                         0x080048d5   Thumb Code     8  stm32f10x_rcc.o(.text)
    RCC_ADCCLKConfig                         0x080048dd   Thumb Code    18  stm32f10x_rcc.o(.text)
    RCC_LSEConfig                            0x080048ef   Thumb Code    50  stm32f10x_rcc.o(.text)
    RCC_LSICmd                               0x08004921   Thumb Code     6  stm32f10x_rcc.o(.text)
    RCC_RTCCLKConfig                         0x08004927   Thumb Code    12  stm32f10x_rcc.o(.text)
    RCC_RTCCLKCmd                            0x08004933   Thumb Code     8  stm32f10x_rcc.o(.text)
    RCC_GetClocksFreq                        0x0800493b   Thumb Code   192  stm32f10x_rcc.o(.text)
    RCC_AHBPeriphClockCmd                    0x080049fb   Thumb Code    26  stm32f10x_rcc.o(.text)
    RCC_APB2PeriphClockCmd                   0x08004a15   Thumb Code    26  stm32f10x_rcc.o(.text)
    RCC_APB1PeriphClockCmd                   0x08004a2f   Thumb Code    26  stm32f10x_rcc.o(.text)
    RCC_APB2PeriphResetCmd                   0x08004a49   Thumb Code    26  stm32f10x_rcc.o(.text)
    RCC_APB1PeriphResetCmd                   0x08004a63   Thumb Code    26  stm32f10x_rcc.o(.text)
    RCC_BackupResetCmd                       0x08004a7d   Thumb Code     8  stm32f10x_rcc.o(.text)
    RCC_ClockSecuritySystemCmd               0x08004a85   Thumb Code     6  stm32f10x_rcc.o(.text)
    RCC_MCOConfig                            0x08004a8b   Thumb Code     6  stm32f10x_rcc.o(.text)
    RCC_ClearFlag                            0x08004a91   Thumb Code    14  stm32f10x_rcc.o(.text)
    RCC_GetITStatus                          0x08004a9f   Thumb Code    20  stm32f10x_rcc.o(.text)
    RCC_ClearITPendingBit                    0x08004ab3   Thumb Code     6  stm32f10x_rcc.o(.text)
    RTC_ITConfig                             0x08004add   Thumb Code    26  stm32f10x_rtc.o(.text)
    RTC_EnterConfigMode                      0x08004af7   Thumb Code    18  stm32f10x_rtc.o(.text)
    RTC_ExitConfigMode                       0x08004b09   Thumb Code    20  stm32f10x_rtc.o(.text)
    RTC_GetCounter                           0x08004b1d   Thumb Code    18  stm32f10x_rtc.o(.text)
    RTC_SetCounter                           0x08004b2f   Thumb Code    26  stm32f10x_rtc.o(.text)
    RTC_SetPrescaler                         0x08004b49   Thumb Code    28  stm32f10x_rtc.o(.text)
    RTC_SetAlarm                             0x08004b65   Thumb Code    26  stm32f10x_rtc.o(.text)
    RTC_GetDivider                           0x08004b7f   Thumb Code    22  stm32f10x_rtc.o(.text)
    RTC_WaitForLastTask                      0x08004b95   Thumb Code    18  stm32f10x_rtc.o(.text)
    RTC_WaitForSynchro                       0x08004ba7   Thumb Code    36  stm32f10x_rtc.o(.text)
    RTC_GetFlagStatus                        0x08004bcb   Thumb Code    22  stm32f10x_rtc.o(.text)
    RTC_ClearFlag                            0x08004be1   Thumb Code    16  stm32f10x_rtc.o(.text)
    RTC_GetITStatus                          0x08004bf1   Thumb Code    32  stm32f10x_rtc.o(.text)
    RTC_ClearITPendingBit                    0x08004c11   Thumb Code    16  stm32f10x_rtc.o(.text)
    SPI_I2S_DeInit                           0x08004c25   Thumb Code    76  stm32f10x_spi.o(.text)
    SPI_Init                                 0x08004c71   Thumb Code    60  stm32f10x_spi.o(.text)
    I2S_Init                                 0x08004cad   Thumb Code   226  stm32f10x_spi.o(.text)
    SPI_StructInit                           0x08004d8f   Thumb Code    24  stm32f10x_spi.o(.text)
    I2S_StructInit                           0x08004da7   Thumb Code    20  stm32f10x_spi.o(.text)
    SPI_Cmd                                  0x08004dbb   Thumb Code    24  stm32f10x_spi.o(.text)
    I2S_Cmd                                  0x08004dd3   Thumb Code    24  stm32f10x_spi.o(.text)
    SPI_I2S_ITConfig                         0x08004deb   Thumb Code    32  stm32f10x_spi.o(.text)
    SPI_I2S_DMACmd                           0x08004e0b   Thumb Code    18  stm32f10x_spi.o(.text)
    SPI_I2S_SendData                         0x08004e1d   Thumb Code     4  stm32f10x_spi.o(.text)
    SPI_I2S_ReceiveData                      0x08004e21   Thumb Code     6  stm32f10x_spi.o(.text)
    SPI_NSSInternalSoftwareConfig            0x08004e27   Thumb Code    30  stm32f10x_spi.o(.text)
    SPI_SSOutputCmd                          0x08004e45   Thumb Code    24  stm32f10x_spi.o(.text)
    SPI_DataSizeConfig                       0x08004e5d   Thumb Code    18  stm32f10x_spi.o(.text)
    SPI_TransmitCRC                          0x08004e6f   Thumb Code    10  stm32f10x_spi.o(.text)
    SPI_CalculateCRC                         0x08004e79   Thumb Code    24  stm32f10x_spi.o(.text)
    SPI_GetCRC                               0x08004e91   Thumb Code    16  stm32f10x_spi.o(.text)
    SPI_GetCRCPolynomial                     0x08004ea1   Thumb Code     6  stm32f10x_spi.o(.text)
    SPI_BiDirectionalLineConfig              0x08004ea7   Thumb Code    28  stm32f10x_spi.o(.text)
    SPI_I2S_GetFlagStatus                    0x08004ec3   Thumb Code    18  stm32f10x_spi.o(.text)
    SPI_I2S_ClearFlag                        0x08004ed5   Thumb Code     6  stm32f10x_spi.o(.text)
    SPI_I2S_GetITStatus                      0x08004edb   Thumb Code    52  stm32f10x_spi.o(.text)
    SPI_I2S_ClearITPendingBit                0x08004f0f   Thumb Code    20  stm32f10x_spi.o(.text)
    TIM_DeInit                               0x08004f31   Thumb Code   424  stm32f10x_tim.o(.text)
    TIM_TimeBaseInit                         0x080050d9   Thumb Code   122  stm32f10x_tim.o(.text)
    TIM_OC1Init                              0x08005153   Thumb Code   132  stm32f10x_tim.o(.text)
    TIM_OC2Init                              0x080051d7   Thumb Code   154  stm32f10x_tim.o(.text)
    TIM_OC3Init                              0x08005271   Thumb Code   150  stm32f10x_tim.o(.text)
    TIM_OC4Init                              0x08005307   Thumb Code   182  stm32f10x_tim.o(.text)
    TIM_SetIC4Prescaler                      0x080053bd   Thumb Code    26  stm32f10x_tim.o(.text)
    TIM_SetIC3Prescaler                      0x08005459   Thumb Code    18  stm32f10x_tim.o(.text)
    TIM_SetIC2Prescaler                      0x080054e5   Thumb Code    26  stm32f10x_tim.o(.text)
    TIM_SetIC1Prescaler                      0x08005581   Thumb Code    18  stm32f10x_tim.o(.text)
    TIM_ICInit                               0x080055ff   Thumb Code   150  stm32f10x_tim.o(.text)
    TIM_PWMIConfig                           0x08005695   Thumb Code   124  stm32f10x_tim.o(.text)
    TIM_BDTRConfig                           0x08005711   Thumb Code    32  stm32f10x_tim.o(.text)
    TIM_TimeBaseStructInit                   0x08005731   Thumb Code    18  stm32f10x_tim.o(.text)
    TIM_OCStructInit                         0x08005743   Thumb Code    20  stm32f10x_tim.o(.text)
    TIM_ICStructInit                         0x08005757   Thumb Code    18  stm32f10x_tim.o(.text)
    TIM_BDTRStructInit                       0x08005769   Thumb Code    40  stm32f10x_tim.o(.text)
    TIM_Cmd                                  0x08005791   Thumb Code    24  stm32f10x_tim.o(.text)
    TIM_CtrlPWMOutputs                       0x080057a9   Thumb Code    30  stm32f10x_tim.o(.text)
    TIM_ITConfig                             0x080057c7   Thumb Code    18  stm32f10x_tim.o(.text)
    TIM_GenerateEvent                        0x080057d9   Thumb Code     4  stm32f10x_tim.o(.text)
    TIM_DMAConfig                            0x080057dd   Thumb Code    10  stm32f10x_tim.o(.text)
    TIM_DMACmd                               0x080057e7   Thumb Code    18  stm32f10x_tim.o(.text)
    TIM_InternalClockConfig                  0x080057f9   Thumb Code    12  stm32f10x_tim.o(.text)
    TIM_SelectInputTrigger                   0x08005805   Thumb Code    18  stm32f10x_tim.o(.text)
    TIM_ITRxExternalClockConfig              0x08005817   Thumb Code    24  stm32f10x_tim.o(.text)
    TIM_TIxExternalClockConfig               0x0800582f   Thumb Code    62  stm32f10x_tim.o(.text)
    TIM_ETRConfig                            0x0800586d   Thumb Code    28  stm32f10x_tim.o(.text)
    TIM_ETRClockMode1Config                  0x08005889   Thumb Code    54  stm32f10x_tim.o(.text)
    TIM_ETRClockMode2Config                  0x080058bf   Thumb Code    32  stm32f10x_tim.o(.text)
    TIM_PrescalerConfig                      0x080058df   Thumb Code     6  stm32f10x_tim.o(.text)
    TIM_CounterModeConfig                    0x080058e5   Thumb Code    18  stm32f10x_tim.o(.text)
    TIM_EncoderInterfaceConfig               0x080058f7   Thumb Code    66  stm32f10x_tim.o(.text)
    TIM_ForcedOC1Config                      0x08005939   Thumb Code    18  stm32f10x_tim.o(.text)
    TIM_ForcedOC2Config                      0x0800594b   Thumb Code    26  stm32f10x_tim.o(.text)
    TIM_ForcedOC3Config                      0x08005965   Thumb Code    18  stm32f10x_tim.o(.text)
    TIM_ForcedOC4Config                      0x08005977   Thumb Code    26  stm32f10x_tim.o(.text)
    TIM_ARRPreloadConfig                     0x08005991   Thumb Code    24  stm32f10x_tim.o(.text)
    TIM_SelectCOM                            0x080059a9   Thumb Code    24  stm32f10x_tim.o(.text)
    TIM_SelectCCDMA                          0x080059c1   Thumb Code    24  stm32f10x_tim.o(.text)
    TIM_CCPreloadControl                     0x080059d9   Thumb Code    24  stm32f10x_tim.o(.text)
    TIM_OC1PreloadConfig                     0x080059f1   Thumb Code    18  stm32f10x_tim.o(.text)
    TIM_OC2PreloadConfig                     0x08005a03   Thumb Code    26  stm32f10x_tim.o(.text)
    TIM_OC3PreloadConfig                     0x08005a1d   Thumb Code    18  stm32f10x_tim.o(.text)
    TIM_OC4PreloadConfig                     0x08005a2f   Thumb Code    26  stm32f10x_tim.o(.text)
    TIM_OC1FastConfig                        0x08005a49   Thumb Code    18  stm32f10x_tim.o(.text)
    TIM_OC2FastConfig                        0x08005a5b   Thumb Code    26  stm32f10x_tim.o(.text)
    TIM_OC3FastConfig                        0x08005a75   Thumb Code    18  stm32f10x_tim.o(.text)
    TIM_OC4FastConfig                        0x08005a87   Thumb Code    26  stm32f10x_tim.o(.text)
    TIM_ClearOC1Ref                          0x08005aa1   Thumb Code    18  stm32f10x_tim.o(.text)
    TIM_ClearOC2Ref                          0x08005ab3   Thumb Code    24  stm32f10x_tim.o(.text)
    TIM_ClearOC3Ref                          0x08005acb   Thumb Code    18  stm32f10x_tim.o(.text)
    TIM_ClearOC4Ref                          0x08005add   Thumb Code    24  stm32f10x_tim.o(.text)
    TIM_OC1PolarityConfig                    0x08005af5   Thumb Code    18  stm32f10x_tim.o(.text)
    TIM_OC1NPolarityConfig                   0x08005b07   Thumb Code    18  stm32f10x_tim.o(.text)
    TIM_OC2PolarityConfig                    0x08005b19   Thumb Code    26  stm32f10x_tim.o(.text)
    TIM_OC2NPolarityConfig                   0x08005b33   Thumb Code    26  stm32f10x_tim.o(.text)
    TIM_OC3PolarityConfig                    0x08005b4d   Thumb Code    26  stm32f10x_tim.o(.text)
    TIM_OC3NPolarityConfig                   0x08005b67   Thumb Code    26  stm32f10x_tim.o(.text)
    TIM_OC4PolarityConfig                    0x08005b81   Thumb Code    26  stm32f10x_tim.o(.text)
    TIM_CCxCmd                               0x08005b9b   Thumb Code    30  stm32f10x_tim.o(.text)
    TIM_CCxNCmd                              0x08005bb9   Thumb Code    30  stm32f10x_tim.o(.text)
    TIM_SelectOCxM                           0x08005bd7   Thumb Code    82  stm32f10x_tim.o(.text)
    TIM_UpdateDisableConfig                  0x08005c29   Thumb Code    24  stm32f10x_tim.o(.text)
    TIM_UpdateRequestConfig                  0x08005c41   Thumb Code    24  stm32f10x_tim.o(.text)
    TIM_SelectHallSensor                     0x08005c59   Thumb Code    24  stm32f10x_tim.o(.text)
    TIM_SelectOnePulseMode                   0x08005c71   Thumb Code    18  stm32f10x_tim.o(.text)
    TIM_SelectOutputTrigger                  0x08005c83   Thumb Code    18  stm32f10x_tim.o(.text)
    TIM_SelectSlaveMode                      0x08005c95   Thumb Code    18  stm32f10x_tim.o(.text)
    TIM_SelectMasterSlaveMode                0x08005ca7   Thumb Code    18  stm32f10x_tim.o(.text)
    TIM_SetCounter                           0x08005cb9   Thumb Code     4  stm32f10x_tim.o(.text)
    TIM_SetAutoreload                        0x08005cbd   Thumb Code     4  stm32f10x_tim.o(.text)
    TIM_SetCompare1                          0x08005cc1   Thumb Code     4  stm32f10x_tim.o(.text)
    TIM_SetCompare2                          0x08005cc5   Thumb Code     4  stm32f10x_tim.o(.text)
    TIM_SetCompare3                          0x08005cc9   Thumb Code     4  stm32f10x_tim.o(.text)
    TIM_SetCompare4                          0x08005ccd   Thumb Code     6  stm32f10x_tim.o(.text)
    TIM_SetClockDivision                     0x08005cd3   Thumb Code    18  stm32f10x_tim.o(.text)
    TIM_GetCapture1                          0x08005ce5   Thumb Code     6  stm32f10x_tim.o(.text)
    TIM_GetCapture2                          0x08005ceb   Thumb Code     6  stm32f10x_tim.o(.text)
    TIM_GetCapture3                          0x08005cf1   Thumb Code     6  stm32f10x_tim.o(.text)
    TIM_GetCapture4                          0x08005cf7   Thumb Code     8  stm32f10x_tim.o(.text)
    TIM_GetCounter                           0x08005cff   Thumb Code     6  stm32f10x_tim.o(.text)
    TIM_GetPrescaler                         0x08005d05   Thumb Code     6  stm32f10x_tim.o(.text)
    TIM_GetFlagStatus                        0x08005d0b   Thumb Code    18  stm32f10x_tim.o(.text)
    TIM_ClearFlag                            0x08005d1d   Thumb Code     6  stm32f10x_tim.o(.text)
    TIM_GetITStatus                          0x08005d23   Thumb Code    34  stm32f10x_tim.o(.text)
    TIM_ClearITPendingBit                    0x08005d45   Thumb Code     6  stm32f10x_tim.o(.text)
    USART_DeInit                             0x08005d4d   Thumb Code   134  stm32f10x_usart.o(.text)
    USART_Init                               0x08005dd3   Thumb Code   210  stm32f10x_usart.o(.text)
    USART_StructInit                         0x08005ea5   Thumb Code    24  stm32f10x_usart.o(.text)
    USART_ClockInit                          0x08005ebd   Thumb Code    34  stm32f10x_usart.o(.text)
    USART_ClockStructInit                    0x08005edf   Thumb Code    12  stm32f10x_usart.o(.text)
    USART_Cmd                                0x08005eeb   Thumb Code    24  stm32f10x_usart.o(.text)
    USART_ITConfig                           0x08005f03   Thumb Code    74  stm32f10x_usart.o(.text)
    USART_DMACmd                             0x08005f4d   Thumb Code    18  stm32f10x_usart.o(.text)
    USART_SetAddress                         0x08005f5f   Thumb Code    18  stm32f10x_usart.o(.text)
    USART_WakeUpConfig                       0x08005f71   Thumb Code    18  stm32f10x_usart.o(.text)
    USART_ReceiverWakeUpCmd                  0x08005f83   Thumb Code    24  stm32f10x_usart.o(.text)
    USART_LINBreakDetectLengthConfig         0x08005f9b   Thumb Code    18  stm32f10x_usart.o(.text)
    USART_LINCmd                             0x08005fad   Thumb Code    24  stm32f10x_usart.o(.text)
    USART_SendData                           0x08005fc5   Thumb Code     8  stm32f10x_usart.o(.text)
    USART_ReceiveData                        0x08005fcd   Thumb Code    10  stm32f10x_usart.o(.text)
    USART_SendBreak                          0x08005fd7   Thumb Code    10  stm32f10x_usart.o(.text)
    USART_SetGuardTime                       0x08005fe1   Thumb Code    16  stm32f10x_usart.o(.text)
    USART_SetPrescaler                       0x08005ff1   Thumb Code    16  stm32f10x_usart.o(.text)
    USART_SmartCardCmd                       0x08006001   Thumb Code    24  stm32f10x_usart.o(.text)
    USART_SmartCardNACKCmd                   0x08006019   Thumb Code    24  stm32f10x_usart.o(.text)
    USART_HalfDuplexCmd                      0x08006031   Thumb Code    24  stm32f10x_usart.o(.text)
    USART_OverSampling8Cmd                   0x08006049   Thumb Code    22  stm32f10x_usart.o(.text)
    USART_OneBitMethodCmd                    0x0800605f   Thumb Code    24  stm32f10x_usart.o(.text)
    USART_IrDAConfig                         0x08006077   Thumb Code    18  stm32f10x_usart.o(.text)
    USART_IrDACmd                            0x08006089   Thumb Code    24  stm32f10x_usart.o(.text)
    USART_GetFlagStatus                      0x080060a1   Thumb Code    26  stm32f10x_usart.o(.text)
    USART_ClearFlag                          0x080060bb   Thumb Code    18  stm32f10x_usart.o(.text)
    USART_GetITStatus                        0x080060cd   Thumb Code    84  stm32f10x_usart.o(.text)
    USART_ClearITPendingBit                  0x08006121   Thumb Code    52  stm32f10x_usart.o(.text)
    disk_initialize                          0x08006155   Thumb Code    60  diskio.o(.text)
    disk_status                              0x08006191   Thumb Code     6  diskio.o(.text)
    disk_read                                0x08006197   Thumb Code   102  diskio.o(.text)
    disk_write                               0x080061fd   Thumb Code   102  diskio.o(.text)
    disk_ioctl                               0x08006263   Thumb Code   154  diskio.o(.text)
    get_fattime                              0x080062fd   Thumb Code     4  diskio.o(.text)
    clust2sect                               0x080064a9   Thumb Code    26  ff.o(.text)
    get_fat                                  0x080064c3   Thumb Code   228  ff.o(.text)
    put_fat                                  0x080065a7   Thumb Code   310  ff.o(.text)
    gen_numname                              0x08006b67   Thumb Code   190  ff.o(.text)
    f_mount                                  0x080078c7   Thumb Code    62  ff.o(.text)
    f_open                                   0x08007905   Thumb Code   370  ff.o(.text)
    f_read                                   0x08007a77   Thumb Code   476  ff.o(.text)
    f_write                                  0x08007c53   Thumb Code   548  ff.o(.text)
    f_sync                                   0x08007e77   Thumb Code   184  ff.o(.text)
    f_close                                  0x08007f2f   Thumb Code    22  ff.o(.text)
    f_chdrive                                0x08007f45   Thumb Code    18  ff.o(.text)
    f_chdir                                  0x08007f57   Thumb Code   104  ff.o(.text)
    f_lseek                                  0x08007fbf   Thumb Code   734  ff.o(.text)
    f_opendir                                0x0800829d   Thumb Code   114  ff.o(.text)
    f_readdir                                0x0800830f   Thumb Code   102  ff.o(.text)
    f_stat                                   0x08008375   Thumb Code    62  ff.o(.text)
    f_getfree                                0x080083b3   Thumb Code   276  ff.o(.text)
    f_truncate                               0x080084c7   Thumb Code   156  ff.o(.text)
    f_unlink                                 0x08008563   Thumb Code   202  ff.o(.text)
    f_mkdir                                  0x0800862d   Thumb Code   406  ff.o(.text)
    f_chmod                                  0x080087c3   Thumb Code   100  ff.o(.text)
    f_utime                                  0x08008827   Thumb Code   102  ff.o(.text)
    f_rename                                 0x0800888d   Thumb Code   306  ff.o(.text)
    f_mkfs                                   0x080089bf   Thumb Code  1524  ff.o(.text)
    f_gets                                   0x08008fb3   Thumb Code    78  ff.o(.text)
    f_putc                                   0x08009001   Thumb Code    38  ff.o(.text)
    f_puts                                   0x08009027   Thumb Code    98  ff.o(.text)
    f_printf                                 0x08009089   Thumb Code   686  ff.o(.text)
    ff_convert                               0x08009339   Thumb Code   140  mycc936.o(.text)
    ff_wtoupper                              0x080093c5   Thumb Code    46  mycc936.o(.text)
    __use_no_semihosting                     0x08009401   Thumb Code     2  use_no_semi_2.o(.text)
    __aeabi_memcpy4                          0x08009403   Thumb Code     0  rt_memcpy_w.o(.text)
    __aeabi_memcpy8                          0x08009403   Thumb Code     0  rt_memcpy_w.o(.text)
    __rt_memcpy_w                            0x08009403   Thumb Code   100  rt_memcpy_w.o(.text)
    _memcpy_lastbytes_aligned                0x0800944b   Thumb Code     0  rt_memcpy_w.o(.text)
    __use_two_region_memory                  0x08009467   Thumb Code     2  heapauxi.o(.text)
    __rt_heap_escrow$2region                 0x08009469   Thumb Code     2  heapauxi.o(.text)
    __rt_heap_expand$2region                 0x0800946b   Thumb Code     2  heapauxi.o(.text)
    __I$use$semihosting                      0x0800946d   Thumb Code     0  use_no_semi.o(.text)
    __use_no_semihosting_swi                 0x0800946d   Thumb Code     2  use_no_semi.o(.text)
    __read_errno                             0x0800946f   Thumb Code    10  _rserrno.o(.text)
    __set_errno                              0x08009479   Thumb Code    12  _rserrno.o(.text)
    __aeabi_errno_addr                       0x08009485   Thumb Code     8  rt_errno_addr_intlibspace.o(.text)
    __errno$intlibspace                      0x08009485   Thumb Code     0  rt_errno_addr_intlibspace.o(.text)
    __rt_errno_addr$intlibspace              0x08009485   Thumb Code     0  rt_errno_addr_intlibspace.o(.text)
    __user_libspace                          0x0800948d   Thumb Code     8  libspace.o(.text)
    __user_perproc_libspace                  0x0800948d   Thumb Code     0  libspace.o(.text)
    __user_perthread_libspace                0x0800948d   Thumb Code     0  libspace.o(.text)
    __user_setup_stackheap                   0x08009495   Thumb Code    74  sys_stackheap_outer.o(.text)
    exit                                     0x080094df   Thumb Code    12  exit.o(.text)
    sqrt                                     0x080094eb   Thumb Code    76  sqrt.o(i.sqrt)
    __fpl_dcmp_Inf                           0x08009537   Thumb Code    24  dcmpi.o(x$fpl$dcmpinf)
    __aeabi_d2uiz                            0x08009551   Thumb Code     0  dfixu.o(x$fpl$dfixu)
    _dfixu                                   0x08009551   Thumb Code    90  dfixu.o(x$fpl$dfixu)
    __aeabi_ui2d                             0x080095ab   Thumb Code     0  dflt_clz.o(x$fpl$dfltu)
    _dfltu                                   0x080095ab   Thumb Code    38  dflt_clz.o(x$fpl$dfltu)
    __aeabi_cdcmple                          0x080095d1   Thumb Code     0  dleqf.o(x$fpl$dleqf)
    _dcmple                                  0x080095d1   Thumb Code   120  dleqf.o(x$fpl$dleqf)
    __fpl_dcmple_InfNaN                      0x08009633   Thumb Code     0  dleqf.o(x$fpl$dleqf)
    __fpl_dnaninf                            0x08009649   Thumb Code   156  dnaninf.o(x$fpl$dnaninf)
    __fpl_dretinf                            0x080096e5   Thumb Code    12  dretinf.o(x$fpl$dretinf)
    __aeabi_cdrcmple                         0x080096f1   Thumb Code     0  drleqf.o(x$fpl$drleqf)
    _drcmple                                 0x080096f1   Thumb Code   108  drleqf.o(x$fpl$drleqf)
    _dsqrt                                   0x0800975d   Thumb Code   456  dsqrt_noumaal.o(x$fpl$dsqrt)
    __aeabi_f2d                              0x08009929   Thumb Code     0  f2d.o(x$fpl$f2d)
    _f2d                                     0x08009929   Thumb Code    86  f2d.o(x$fpl$f2d)
    __aeabi_fadd                             0x08009981   Thumb Code     0  faddsub_clz.o(x$fpl$fadd)
    _fadd                                    0x08009981   Thumb Code   196  faddsub_clz.o(x$fpl$fadd)
    __aeabi_fdiv                             0x08009a45   Thumb Code     0  fdiv.o(x$fpl$fdiv)
    _fdiv                                    0x08009a45   Thumb Code   384  fdiv.o(x$fpl$fdiv)
    __aeabi_f2iz                             0x08009bc9   Thumb Code     0  ffix.o(x$fpl$ffix)
    _ffix                                    0x08009bc9   Thumb Code    54  ffix.o(x$fpl$ffix)
    __aeabi_f2uiz                            0x08009c01   Thumb Code     0  ffixu.o(x$fpl$ffixu)
    _ffixu                                   0x08009c01   Thumb Code    62  ffixu.o(x$fpl$ffixu)
    __aeabi_i2f                              0x08009c41   Thumb Code     0  fflt_clz.o(x$fpl$fflt)
    _fflt                                    0x08009c41   Thumb Code    48  fflt_clz.o(x$fpl$fflt)
    __aeabi_ui2f                             0x08009c71   Thumb Code     0  fflt_clz.o(x$fpl$ffltu)
    _ffltu                                   0x08009c71   Thumb Code    38  fflt_clz.o(x$fpl$ffltu)
    __aeabi_fmul                             0x08009c99   Thumb Code     0  fmul.o(x$fpl$fmul)
    _fmul                                    0x08009c99   Thumb Code   258  fmul.o(x$fpl$fmul)
    __fpl_fnaninf                            0x08009d9b   Thumb Code   140  fnaninf.o(x$fpl$fnaninf)
    __fpl_fretinf                            0x08009e27   Thumb Code    10  fretinf.o(x$fpl$fretinf)
    __aeabi_frsub                            0x08009e31   Thumb Code     0  faddsub_clz.o(x$fpl$frsb)
    _frsb                                    0x08009e31   Thumb Code    20  faddsub_clz.o(x$fpl$frsb)
    __aeabi_fsub                             0x08009e45   Thumb Code     0  faddsub_clz.o(x$fpl$fsub)
    _fsub                                    0x08009e45   Thumb Code   234  faddsub_clz.o(x$fpl$fsub)
    __I$use$fp                               0x08009f2e   Number         0  usenofp.o(x$fpl$usenofp)
    asc2_1206                                0x08009f2e   Data        1140  lcd.o(.constdata)
    asc2_1608                                0x0800a3a2   Data        1520  lcd.o(.constdata)
    table_week                               0x0800a992   Data          12  rtc.o(.constdata)
    mon_table                                0x0800a99e   Data          12  rtc.o(.constdata)
    Month_Tab                                0x0800a9aa   Data          36  rtc.o(.constdata)
    Region$$Table$$Base                      0x0800ae5c   Number         0  anon$$obj.o(Region$$Table)
    Region$$Table$$Limit                     0x0800ae7c   Number         0  anon$$obj.o(Region$$Table)
    COMPILED_DATE                            0x20000000   Data           4  main.o(.data)
    COMPILED_TIME                            0x20000004   Data           4  main.o(.data)
    Week                                     0x20000008   Data          28  main.o(.data)
    SystemCoreClock                          0x20000024   Data           4  system_stm32f10x.o(.data)
    AHBPrescTable                            0x20000028   Data          16  system_stm32f10x.o(.data)
    DeviceCode                               0x20000038   Data           2  lcd.o(.data)
    POINT_COLOR                              0x2000003a   Data           2  lcd.o(.data)
    BACK_COLOR                               0x2000003c   Data           2  lcd.o(.data)
    CMD_RDX                                  0x2000003e   Data           1  touch.o(.data)
    CMD_RDY                                  0x2000003f   Data           1  touch.o(.data)
    SD_Type                                  0x20000040   Data           1  mmc_sd.o(.data)
    ge                                       0x20000044   Data           1  bmp180.o(.data)
    shi                                      0x20000045   Data           1  bmp180.o(.data)
    bai                                      0x20000046   Data           1  bmp180.o(.data)
    qian                                     0x20000047   Data           1  bmp180.o(.data)
    wan                                      0x20000048   Data           1  bmp180.o(.data)
    shiwan                                   0x20000049   Data           1  bmp180.o(.data)
    ac1                                      0x2000004a   Data           2  bmp180.o(.data)
    ac2                                      0x2000004c   Data           2  bmp180.o(.data)
    ac3                                      0x2000004e   Data           2  bmp180.o(.data)
    ac4                                      0x20000050   Data           2  bmp180.o(.data)
    ac5                                      0x20000052   Data           2  bmp180.o(.data)
    ac6                                      0x20000054   Data           2  bmp180.o(.data)
    b1                                       0x20000056   Data           2  bmp180.o(.data)
    b2                                       0x20000058   Data           2  bmp180.o(.data)
    mb                                       0x2000005a   Data           2  bmp180.o(.data)
    mc                                       0x2000005c   Data           2  bmp180.o(.data)
    md                                       0x2000005e   Data           2  bmp180.o(.data)
    temperature                              0x20000060   Data           4  bmp180.o(.data)
    pressure                                 0x20000064   Data           4  bmp180.o(.data)
    tempdat                                  0x20000068   Data           4  bmp180.o(.data)
    outdata                                  0x2000006c   Data           6  bmp180.o(.data)
    __stdout                                 0x20000078   Data           4  usart.o(.data)
    USART_RX_STA                             0x2000007c   Data           1  usart.o(.data)
    ftinfo                                   0x200000a0   Data          16  fontupd.o(.data)
    GBK16_SDPATH                             0x200000b0   Data           4  fontupd.o(.data)
    UNIGBK_SDPATH                            0x200000b4   Data           4  fontupd.o(.data)
    SPI_FLASH_BUF                            0x200000b8   Data        4096  flash.o(.bss)
    Pen_Point                                0x200010b8   Data          28  touch.o(.bss)
    SPI_InitStructure                        0x200010d4   Data          18  spi.o(.bss)
    timer                                    0x200010e6   Data          10  rtc.o(.bss)
    USART_RX_BUF                             0x200010f0   Data          64  usart.o(.bss)
    __libspace_start                         0x20001330   Data          96  libspace.o(.bss)
    __temporary_stack_top$libspace           0x20001390   Data           0  libspace.o(.bss)



==============================================================================

Memory Map of the image

  Image Entry point : 0x080000ed

  Load Region LR_IROM1 (Base: 0x08000000, Size: 0x0000af34, Max: 0x00020000, ABSOLUTE)

    Execution Region ER_IROM1 (Base: 0x08000000, Size: 0x0000ae7c, Max: 0x00020000, ABSOLUTE)

    Base Addr    Size         Type   Attr      Idx    E Section Name        Object

    0x08000000   0x000000ec   Data   RO          491    RESET               startup_stm32f10x_md.o
    0x080000ec   0x00000008   Code   RO          921  * !!!main             c_w.l(__main.o)
    0x080000f4   0x00000034   Code   RO         1153    !!!scatter          c_w.l(__scatter.o)
    0x08000128   0x0000001a   Code   RO         1155    !!handler_copy      c_w.l(__scatter_copy.o)
    0x08000142   0x00000002   PAD
    0x08000144   0x0000001c   Code   RO         1157    !!handler_zi        c_w.l(__scatter_zi.o)
    0x08000160   0x00000002   Code   RO         1031    .ARM.Collect$$libinit$$00000000  c_w.l(libinit.o)
    0x08000162   0x00000000   Code   RO         1035    .ARM.Collect$$libinit$$00000002  c_w.l(libinit2.o)
    0x08000162   0x00000000   Code   RO         1037    .ARM.Collect$$libinit$$00000004  c_w.l(libinit2.o)
    0x08000162   0x00000000   Code   RO         1040    .ARM.Collect$$libinit$$0000000A  c_w.l(libinit2.o)
    0x08000162   0x00000000   Code   RO         1042    .ARM.Collect$$libinit$$0000000C  c_w.l(libinit2.o)
    0x08000162   0x00000000   Code   RO         1044    .ARM.Collect$$libinit$$0000000E  c_w.l(libinit2.o)
    0x08000162   0x00000000   Code   RO         1047    .ARM.Collect$$libinit$$00000011  c_w.l(libinit2.o)
    0x08000162   0x00000000   Code   RO         1049    .ARM.Collect$$libinit$$00000013  c_w.l(libinit2.o)
    0x08000162   0x00000000   Code   RO         1051    .ARM.Collect$$libinit$$00000015  c_w.l(libinit2.o)
    0x08000162   0x00000000   Code   RO         1053    .ARM.Collect$$libinit$$00000017  c_w.l(libinit2.o)
    0x08000162   0x00000000   Code   RO         1055    .ARM.Collect$$libinit$$00000019  c_w.l(libinit2.o)
    0x08000162   0x00000000   Code   RO         1057    .ARM.Collect$$libinit$$0000001B  c_w.l(libinit2.o)
    0x08000162   0x00000000   Code   RO         1059    .ARM.Collect$$libinit$$0000001D  c_w.l(libinit2.o)
    0x08000162   0x00000000   Code   RO         1061    .ARM.Collect$$libinit$$0000001F  c_w.l(libinit2.o)
    0x08000162   0x00000000   Code   RO         1063    .ARM.Collect$$libinit$$00000021  c_w.l(libinit2.o)
    0x08000162   0x00000000   Code   RO         1065    .ARM.Collect$$libinit$$00000023  c_w.l(libinit2.o)
    0x08000162   0x00000000   Code   RO         1067    .ARM.Collect$$libinit$$00000025  c_w.l(libinit2.o)
    0x08000162   0x00000000   Code   RO         1071    .ARM.Collect$$libinit$$0000002C  c_w.l(libinit2.o)
    0x08000162   0x00000000   Code   RO         1073    .ARM.Collect$$libinit$$0000002E  c_w.l(libinit2.o)
    0x08000162   0x00000000   Code   RO         1075    .ARM.Collect$$libinit$$00000030  c_w.l(libinit2.o)
    0x08000162   0x00000000   Code   RO         1077    .ARM.Collect$$libinit$$00000032  c_w.l(libinit2.o)
    0x08000162   0x00000002   Code   RO         1078    .ARM.Collect$$libinit$$00000033  c_w.l(libinit2.o)
    0x08000164   0x00000002   Code   RO         1096    .ARM.Collect$$libshutdown$$00000000  c_w.l(libshutdown.o)
    0x08000166   0x00000000   Code   RO         1107    .ARM.Collect$$libshutdown$$00000003  c_w.l(libshutdown2.o)
    0x08000166   0x00000000   Code   RO         1110    .ARM.Collect$$libshutdown$$00000006  c_w.l(libshutdown2.o)
    0x08000166   0x00000000   Code   RO         1113    .ARM.Collect$$libshutdown$$00000009  c_w.l(libshutdown2.o)
    0x08000166   0x00000000   Code   RO         1115    .ARM.Collect$$libshutdown$$0000000B  c_w.l(libshutdown2.o)
    0x08000166   0x00000000   Code   RO         1118    .ARM.Collect$$libshutdown$$0000000E  c_w.l(libshutdown2.o)
    0x08000166   0x00000002   Code   RO         1119    .ARM.Collect$$libshutdown$$0000000F  c_w.l(libshutdown2.o)
    0x08000168   0x00000000   Code   RO          981    .ARM.Collect$$rtentry$$00000000  c_w.l(__rtentry.o)
    0x08000168   0x00000000   Code   RO         1000    .ARM.Collect$$rtentry$$00000002  c_w.l(__rtentry2.o)
    0x08000168   0x00000006   Code   RO         1012    .ARM.Collect$$rtentry$$00000004  c_w.l(__rtentry4.o)
    0x0800016e   0x00000000   Code   RO         1002    .ARM.Collect$$rtentry$$00000009  c_w.l(__rtentry2.o)
    0x0800016e   0x00000004   Code   RO         1003    .ARM.Collect$$rtentry$$0000000A  c_w.l(__rtentry2.o)
    0x08000172   0x00000000   Code   RO         1005    .ARM.Collect$$rtentry$$0000000C  c_w.l(__rtentry2.o)
    0x08000172   0x00000008   Code   RO         1006    .ARM.Collect$$rtentry$$0000000D  c_w.l(__rtentry2.o)
    0x0800017a   0x00000002   Code   RO         1032    .ARM.Collect$$rtexit$$00000000  c_w.l(rtexit.o)
    0x0800017c   0x00000000   Code   RO         1080    .ARM.Collect$$rtexit$$00000002  c_w.l(rtexit2.o)
    0x0800017c   0x00000004   Code   RO         1081    .ARM.Collect$$rtexit$$00000003  c_w.l(rtexit2.o)
    0x08000180   0x00000006   Code   RO         1082    .ARM.Collect$$rtexit$$00000004  c_w.l(rtexit2.o)
    0x08000186   0x00000002   PAD
    0x08000188   0x0000027c   Code   RO            1    .text               main.o
    0x08000404   0x0000001a   Code   RO          180    .text               stm32f10x_it.o
    0x0800041e   0x00000002   PAD
    0x08000420   0x000001e0   Code   RO          221    .text               system_stm32f10x.o
    0x08000600   0x00000040   Code   RO          239    .text               led.o
    0x08000640   0x00000090   Code   RO          251    .text               timer.o
    0x080006d0   0x00000f7c   Code   RO          266    .text               lcd.o
    0x0800164c   0x0000032c   Code   RO          295    .text               flash.o
    0x08001978   0x00000ec0   Code   RO          313    .text               touch.o
    0x08002838   0x0000017a   Code   RO          336    .text               24cxx.o
    0x080029b2   0x00000002   PAD
    0x080029b4   0x00000234   Code   RO          348    .text               myiic.o
    0x08002be8   0x00000574   Code   RO          360    .text               mmc_sd.o
    0x0800315c   0x000000e0   Code   RO          378    .text               spi.o
    0x0800323c   0x000004d0   Code   RO          393    .text               rtc.o
    0x0800370c   0x000006e4   Code   RO          414    .text               bmp180.o
    0x08003df0   0x000000ac   Code   RO          429    .text               delay.o
    0x08003e9c   0x0000000c   Code   RO          443    .text               sys.o
    0x08003ea8   0x0000016c   Code   RO          455    .text               usart.o
    0x08004014   0x00000040   Code   RO          492    .text               startup_stm32f10x_md.o
    0x08004054   0x000000dc   Code   RO          496    .text               misc.o
    0x08004130   0x000000c4   Code   RO          520    .text               stm32f10x_bkp.o
    0x080041f4   0x0000011c   Code   RO          604    .text               stm32f10x_exti.o
    0x08004310   0x0000035c   Code   RO          640    .text               stm32f10x_gpio.o
    0x0800466c   0x000000cc   Code   RO          676    .text               stm32f10x_pwr.o
    0x08004738   0x000003a4   Code   RO          688    .text               stm32f10x_rcc.o
    0x08004adc   0x00000148   Code   RO          702    .text               stm32f10x_rtc.o
    0x08004c24   0x0000030c   Code   RO          726    .text               stm32f10x_spi.o
    0x08004f30   0x00000e1a   Code   RO          738    .text               stm32f10x_tim.o
    0x08005d4a   0x00000002   PAD
    0x08005d4c   0x00000408   Code   RO          750    .text               stm32f10x_usart.o
    0x08006154   0x000001b0   Code   RO          774    .text               diskio.o
    0x08006304   0x00003032   Code   RO          786    .text               ff.o
    0x08009336   0x00000002   PAD
    0x08009338   0x000000c8   Code   RO          808    .text               mycc936.o
    0x08009400   0x00000002   Code   RO          911    .text               c_w.l(use_no_semi_2.o)
    0x08009402   0x00000064   Code   RO          915    .text               c_w.l(rt_memcpy_w.o)
    0x08009466   0x00000006   Code   RO          919    .text               c_w.l(heapauxi.o)
    0x0800946c   0x00000002   Code   RO          979    .text               c_w.l(use_no_semi.o)
    0x0800946e   0x00000016   Code   RO          982    .text               c_w.l(_rserrno.o)
    0x08009484   0x00000008   Code   RO         1017    .text               c_w.l(rt_errno_addr_intlibspace.o)
    0x0800948c   0x00000008   Code   RO         1019    .text               c_w.l(libspace.o)
    0x08009494   0x0000004a   Code   RO         1022    .text               c_w.l(sys_stackheap_outer.o)
    0x080094de   0x0000000c   Code   RO         1024    .text               c_w.l(exit.o)
    0x080094ea   0x0000004c   Code   RO          972    i.sqrt              m_ws.l(sqrt.o)
    0x08009536   0x00000018   Code   RO          984    x$fpl$dcmpinf       fz_ws.l(dcmpi.o)
    0x0800954e   0x00000002   PAD
    0x08009550   0x0000005a   Code   RO          923    x$fpl$dfixu         fz_ws.l(dfixu.o)
    0x080095aa   0x00000026   Code   RO          927    x$fpl$dfltu         fz_ws.l(dflt_clz.o)
    0x080095d0   0x00000078   Code   RO          933    x$fpl$dleqf         fz_ws.l(dleqf.o)
    0x08009648   0x0000009c   Code   RO          986    x$fpl$dnaninf       fz_ws.l(dnaninf.o)
    0x080096e4   0x0000000c   Code   RO          988    x$fpl$dretinf       fz_ws.l(dretinf.o)
    0x080096f0   0x0000006c   Code   RO          935    x$fpl$drleqf        fz_ws.l(drleqf.o)
    0x0800975c   0x000001cc   Code   RO          990    x$fpl$dsqrt         fz_ws.l(dsqrt_noumaal.o)
    0x08009928   0x00000056   Code   RO          937    x$fpl$f2d           fz_ws.l(f2d.o)
    0x0800997e   0x00000002   PAD
    0x08009980   0x000000c4   Code   RO          939    x$fpl$fadd          fz_ws.l(faddsub_clz.o)
    0x08009a44   0x00000184   Code   RO          946    x$fpl$fdiv          fz_ws.l(fdiv.o)
    0x08009bc8   0x00000036   Code   RO          951    x$fpl$ffix          fz_ws.l(ffix.o)
    0x08009bfe   0x00000002   PAD
    0x08009c00   0x0000003e   Code   RO          955    x$fpl$ffixu         fz_ws.l(ffixu.o)
    0x08009c3e   0x00000002   PAD
    0x08009c40   0x00000030   Code   RO          960    x$fpl$fflt          fz_ws.l(fflt_clz.o)
    0x08009c70   0x00000026   Code   RO          959    x$fpl$ffltu         fz_ws.l(fflt_clz.o)
    0x08009c96   0x00000002   PAD
    0x08009c98   0x00000102   Code   RO          967    x$fpl$fmul          fz_ws.l(fmul.o)
    0x08009d9a   0x0000008c   Code   RO          994    x$fpl$fnaninf       fz_ws.l(fnaninf.o)
    0x08009e26   0x0000000a   Code   RO          996    x$fpl$fretinf       fz_ws.l(fretinf.o)
    0x08009e30   0x00000014   Code   RO          940    x$fpl$frsb          fz_ws.l(faddsub_clz.o)
    0x08009e44   0x000000ea   Code   RO          941    x$fpl$fsub          fz_ws.l(faddsub_clz.o)
    0x08009f2e   0x00000000   Code   RO          998    x$fpl$usenofp       fz_ws.l(usenofp.o)
    0x08009f2e   0x00000a64   Data   RO          267    .constdata          lcd.o
    0x0800a992   0x0000003c   Data   RO          395    .constdata          rtc.o
    0x0800a9ce   0x0000003a   Data   RO          788    .constdata          ff.o
    0x0800aa08   0x000003c0   Data   RO          809    .constdata          mycc936.o
    0x0800adc8   0x00000059   Data   RO            2    .conststring        main.o
    0x0800ae21   0x00000003   PAD
    0x0800ae24   0x00000037   Data   RO          849    .conststring        fontupd.o
    0x0800ae5b   0x00000001   PAD
    0x0800ae5c   0x00000020   Data   RO         1151    Region$$Table       anon$$obj.o


    Execution Region RW_IRAM1 (Base: 0x20000000, Size: 0x00001990, Max: 0x00005000, ABSOLUTE)

    Base Addr    Size         Type   Attr      Idx    E Section Name        Object

    0x20000000   0x00000024   Data   RW            3    .data               main.o
    0x20000024   0x00000014   Data   RW          222    .data               system_stm32f10x.o
    0x20000038   0x00000006   Data   RW          268    .data               lcd.o
    0x2000003e   0x00000002   Data   RW          315    .data               touch.o
    0x20000040   0x00000001   Data   RW          361    .data               mmc_sd.o
    0x20000041   0x00000001   PAD
    0x20000042   0x00000002   Data   RW          396    .data               rtc.o
    0x20000044   0x0000002e   Data   RW          415    .data               bmp180.o
    0x20000072   0x00000004   Data   RW          430    .data               delay.o
    0x20000076   0x00000002   PAD
    0x20000078   0x00000005   Data   RW          457    .data               usart.o
    0x2000007d   0x00000014   Data   RW          689    .data               stm32f10x_rcc.o
    0x20000091   0x00000003   PAD
    0x20000094   0x0000000b   Data   RW          789    .data               ff.o
    0x2000009f   0x00000001   PAD
    0x200000a0   0x00000018   Data   RW          850    .data               fontupd.o
    0x200000b8   0x00001000   Zero   RW          296    .bss                flash.o
    0x200010b8   0x0000001c   Zero   RW          314    .bss                touch.o
    0x200010d4   0x00000012   Zero   RW          379    .bss                spi.o
    0x200010e6   0x0000000a   Zero   RW          394    .bss                rtc.o
    0x200010f0   0x00000040   Zero   RW          456    .bss                usart.o
    0x20001130   0x00000200   Zero   RW          787    .bss                ff.o
    0x20001330   0x00000060   Zero   RW         1020    .bss                c_w.l(libspace.o)
    0x20001390   0x00000200   Zero   RW          490    HEAP                startup_stm32f10x_md.o
    0x20001590   0x00000400   Zero   RW          489    STACK               startup_stm32f10x_md.o


==============================================================================

Image component sizes


      Code (inc. data)   RO Data    RW Data    ZI Data      Debug   Object Name

       378          0          0          0          0       2622   24cxx.o
      1764        150          0         46          0       6461   bmp180.o
         0          0          0          0          0         32   core_cm3.o
       172          8          0          4          0       1023   delay.o
       432          4          0          0          0       2834   diskio.o
     12338        146         58         11        512      33571   ff.o
       812         16          0          0       4096       4226   flash.o
         0          0         55         24          0       1157   fontupd.o
      3964         70       2660          6          0       8045   lcd.o
        64         10          0          0          0        475   led.o
       636        144         89         36          0     266465   main.o
       220         22          0          0          0       1773   misc.o
      1396         16          0          1          0       5906   mmc_sd.o
       200         14        960          0          0       1549   mycc936.o
       564         14          0          0          0       2131   myiic.o
      1232         46         60          2         10       4416   rtc.o
       224         14          0          0         18       1241   spi.o
        64         26        236          0       1536        784   startup_stm32f10x_md.o
       196          8          0          0          0       3436   stm32f10x_bkp.o
       284         10          0          0          0       2207   stm32f10x_exti.o
       860         38          0          0          0       5617   stm32f10x_gpio.o
        26          0          0          0          0       1166   stm32f10x_it.o
       204         14          0          0          0       1903   stm32f10x_pwr.o
       932         36          0         20          0       8776   stm32f10x_rcc.o
       328          4          0          0          0       2654   stm32f10x_rtc.o
       780         14          0          0          0       6502   stm32f10x_spi.o
      3610         88          0          0          0      22104   stm32f10x_tim.o
      1032         22          0          0          0       8344   stm32f10x_usart.o
        12          0          0          0          0        437   sys.o
       480         38          0         20          0       1695   system_stm32f10x.o
       144          8          0          0          0        754   timer.o
      3776        300          0          2         28       6449   touch.o
       364         18          0          5         64       3355   usart.o

    ----------------------------------------------------------------------
     37496       1298       4154        184       6264     420110   Object Totals
         0          0         32          0          0          0   (incl. Generated)
         8          0          4          7          0          0   (incl. Padding)

    ----------------------------------------------------------------------

      Code (inc. data)   RO Data    RW Data    ZI Data      Debug   Library Member Name

         8          0          0          0          0         68   __main.o
         0          0          0          0          0          0   __rtentry.o
        12          0          0          0          0          0   __rtentry2.o
         6          0          0          0          0          0   __rtentry4.o
        52          8          0          0          0          0   __scatter.o
        26          0          0          0          0          0   __scatter_copy.o
        28          0          0          0          0          0   __scatter_zi.o
        22          0          0          0          0        100   _rserrno.o
        12          0          0          0          0         72   exit.o
         6          0          0          0          0        152   heapauxi.o
         2          0          0          0          0          0   libinit.o
         2          0          0          0          0          0   libinit2.o
         2          0          0          0          0          0   libshutdown.o
         2          0          0          0          0          0   libshutdown2.o
         8          4          0          0         96         68   libspace.o
         8          4          0          0          0         68   rt_errno_addr_intlibspace.o
       100          0          0          0          0         80   rt_memcpy_w.o
         2          0          0          0          0          0   rtexit.o
        10          0          0          0          0          0   rtexit2.o
        74          0          0          0          0         80   sys_stackheap_outer.o
         2          0          0          0          0         68   use_no_semi.o
         2          0          0          0          0         68   use_no_semi_2.o
        24          0          0          0          0         68   dcmpi.o
        90          4          0          0          0         92   dfixu.o
        38          0          0          0          0         68   dflt_clz.o
       120          4          0          0          0         92   dleqf.o
       156          4          0          0          0         92   dnaninf.o
        12          0          0          0          0         68   dretinf.o
       108          0          0          0          0         80   drleqf.o
       460         56          0          0          0        120   dsqrt_noumaal.o
        86          4          0          0          0         84   f2d.o
       450          8          0          0          0        236   faddsub_clz.o
       388         76          0          0          0         96   fdiv.o
        54          4          0          0          0         84   ffix.o
        62          4          0          0          0         84   ffixu.o
        86          0          0          0          0        136   fflt_clz.o
       258          4          0          0          0         84   fmul.o
       140          4          0          0          0         84   fnaninf.o
        10          0          0          0          0         68   fretinf.o
         0          0          0          0          0          0   usenofp.o
        76          0          0          0          0         84   sqrt.o

    ----------------------------------------------------------------------
      3018        188          0          0         96       2544   Library Totals
        14          0          0          0          0          0   (incl. Padding)

    ----------------------------------------------------------------------

      Code (inc. data)   RO Data    RW Data    ZI Data      Debug   Library Name

       386         16          0          0         96        824   c_w.l
      2542        172          0          0          0       1636   fz_ws.l
        76          0          0          0          0         84   m_ws.l

    ----------------------------------------------------------------------
      3018        188          0          0         96       2544   Library Totals

    ----------------------------------------------------------------------

==============================================================================


      Code (inc. data)   RO Data    RW Data    ZI Data      Debug   

     40514       1486       4154        184       6360     418230   Grand Totals
     40514       1486       4154        184       6360     418230   ELF Image Totals
     40514       1486       4154        184          0          0   ROM Totals

==============================================================================

    Total RO  Size (Code + RO Data)                44668 (  43.62kB)
    Total RW  Size (RW Data + ZI Data)              6544 (   6.39kB)
    Total ROM Size (Code + RO Data + RW Data)      44852 (  43.80kB)

==============================================================================

