Component: ARM Compiler 5.05 update 1 (build 106) Tool: armlink [4d0efa]

==============================================================================

Section Cross References

    main.o(.text) refers to lcd.o(.text) for LCD_Clear
    main.o(.text) refers to system_stm32f10x.o(.text) for SystemInit
    main.o(.text) refers to delay.o(.text) for delay_init
    main.o(.text) refers to sys.o(.text) for NVIC_Configuration
    main.o(.text) refers to usart.o(.text) for uart_init1
    main.o(.text) refers to led.o(.text) for LED_Init
    main.o(.text) refers to tm1638.o(.text) for init_TM1638
    main.o(.text) refers to 24cxx.o(.text) for AT24CXX_Init
    main.o(.text) refers to flash.o(.text) for SPI_Flash_Init
    main.o(.text) refers to esp8266.o(.text) for ESP8266_init
    main.o(.text) refers to rtc.o(.text) for RTC_Init
    main.o(.text) refers to bmp180.o(.text) for BMP180_Test
    main.o(.text) refers to stm32f10x_gpio.o(.text) for GPIO_SetBits
    main.o(.text) refers to lcd.o(.data) for POINT_COLOR
    main.o(.text) refers to main.o(.constdata) for tab
    main.o(.text) refers to main.o(.data) for point_rain
    main.o(.text) refers to usart.o(.data) for g_flag1
    main.o(.data) refers to main.o(.conststring) for .conststring
    system_stm32f10x.o(.text) refers to system_stm32f10x.o(.data) for SystemCoreClock
    led.o(.text) refers to stm32f10x_rcc.o(.text) for RCC_APB2PeriphClockCmd
    led.o(.text) refers to stm32f10x_gpio.o(.text) for GPIO_PinRemapConfig
    timer.o(.text) refers to stm32f10x_rcc.o(.text) for RCC_APB1PeriphClockCmd
    timer.o(.text) refers to stm32f10x_tim.o(.text) for TIM_TimeBaseInit
    timer.o(.text) refers to misc.o(.text) for NVIC_Init
    lcd.o(.text) refers to stm32f10x_rcc.o(.text) for RCC_APB2PeriphClockCmd
    lcd.o(.text) refers to stm32f10x_gpio.o(.text) for GPIO_PinRemapConfig
    lcd.o(.text) refers to delay.o(.text) for delay_ms
    lcd.o(.text) refers to lcd.o(.data) for POINT_COLOR
    lcd.o(.text) refers to flash.o(.text) for SPI_Flash_Read
    lcd.o(.text) refers to lcd.o(.constdata) for asc2_1206
    flash.o(.text) refers to stm32f10x_gpio.o(.text) for GPIO_Init
    flash.o(.text) refers to spi.o(.text) for SPIx_Init
    flash.o(.text) refers to delay.o(.text) for delay_us
    flash.o(.text) refers to flash.o(.bss) for SPI_FLASH_BUF
    touch.o(.text) refers to delay.o(.text) for delay_us
    touch.o(.text) refers to lcd.o(.text) for LCD_DrawLine
    touch.o(.text) refers to fflt_clz.o(x$fpl$fflt) for __aeabi_i2f
    touch.o(.text) refers to fflt_clz.o(x$fpl$ffltu) for __aeabi_ui2f
    touch.o(.text) refers to fmul.o(x$fpl$fmul) for __aeabi_fmul
    touch.o(.text) refers to faddsub_clz.o(x$fpl$fadd) for __aeabi_fadd
    touch.o(.text) refers to ffixu.o(x$fpl$ffixu) for __aeabi_f2uiz
    touch.o(.text) refers to ffix.o(x$fpl$ffix) for __aeabi_f2iz
    touch.o(.text) refers to 24cxx.o(.text) for AT24CXX_WriteLenByte
    touch.o(.text) refers to fdiv.o(x$fpl$fdiv) for __aeabi_fdiv
    touch.o(.text) refers to touch.o(.data) for CMD_RDX
    touch.o(.text) refers to touch.o(.bss) for Pen_Point
    touch.o(.text) refers to dflt_clz.o(x$fpl$dfltu) for __aeabi_ui2d
    touch.o(.text) refers to sqrt.o(i.sqrt) for sqrt
    touch.o(.text) refers to dfixu.o(x$fpl$dfixu) for __aeabi_d2uiz
    touch.o(.text) refers to f2d.o(x$fpl$f2d) for __aeabi_f2d
    touch.o(.text) refers to dleqf.o(x$fpl$dleqf) for __aeabi_cdcmple
    touch.o(.text) refers to drleqf.o(x$fpl$drleqf) for __aeabi_cdrcmple
    touch.o(.text) refers to lcd.o(.data) for POINT_COLOR
    touch.o(.text) refers to faddsub_clz.o(x$fpl$frsb) for __aeabi_frsub
    touch.o(.text) refers to stm32f10x_rcc.o(.text) for RCC_APB2PeriphClockCmd
    touch.o(.text) refers to stm32f10x_gpio.o(.text) for GPIO_Init
    touch.o(.text) refers to misc.o(.text) for NVIC_Init
    touch.o(.text) refers to stm32f10x_exti.o(.text) for EXTI_Init
    24cxx.o(.text) refers to myiic.o(.text) for IIC_Init
    24cxx.o(.text) refers to delay.o(.text) for delay_ms
    myiic.o(.text) refers to stm32f10x_rcc.o(.text) for RCC_APB2PeriphClockCmd
    myiic.o(.text) refers to stm32f10x_gpio.o(.text) for GPIO_Init
    myiic.o(.text) refers to delay.o(.text) for delay_us
    mmc_sd.o(.text) refers to spi.o(.text) for SPIx_ReadWriteByte
    mmc_sd.o(.text) refers to stm32f10x_rcc.o(.text) for RCC_APB2PeriphClockCmd
    mmc_sd.o(.text) refers to stm32f10x_gpio.o(.text) for GPIO_Init
    mmc_sd.o(.text) refers to mmc_sd.o(.data) for SD_Type
    spi.o(.text) refers to stm32f10x_spi.o(.text) for SPI_I2S_GetFlagStatus
    spi.o(.text) refers to stm32f10x_rcc.o(.text) for RCC_APB2PeriphClockCmd
    spi.o(.text) refers to stm32f10x_gpio.o(.text) for GPIO_Init
    spi.o(.text) refers to spi.o(.bss) for SPI_InitStructure
    rtc.o(.text) refers to misc.o(.text) for NVIC_Init
    rtc.o(.text) refers to stm32f10x_rtc.o(.text) for RTC_WaitForLastTask
    rtc.o(.text) refers to stm32f10x_bkp.o(.text) for BKP_ReadBackupRegister
[...]
    .ARM.Collect$$rtentry$$0000000D          0x080001b2   Section        8  __rtentry2.o(.ARM.Collect$$rtentry$$0000000D)
    .ARM.Collect$$rtexit$$00000000           0x080001ba   Section        2  rtexit.o(.ARM.Collect$$rtexit$$00000000)
    .ARM.Collect$$rtexit$$00000002           0x080001bc   Section        0  rtexit2.o(.ARM.Collect$$rtexit$$00000002)
    .ARM.Collect$$rtexit$$00000003           0x080001bc   Section        4  rtexit2.o(.ARM.Collect$$rtexit$$00000003)
    .ARM.Collect$$rtexit$$00000004           0x080001c0   Section        6  rtexit2.o(.ARM.Collect$$rtexit$$00000004)
    .text                                    0x080001c8   Section        0  main.o(.text)
    .text                                    0x0800068a   Section        0  stm32f10x_it.o(.text)
    .text                                    0x080006a4   Section        0  system_stm32f10x.o(.text)
    SetSysClockTo72                          0x080006a5   Thumb Code   214  system_stm32f10x.o(.text)
    SetSysClock                              0x0800077b   Thumb Code     8  system_stm32f10x.o(.text)
    .text                                    0x08000884   Section        0  led.o(.text)
    .text                                    0x080008c4   Section        0  timer.o(.text)
    .text                                    0x08000954   Section        0  lcd.o(.text)
    .text                                    0x08001a18   Section        0  flash.o(.text)
    .text                                    0x08001d44   Section        0  touch.o(.text)
    .text                                    0x08002bec   Section        0  24cxx.o(.text)
    .text                                    0x08002d68   Section        0  myiic.o(.text)
    .text                                    0x08002f9c   Section        0  spi.o(.text)
    .text                                    0x0800307c   Section        0  rtc.o(.text)
    .text                                    0x08003640   Section        0  bmp180.o(.text)
    .text                                    0x08003d2c   Section        0  tm1638.o(.text)
    Delay_1us                                0x08003d45   Thumb Code    28  tm1638.o(.text)
    .text                                    0x08004114   Section        0  esp8266.o(.text)
    .text                                    0x08004230   Section        0  delay.o(.text)
    .text                                    0x080042dc   Section        0  sys.o(.text)
    .text                                    0x080042e8   Section        0  usart.o(.text)
    NVIC_EnableIRQ                           0x08004585   Thumb Code    22  usart.o(.text)
    .text                                    0x080045bc   Section       64  startup_stm32f10x_md.o(.text)
    .text                                    0x080045fc   Section        0  misc.o(.text)
    .text                                    0x080046d8   Section        0  stm32f10x_bkp.o(.text)
    .text                                    0x0800479c   Section        0  stm32f10x_exti.o(.text)
    .text                                    0x080048b8   Section        0  stm32f10x_gpio.o(.text)
    .text                                    0x08004c14   Section        0  stm32f10x_pwr.o(.text)
    .text                                    0x08004ce0   Section        0  stm32f10x_rcc.o(.text)
    .text                                    0x08005084   Section        0  stm32f10x_rtc.o(.text)
    .text                                    0x080051cc   Section        0  stm32f10x_spi.o(.text)
    .text                                    0x080054d8   Section        0  stm32f10x_tim.o(.text)
    TI4_Config                               0x0800597f   Thumb Code   130  stm32f10x_tim.o(.text)
    TI3_Config                               0x08005a13   Thumb Code   122  stm32f10x_tim.o(.text)
    TI2_Config                               0x08005aa7   Thumb Code   130  stm32f10x_tim.o(.text)
    TI1_Config                               0x08005b3b   Thumb Code   108  stm32f10x_tim.o(.text)
    .text                                    0x080062f4   Section        0  stm32f10x_usart.o(.text)
    .text                                    0x080066fc   Section        2  use_no_semi_2.o(.text)
    .text                                    0x080066fe   Section      100  rt_memcpy_w.o(.text)
    .text                                    0x08006762   Section        0  heapauxi.o(.text)
    .text                                    0x08006768   Section        2  use_no_semi.o(.text)
    .text                                    0x0800676a   Section        0  _rserrno.o(.text)
    .text                                    0x08006780   Section        8  rt_errno_addr_intlibspace.o(.text)
    .text                                    0x08006788   Section        8  libspace.o(.text)
    .text                                    0x08006790   Section       74  sys_stackheap_outer.o(.text)
    .text                                    0x080067da   Section        0  exit.o(.text)
    i.sqrt                                   0x080067e6   Section        0  sqrt.o(i.sqrt)
    x$fpl$dcmpinf                            0x08006832   Section       24  dcmpi.o(x$fpl$dcmpinf)
    x$fpl$dfixu                              0x0800684c   Section       90  dfixu.o(x$fpl$dfixu)
    x$fpl$dfltu                              0x080068a6   Section       38  dflt_clz.o(x$fpl$dfltu)
    x$fpl$dleqf                              0x080068cc   Section      120  dleqf.o(x$fpl$dleqf)
    x$fpl$dnaninf                            0x08006944   Section      156  dnaninf.o(x$fpl$dnaninf)
    x$fpl$dretinf                            0x080069e0   Section       12  dretinf.o(x$fpl$dretinf)
    x$fpl$drleqf                             0x080069ec   Section      108  drleqf.o(x$fpl$drleqf)
    x$fpl$dsqrt                              0x08006a58   Section      460  dsqrt_noumaal.o(x$fpl$dsqrt)
    x$fpl$f2d                                0x08006c24   Section       86  f2d.o(x$fpl$f2d)
    x$fpl$fadd                               0x08006c7c   Section      196  faddsub_clz.o(x$fpl$fadd)
    _fadd1                                   0x08006c8b   Thumb Code     0  faddsub_clz.o(x$fpl$fadd)
    x$fpl$fdiv                               0x08006d40   Section      388  fdiv.o(x$fpl$fdiv)
    _fdiv1                                   0x08006d41   Thumb Code     0  fdiv.o(x$fpl$fdiv)
    x$fpl$ffix                               0x08006ec4   Section       54  ffix.o(x$fpl$ffix)
    x$fpl$ffixu                              0x08006efc   Section       62  ffixu.o(x$fpl$ffixu)
    x$fpl$fflt                               0x08006f3c   Section       48  fflt_clz.o(x$fpl$fflt)
    x$fpl$ffltu                              0x08006f6c   Section       38  fflt_clz.o(x$fpl$ffltu)
    x$fpl$fmul                               0x08006f94   Section      258  fmul.o(x$fpl$fmul)
    x$fpl$fnaninf                            0x08007096   Section      140  fnaninf.o(x$fpl$fnaninf)
    x$fpl$fretinf                            0x08007122   Section       10  fretinf.o(x$fpl$fretinf)
    x$fpl$frsb                               0x0800712c   Section       20  faddsub_clz.o(x$fpl$frsb)
    x$fpl$fsub                               0x08007140   Section      234  faddsub_clz.o(x$fpl$fsub)
    _fsub1                                   0x0800714f   Thumb Code     0  faddsub_clz.o(x$fpl$fsub)
    .constdata                               0x0800722a   Section       47  main.o(.constdata)
    x$fpl$usenofp                            0x0800722a   Section        0  usenofp.o(x$fpl$usenofp)
    .constdata                               0x08007259   Section    69564  lcd.o(.constdata)
    .constdata                               0x08018215   Section       60  rtc.o(.constdata)
    .constdata                               0x08018254   Section       35  bmp180.o(.constdata)
    .conststring                             0x08018278   Section       89  main.o(.conststring)
    .data                                    0x20000000   Section      104  main.o(.data)
    .data                                    0x20000068   Section       20  system_stm32f10x.o(.data)
    .data                                    0x2000007c   Section       70  lcd.o(.data)
    .data                                    0x200000c2   Section        2  touch.o(.data)
    .data                                    0x200000c4   Section        2  rtc.o(.data)
    daycnt                                   0x200000c4   Data           2  rtc.o(.data)
    .data                                    0x200000c8   Section       46  bmp180.o(.data)
    .data                                    0x200000f6   Section        4  tm1638.o(.data)
    .data                                    0x200000fa   Section       67  esp8266.o(.data)
    .data                                    0x2000013e   Section        4  delay.o(.data)
    fac_us                                   0x2000013e   Data           1  delay.o(.data)
    fac_ms                                   0x20000140   Data           2  delay.o(.data)
    .data                                    0x20000144   Section       14  usart.o(.data)
    .data                                    0x20000152   Section       20  stm32f10x_rcc.o(.data)
    APBAHBPrescTable                         0x20000152   Data          16  stm32f10x_rcc.o(.data)
    ADCPrescTable                            0x20000162   Data           4  stm32f10x_rcc.o(.data)
    .bss                                     0x20000168   Section     4096  flash.o(.bss)
    .bss                                     0x20001168   Section       28  touch.o(.bss)
    .bss                                     0x20001184   Section       18  spi.o(.bss)
    .bss                                     0x20001196   Section       10  rtc.o(.bss)
    .bss                                     0x200011a0   Section      250  usart.o(.bss)
    .bss                                     0x2000129c   Section       96  libspace.o(.bss)
    HEAP                                     0x20001300   Section      512  startup_stm32f10x_md.o(HEAP)
    Heap_Mem                                 0x20001300   Data         512  startup_stm32f10x_md.o(HEAP)
    STACK                                    0x20001500   Section     1024  startup_stm32f10x_md.o(STACK)
    Stack_Mem                                0x20001500   Data        1024  startup_stm32f10x_md.o(STACK)
    __initial_sp                             0x20001900   Data           0  startup_stm32f10x_md.o(STACK)

    Global Symbols

    Symbol Name                              Value     Ov Type        Size  Object(Section)

    BuildAttributes$$THM_ISAv4$P$D$K$B$S$PE$A:L22UL41UL21$X:L11$S22US41US21$IEEE1$IW$USESV6$~STKCKD$USESV7$~SHL$OTIME$ROPI$IEEEJ$EBA8$UX$STANDARDLIB$REQ8$PRES8$EABIv2 0x00000000   Number         0  anon$$obj.o ABSOLUTE
    __ARM_use_no_argv                        0x00000000   Number         0  main.o ABSOLUTE
    __ARM_exceptions_init                     - Undefined Weak Reference
    __alloca_initialize                       - Undefined Weak Reference
    __arm_preinit_                            - Undefined Weak Reference
    __cpp_initialize__aeabi_                  - Undefined Weak Reference
    __cxa_finalize                            - Undefined Weak Reference
    __rt_locale                               - Undefined Weak Reference
    __sigvec_lookup                           - Undefined Weak Reference
    _atexit_init                              - Undefined Weak Reference
    _call_atexit_fns                          - Undefined Weak Reference
    _clock_init                               - Undefined Weak Reference
    _fp_trap_init                             - Undefined Weak Reference
    _fp_trap_shutdown                         - Undefined Weak Reference
    _get_lc_collate                           - Undefined Weak Reference
    _get_lc_ctype                             - Undefined Weak Reference
    _get_lc_monetary                          - Undefined Weak Reference
    _get_lc_numeric                           - Undefined Weak Reference
    _get_lc_time                              - Undefined Weak Reference
    _getenv_init                              - Undefined Weak Reference
    _handle_redirection                       - Undefined Weak Reference
    _init_alloc                               - Undefined Weak Reference
    _init_user_alloc                          - Undefined Weak Reference
    _initio                                   - Undefined Weak Reference
    _rand_init                                - Undefined Weak Reference
    _signal_finish                            - Undefined Weak Reference
    _signal_init                              - Undefined Weak Reference
    _terminate_alloc                          - Undefined Weak Reference
    _terminate_user_alloc                     - Undefined Weak Reference
    _terminateio                              - Undefined Weak Reference
    __Vectors_Size                           0x000000ec   Number         0  startup_stm32f10x_md.o ABSOLUTE
    __Vectors                                0x08000000   Data           4  startup_stm32f10x_md.o(RESET)
    __Vectors_End                            0x080000ec   Data           0  startup_stm32f10x_md.o(RESET)
    __main                                   0x080000ed   Thumb Code     8  __main.o(!!!main)
    __scatterload                            0x080000f5   Thumb Code     0  __scatter.o(!!!scatter)
    __scatterload_rt2                        0x080000f5   Thumb Code    44  __scatter.o(!!!scatter)
    __scatterload_rt2_thumb_only             0x080000f5   Thumb Code     0  __scatter.o(!!!scatter)
    __scatterload_null                       0x08000103   Thumb Code     0  __scatter.o(!!!scatter)
    __decompress                             0x08000129   Thumb Code    90  __dczerorl2.o(!!dczerorl2)
    __decompress1                            0x08000129   Thumb Code     0  __dczerorl2.o(!!dczerorl2)
    __scatterload_zeroinit                   0x08000185   Thumb Code    28  __scatter_zi.o(!!handler_zi)
    __rt_lib_init                            0x080001a1   Thumb Code     0  libinit.o(.ARM.Collect$$libinit$$00000000)
    __rt_lib_init_alloca_1                   0x080001a3   Thumb Code     0  libinit2.o(.ARM.Collect$$libinit$$0000002E)
    __rt_lib_init_argv_1                     0x080001a3   Thumb Code     0  libinit2.o(.ARM.Collect$$libinit$$0000002C)
    __rt_lib_init_atexit_1                   0x080001a3   Thumb Code     0  libinit2.o(.ARM.Collect$$libinit$$0000001B)
    __rt_lib_init_clock_1                    0x080001a3   Thumb Code     0  libinit2.o(.ARM.Collect$$libinit$$00000021)
    __rt_lib_init_cpp_1                      0x080001a3   Thumb Code     0  libinit2.o(.ARM.Collect$$libinit$$00000032)
    __rt_lib_init_exceptions_1               0x080001a3   Thumb Code     0  libinit2.o(.ARM.Collect$$libinit$$00000030)
    __rt_lib_init_fp_1                       0x080001a3   Thumb Code     0  libinit2.o(.ARM.Collect$$libinit$$00000002)
    __rt_lib_init_fp_trap_1                  0x080001a3   Thumb Code     0  libinit2.o(.ARM.Collect$$libinit$$0000001F)
    __rt_lib_init_getenv_1                   0x080001a3   Thumb Code     0  libinit2.o(.ARM.Collect$$libinit$$00000023)
    __rt_lib_init_heap_1                     0x080001a3   Thumb Code     0  libinit2.o(.ARM.Collect$$libinit$$0000000A)
    __rt_lib_init_lc_collate_1               0x080001a3   Thumb Code     0  libinit2.o(.ARM.Collect$$libinit$$00000011)
    __rt_lib_init_lc_ctype_1                 0x080001a3   Thumb Code     0  libinit2.o(.ARM.Collect$$libinit$$00000013)
    __rt_lib_init_lc_monetary_1              0x080001a3   Thumb Code     0  libinit2.o(.ARM.Collect$$libinit$$00000015)
    __rt_lib_init_lc_numeric_1               0x080001a3   Thumb Code     0  libinit2.o(.ARM.Collect$$libinit$$00000017)
    __rt_lib_init_lc_time_1                  0x080001a3   Thumb Code     0  libinit2.o(.ARM.Collect$$libinit$$00000019)
    __rt_lib_init_preinit_1                  0x080001a3   Thumb Code     0  libinit2.o(.ARM.Collect$$libinit$$00000004)
    __rt_lib_init_rand_1                     0x080001a3   Thumb Code     0  libinit2.o(.ARM.Collect$$libinit$$0000000E)
    __rt_lib_init_return                     0x080001a3   Thumb Code     0  libinit2.o(.ARM.Collect$$libinit$$00000033)
    __rt_lib_init_signal_1                   0x080001a3   Thumb Code     0  libinit2.o(.ARM.Collect$$libinit$$0000001D)
    __rt_lib_init_stdio_1                    0x080001a3   Thumb Code     0  libinit2.o(.ARM.Collect$$libinit$$00000025)
    __rt_lib_init_user_alloc_1               0x080001a3   Thumb Code     0  libinit2.o(.ARM.Collect$$libinit$$0000000C)
    __rt_lib_shutdown                        0x080001a5   Thumb Code     0  libshutdown.o(.ARM.Collect$$libshutdown$$00000000)
    __rt_lib_shutdown_fp_trap_1              0x080001a7   Thumb Code     0  libshutdown2.o(.ARM.Collect$$libshutdown$$00000006)
    __rt_lib_shutdown_heap_1                 0x080001a7   Thumb Code     0  libshutdown2.o(.ARM.Collect$$libshutdown$$0000000E)
    __rt_lib_shutdown_return                 0x080001a7   Thumb Code     0  libshutdown2.o(.ARM.Collect$$libshutdown$$0000000F)
    __rt_lib_shutdown_signal_1               0x080001a7   Thumb Code     0  libshutdown2.o(.ARM.Collect$$libshutdown$$00000009)
    __rt_lib_shutdown_stdio_1                0x080001a7   Thumb Code     0  libshutdown2.o(.ARM.Collect$$libshutdown$$00000003)
    __rt_lib_shutdown_user_alloc_1           0x080001a7   Thumb Code     0  libshutdown2.o(.ARM.Collect$$libshutdown$$0000000B)
    __rt_entry                               0x080001a9   Thumb Code     0  __rtentry.o(.ARM.Collect$$rtentry$$00000000)
    __rt_entry_presh_1                       0x080001a9   Thumb Code     0  __rtentry2.o(.ARM.Collect$$rtentry$$00000002)
    __rt_entry_sh                            0x080001a9   Thumb Code     0  __rtentry4.o(.ARM.Collect$$rtentry$$00000004)
    __rt_entry_li                            0x080001af   Thumb Code     0  __rtentry2.o(.ARM.Collect$$rtentry$$0000000A)
    __rt_entry_postsh_1                      0x080001af   Thumb Code     0  __rtentry2.o(.ARM.Collect$$rtentry$$00000009)
    __rt_entry_main                          0x080001b3   Thumb Code     0  __rtentry2.o(.ARM.Collect$$rtentry$$0000000D)
    __rt_entry_postli_1                      0x080001b3   Thumb Code     0  __rtentry2.o(.ARM.Collect$$rtentry$$0000000C)
    __rt_exit                                0x080001bb   Thumb Code     0  rtexit.o(.ARM.Collect$$rtexit$$00000000)
    __rt_exit_ls                             0x080001bd   Thumb Code     0  rtexit2.o(.ARM.Collect$$rtexit$$00000003)
    __rt_exit_prels_1                        0x080001bd   Thumb Code     0  rtexit2.o(.ARM.Collect$$rtexit$$00000002)
    __rt_exit_exit                           0x080001c1   Thumb Code     0  rtexit2.o(.ARM.Collect$$rtexit$$00000004)
    Load_Drow_Dialog                         0x080001c9   Thumb Code    36  main.o(.text)
    main                                     0x080001ed   Thumb Code  1182  main.o(.text)
    NMI_Handler                              0x0800068b   Thumb Code     2  stm32f10x_it.o(.text)
    HardFault_Handler                        0x0800068d   Thumb Code     4  stm32f10x_it.o(.text)
    MemManage_Handler                        0x08000691   Thumb Code     4  stm32f10x_it.o(.text)
    BusFault_Handler                         0x08000695   Thumb Code     4  stm32f10x_it.o(.text)
    UsageFault_Handler                       0x08000699   Thumb Code     4  stm32f10x_it.o(.text)
    SVC_Handler                              0x0800069d   Thumb Code     2  stm32f10x_it.o(.text)
    DebugMon_Handler                         0x0800069f   Thumb Code     2  stm32f10x_it.o(.text)
    PendSV_Handler                           0x080006a1   Thumb Code     2  stm32f10x_it.o(.text)
    SysTick_Handler                          0x080006a3   Thumb Code     2  stm32f10x_it.o(.text)
    SystemInit                               0x08000783   Thumb Code    78  system_stm32f10x.o(.text)
    SystemCoreClockUpdate                    0x080007d1   Thumb Code   142  system_stm32f10x.o(.text)
    LED_Init                                 0x08000885   Thumb Code    54  led.o(.text)
    Timerx_Init                              0x080008c5   Thumb Code    98  timer.o(.text)
    TIM3_IRQHandler                          0x08000927   Thumb Code    38  timer.o(.text)
    LCD_WR_REG                               0x08000955   Thumb Code    72  lcd.o(.text)
    LCD_INIT_REG                             0x0800099d   Thumb Code    44  lcd.o(.text)
    LCD_WriteRAM_Prepare                     0x080009c9   Thumb Code    10  lcd.o(.text)
    LCD_SetCursor                            0x080009d3   Thumb Code   168  lcd.o(.text)
    LCD_DrawPoint                            0x08000a7b   Thumb Code    98  lcd.o(.text)
    LCD_Clear                                0x08000add   Thumb Code   108  lcd.o(.text)
    LCD_Init                                 0x08000b49   Thumb Code  2106  lcd.o(.text)
    LCD_Fill                                 0x08001383   Thumb Code   146  lcd.o(.text)
    LCD_DrawLine                             0x08001415   Thumb Code   172  lcd.o(.text)
    LCD_DrawRectangle                        0x080014c1   Thumb Code    74  lcd.o(.text)
    Draw_Circle                              0x0800150b   Thumb Code   222  lcd.o(.text)
    LCD_ShowChar                             0x080015e9   Thumb Code   262  lcd.o(.text)
    mypow                                    0x080016ef   Thumb Code    22  lcd.o(.text)
    LCD_ShowNum                              0x08001705   Thumb Code   164  lcd.o(.text)
    LCD_ShowCharString                       0x080017a9   Thumb Code    86  lcd.o(.text)
    LCD_ShowHzString                         0x080017ff   Thumb Code   164  lcd.o(.text)
    LCD_ShowString                           0x080018a3   Thumb Code    78  lcd.o(.text)
    LCD_Show2Num                             0x080018f1   Thumb Code   102  lcd.o(.text)
    LCD_ShowPic                              0x08001957   Thumb Code   152  lcd.o(.text)
    Ziku                                     0x080019ef   Thumb Code    42  lcd.o(.text)
    SPI_Flash_Init                           0x08001a19   Thumb Code    40  flash.o(.text)
    SPI_Flash_ReadSR                         0x08001a41   Thumb Code    36  flash.o(.text)
    SPI_FLASH_Write_SR                       0x08001a65   Thumb Code    32  flash.o(.text)
    SPI_FLASH_Write_Enable                   0x08001a85   Thumb Code    24  flash.o(.text)
    SPI_FLASH_Write_Disable                  0x08001a9d   Thumb Code    24  flash.o(.text)
    SPI_Flash_ReadID                         0x08001ab5   Thumb Code    64  flash.o(.text)
    SPI_Flash_Read                           0x08001af5   Thumb Code    74  flash.o(.text)
    SPI_Flash_Wait_Busy                      0x08001b3f   Thumb Code    18  flash.o(.text)
    SPI_Flash_Write_Page                     0x08001b51   Thumb Code    80  flash.o(.text)
    SPI_Flash_Write_NoCheck                  0x08001ba1   Thumb Code    70  flash.o(.text)
    SPI_Flash_Erase_Sector                   0x08001be7   Thumb Code    62  flash.o(.text)
    SPI_Flash_Write                          0x08001c25   Thumb Code   174  flash.o(.text)
    SPI_Flash_Erase_Chip                     0x08001cd3   Thumb Code    36  flash.o(.text)
    SPI_Flash_PowerDown                      0x08001cf7   Thumb Code    30  flash.o(.text)
    SPI_Flash_WAKEUP                         0x08001d15   Thumb Code    30  flash.o(.text)
    ADS_Write_Byte                           0x08001d45   Thumb Code    56  touch.o(.text)
    ADS_Read_AD                              0x08001d7d   Thumb Code   112  touch.o(.text)
    ADS_Read_XY                              0x08001ded   Thumb Code   124  touch.o(.text)
    Read_ADS                                 0x08001e69   Thumb Code    50  touch.o(.text)
    Read_ADS2                                0x08001e9b   Thumb Code   192  touch.o(.text)
    Pen_Int_Set                              0x08001f5b   Thumb Code    30  touch.o(.text)
    Read_TP_Once                             0x08001f79   Thumb Code    66  touch.o(.text)
    Drow_Touch_Point                         0x08001fbb   Thumb Code   114  touch.o(.text)
    Convert_Pos                              0x0800202d   Thumb Code   118  touch.o(.text)
    EXTI0_IRQHandler                         0x080020a3   Thumb Code    14  touch.o(.text)
    Save_Adjdata                             0x080020b1   Thumb Code   108  touch.o(.text)
    Get_Adjdata                              0x0800211d   Thumb Code   178  touch.o(.text)
    ADJ_INFO_SHOW                            0x080021cf   Thumb Code    66  touch.o(.text)
    Touch_Adjust                             0x08002211   Thumb Code  2282  touch.o(.text)
    Touch_Init                               0x08002afb   Thumb Code   178  touch.o(.text)
    AT24CXX_Init                             0x08002bed   Thumb Code     8  24cxx.o(.text)
    AT24CXX_ReadOneByte                      0x08002bf5   Thumb Code    88  24cxx.o(.text)
    AT24CXX_WriteOneByte                     0x08002c4d   Thumb Code    80  24cxx.o(.text)
    AT24CXX_WriteLenByte                     0x08002c9d   Thumb Code    42  24cxx.o(.text)
    AT24CXX_ReadLenByte                      0x08002cc7   Thumb Code    44  24cxx.o(.text)
    AT24CXX_Check                            0x08002cf3   Thumb Code    46  24cxx.o(.text)
    AT24CXX_Read                             0x08002d21   Thumb Code    34  24cxx.o(.text)
    AT24CXX_Write                            0x08002d43   Thumb Code    36  24cxx.o(.text)
    IIC_Init                                 0x08002d69   Thumb Code    64  myiic.o(.text)
    SDA_IN                                   0x08002da9   Thumb Code    38  myiic.o(.text)
    SDA_OUT                                  0x08002dcf   Thumb Code    38  myiic.o(.text)
    IIC_Start                                0x08002df5   Thumb Code    50  myiic.o(.text)
    IIC_Stop                                 0x08002e27   Thumb Code    44  myiic.o(.text)
    IIC_Wait_Ack                             0x08002e53   Thumb Code    68  myiic.o(.text)
    IIC_Ack                                  0x08002e97   Thumb Code    48  myiic.o(.text)
    IIC_NAck                                 0x08002ec7   Thumb Code    48  myiic.o(.text)
    IIC_Send_Byte                            0x08002ef7   Thumb Code    72  myiic.o(.text)
    IIC_Read_Byte                            0x08002f3f   Thumb Code    80  myiic.o(.text)
    SPIx_ReadWriteByte                       0x08002f9d   Thumb Code    78  spi.o(.text)
    SPIx_Init                                0x08002feb   Thumb Code   106  spi.o(.text)
    SPIx_SetSpeed                            0x08003055   Thumb Code    26  spi.o(.text)
    RTC_NVIC_Config                          0x0800307d   Thumb Code    34  rtc.o(.text)
    RTC_Get_Week                             0x0800309f   Thumb Code   116  rtc.o(.text)
    Is_Leap_Year                             0x08003113   Thumb Code    58  rtc.o(.text)
    RTC_Get                                  0x0800314d   Thumb Code   246  rtc.o(.text)
    RTC_Set                                  0x08003243   Thumb Code   172  rtc.o(.text)
    RTC_Init                                 0x080032ef   Thumb Code   186  rtc.o(.text)
    RTC_IRQHandler                           0x080033a9   Thumb Code   302  rtc.o(.text)
    str_cmpx                                 0x080034d7   Thumb Code    36  rtc.o(.text)
    Auto_Time_Set                            0x080034fb   Thumb Code   318  rtc.o(.text)
    string_shift                             0x08003641   Thumb Code    78  bmp180.o(.text)
    DATA_printf                              0x0800368f   Thumb Code    84  bmp180.o(.text)
    I2C_delay                                0x080036e3   Thumb Code    16  bmp180.o(.text)
    I2C_Stop                                 0x080036f3   Thumb Code    56  bmp180.o(.text)
    I2C_Gpio_Init                            0x0800372b   Thumb Code    44  bmp180.o(.text)
    i2c_SDA_input                            0x08003757   Thumb Code    26  bmp180.o(.text)
    i2c_SDA_output                           0x08003771   Thumb Code    32  bmp180.o(.text)
    delay5ms                                 0x08003791   Thumb Code    14  bmp180.o(.text)
    I2C_Start                                0x0800379f   Thumb Code    56  bmp180.o(.text)
    I2C_SendACK                              0x080037d7   Thumb Code    58  bmp180.o(.text)
    I2C_RecvACK                              0x08003811   Thumb Code    64  bmp180.o(.text)
    I2C_SendByte                             0x08003851   Thumb Code    82  bmp180.o(.text)
    I2C_RecvByte                             0x080038a3   Thumb Code    76  bmp180.o(.text)
    Single_WriteI2C                          0x080038ef   Thumb Code    36  bmp180.o(.text)
    Single_ReadI2C                           0x08003913   Thumb Code    54  bmp180.o(.text)
    Multiple_read                            0x08003949   Thumb Code    78  bmp180.o(.text)
    InitBMP180                               0x08003997   Thumb Code   136  bmp180.o(.text)
    bmp180ReadTemp                           0x08003a1f   Thumb Code    96  bmp180.o(.text)
    bmp180ReadPressure                       0x08003a7f   Thumb Code    50  bmp180.o(.text)
    bmp180Convert                            0x08003ab1   Thumb Code   240  bmp180.o(.text)
    bmp180_conversion                        0x08003ba1   Thumb Code   128  bmp180.o(.text)
    DATA_Diplay                              0x08003c21   Thumb Code   178  bmp180.o(.text)
    BMP180_Test                              0x08003cd3   Thumb Code    20  bmp180.o(.text)
    delay_tim                                0x08003d2d   Thumb Code    24  tm1638.o(.text)
    DIO_SETOUT                               0x08003d61   Thumb Code    48  tm1638.o(.text)
    DIO_SETIN                                0x08003d91   Thumb Code    38  tm1638.o(.text)
    TM1638_Write                             0x08003db7   Thumb Code    78  tm1638.o(.text)
    TM1638_Read                              0x08003e05   Thumb Code    80  tm1638.o(.text)
    Write_COM                                0x08003e55   Thumb Code    34  tm1638.o(.text)
    Read_key                                 0x08003e77   Thumb Code   280  tm1638.o(.text)
    Write_DATA                               0x08003f8f   Thumb Code    50  tm1638.o(.text)
    Write_oneLED                             0x08003fc1   Thumb Code    16  tm1638.o(.text)
    TM1638_GPIO_Configuration                0x08003fd1   Thumb Code   138  tm1638.o(.text)
    init_TM1638                              0x0800405b   Thumb Code    66  tm1638.o(.text)
    Tm1638_Test                              0x0800409d   Thumb Code    78  tm1638.o(.text)
    LED8_Display                             0x080040eb   Thumb Code    20  tm1638.o(.text)
    Delay                                    0x08004115   Thumb Code    18  esp8266.o(.text)
    ESP8266_init                             0x08004127   Thumb Code   160  esp8266.o(.text)
    ESP8266_Send                             0x080041c7   Thumb Code    78  esp8266.o(.text)
    delay_init                               0x08004231   Thumb Code    52  delay.o(.text)
    delay_ms                                 0x08004265   Thumb Code    56  delay.o(.text)
    delay_us                                 0x0800429d   Thumb Code    56  delay.o(.text)
    NVIC_Configuration                       0x080042dd   Thumb Code    12  sys.o(.text)
    _sys_exit                                0x080042e9   Thumb Code     6  usart.o(.text)
    fputc                                    0x080042ef   Thumb Code    24  usart.o(.text)
    uart_init1                               0x08004307   Thumb Code   156  usart.o(.text)
    uart_init2                               0x080043a3   Thumb Code   170  usart.o(.text)
    USART1_Send                              0x0800444d   Thumb Code    42  usart.o(.text)
    USART1_IRQHandler                        0x08004477   Thumb Code   180  usart.o(.text)
    USART2_Send                              0x0800452b   Thumb Code    42  usart.o(.text)
    USART2_IRQHandler                        0x08004555   Thumb Code    48  usart.o(.text)
    Reset_Handler                            0x080045bd   Thumb Code     8  startup_stm32f10x_md.o(.text)
    ADC1_2_IRQHandler                        0x080045d7   Thumb Code     0  startup_stm32f10x_md.o(.text)
    CAN1_RX1_IRQHandler                      0x080045d7   Thumb Code     0  startup_stm32f10x_md.o(.text)
    CAN1_SCE_IRQHandler                      0x080045d7   Thumb Code     0  startup_stm32f10x_md.o(.text)
    DMA1_Channel1_IRQHandler                 0x080045d7   Thumb Code     0  startup_stm32f10x_md.o(.text)
    DMA1_Channel2_IRQHandler                 0x080045d7   Thumb Code     0  startup_stm32f10x_md.o(.text)
    DMA1_Channel3_IRQHandler                 0x080045d7   Thumb Code     0  startup_stm32f10x_md.o(.text)
    DMA1_Channel4_IRQHandler                 0x080045d7   Thumb Code     0  startup_stm32f10x_md.o(.text)
    DMA1_Channel5_IRQHandler                 0x080045d7   Thumb Code     0  startup_stm32f10x_md.o(.text)
    DMA1_Channel6_IRQHandler                 0x080045d7   Thumb Code     0  startup_stm32f10x_md.o(.text)
    DMA1_Channel7_IRQHandler                 0x080045d7   Thumb Code     0  startup_stm32f10x_md.o(.text)
    EXTI15_10_IRQHandler                     0x080045d7   Thumb Code     0  startup_stm32f10x_md.o(.text)
    EXTI1_IRQHandler                         0x080045d7   Thumb Code     0  startup_stm32f10x_md.o(.text)
    EXTI2_IRQHandler                         0x080045d7   Thumb Code     0  startup_stm32f10x_md.o(.text)
    EXTI3_IRQHandler                         0x080045d7   Thumb Code     0  startup_stm32f10x_md.o(.text)
    EXTI4_IRQHandler                         0x080045d7   Thumb Code     0  startup_stm32f10x_md.o(.text)
    EXTI9_5_IRQHandler                       0x080045d7   Thumb Code     0  startup_stm32f10x_md.o(.text)
    FLASH_IRQHandler                         0x080045d7   Thumb Code     0  startup_stm32f10x_md.o(.text)
    I2C1_ER_IRQHandler                       0x080045d7   Thumb Code     0  startup_stm32f10x_md.o(.text)
    I2C1_EV_IRQHandler                       0x080045d7   Thumb Code     0  startup_stm32f10x_md.o(.text)
    I2C2_ER_IRQHandler                       0x080045d7   Thumb Code     0  startup_stm32f10x_md.o(.text)
    I2C2_EV_IRQHandler                       0x080045d7   Thumb Code     0  startup_stm32f10x_md.o(.text)
    PVD_IRQHandler                           0x080045d7   Thumb Code     0  startup_stm32f10x_md.o(.text)
    RCC_IRQHandler                           0x080045d7   Thumb Code     0  startup_stm32f10x_md.o(.text)
    RTCAlarm_IRQHandler                      0x080045d7   Thumb Code     0  startup_stm32f10x_md.o(.text)
    SPI1_IRQHandler                          0x080045d7   Thumb Code     0  startup_stm32f10x_md.o(.text)
    SPI2_IRQHandler                          0x080045d7   Thumb Code     0  startup_stm32f10x_md.o(.text)
    TAMPER_IRQHandler                        0x080045d7   Thumb Code     0  startup_stm32f10x_md.o(.text)
    TIM1_BRK_IRQHandler                      0x080045d7   Thumb Code     0  startup_stm32f10x_md.o(.text)
    TIM1_CC_IRQHandler                       0x080045d7   Thumb Code     0  startup_stm32f10x_md.o(.text)
    TIM1_TRG_COM_IRQHandler                  0x080045d7   Thumb Code     0  startup_stm32f10x_md.o(.text)
    TIM1_UP_IRQHandler                       0x080045d7   Thumb Code     0  startup_stm32f10x_md.o(.text)
    TIM2_IRQHandler                          0x080045d7   Thumb Code     0  startup_stm32f10x_md.o(.text)
    TIM4_IRQHandler                          0x080045d7   Thumb Code     0  startup_stm32f10x_md.o(.text)
    USART3_IRQHandler                        0x080045d7   Thumb Code     0  startup_stm32f10x_md.o(.text)
    USBWakeUp_IRQHandler                     0x080045d7   Thumb Code     0  startup_stm32f10x_md.o(.text)
    USB_HP_CAN1_TX_IRQHandler                0x080045d7   Thumb Code     0  startup_stm32f10x_md.o(.text)
    USB_LP_CAN1_RX0_IRQHandler               0x080045d7   Thumb Code     0  startup_stm32f10x_md.o(.text)
    WWDG_IRQHandler                          0x080045d7   Thumb Code     0  startup_stm32f10x_md.o(.text)
    __user_initial_stackheap                 0x080045d9   Thumb Code     0  startup_stm32f10x_md.o(.text)
    NVIC_PriorityGroupConfig                 0x080045fd   Thumb Code    10  misc.o(.text)
    NVIC_Init                                0x08004607   Thumb Code   100  misc.o(.text)
    NVIC_SetVectorTable                      0x0800466b   Thumb Code    14  misc.o(.text)
    NVIC_SystemLPConfig                      0x08004679   Thumb Code    34  misc.o(.text)
    SysTick_CLKSourceConfig                  0x0800469b   Thumb Code    40  misc.o(.text)
    BKP_DeInit                               0x080046d9   Thumb Code    16  stm32f10x_bkp.o(.text)
    BKP_TamperPinLevelConfig                 0x080046e9   Thumb Code     6  stm32f10x_bkp.o(.text)
    BKP_TamperPinCmd                         0x080046ef   Thumb Code     8  stm32f10x_bkp.o(.text)
    BKP_ITConfig                             0x080046f7   Thumb Code     8  stm32f10x_bkp.o(.text)
    BKP_RTCOutputConfig                      0x080046ff   Thumb Code    22  stm32f10x_bkp.o(.text)
    BKP_SetRTCCalibrationValue               0x08004715   Thumb Code    22  stm32f10x_bkp.o(.text)
    BKP_WriteBackupRegister                  0x0800472b   Thumb Code    24  stm32f10x_bkp.o(.text)
    BKP_ReadBackupRegister                   0x08004743   Thumb Code    26  stm32f10x_bkp.o(.text)
    BKP_GetFlagStatus                        0x0800475d   Thumb Code    10  stm32f10x_bkp.o(.text)
    BKP_ClearFlag                            0x08004767   Thumb Code    18  stm32f10x_bkp.o(.text)
    BKP_GetITStatus                          0x08004779   Thumb Code    10  stm32f10x_bkp.o(.text)
    BKP_ClearITPendingBit                    0x08004783   Thumb Code    18  stm32f10x_bkp.o(.text)
    EXTI_DeInit                              0x0800479d   Thumb Code    28  stm32f10x_exti.o(.text)
    EXTI_Init                                0x080047b9   Thumb Code   142  stm32f10x_exti.o(.text)
    EXTI_StructInit                          0x08004847   Thumb Code    16  stm32f10x_exti.o(.text)
    EXTI_GenerateSWInterrupt                 0x08004857   Thumb Code    16  stm32f10x_exti.o(.text)
    EXTI_GetFlagStatus                       0x08004867   Thumb Code    22  stm32f10x_exti.o(.text)
    EXTI_ClearFlag                           0x0800487d   Thumb Code     8  stm32f10x_exti.o(.text)
    EXTI_GetITStatus                         0x08004885   Thumb Code    34  stm32f10x_exti.o(.text)
    EXTI_ClearITPendingBit                   0x080048a7   Thumb Code     8  stm32f10x_exti.o(.text)
    GPIO_DeInit                              0x080048b9   Thumb Code   172  stm32f10x_gpio.o(.text)
    GPIO_AFIODeInit                          0x08004965   Thumb Code    20  stm32f10x_gpio.o(.text)
    GPIO_Init                                0x08004979   Thumb Code   278  stm32f10x_gpio.o(.text)
    GPIO_StructInit                          0x08004a8f   Thumb Code    16  stm32f10x_gpio.o(.text)
    GPIO_ReadInputDataBit                    0x08004a9f   Thumb Code    18  stm32f10x_gpio.o(.text)
    GPIO_ReadInputData                       0x08004ab1   Thumb Code     8  stm32f10x_gpio.o(.text)
    GPIO_ReadOutputDataBit                   0x08004ab9   Thumb Code    18  stm32f10x_gpio.o(.text)
    GPIO_ReadOutputData                      0x08004acb   Thumb Code     8  stm32f10x_gpio.o(.text)
    GPIO_SetBits                             0x08004ad3   Thumb Code     4  stm32f10x_gpio.o(.text)
    GPIO_ResetBits                           0x08004ad7   Thumb Code     4  stm32f10x_gpio.o(.text)
    GPIO_WriteBit                            0x08004adb   Thumb Code    10  stm32f10x_gpio.o(.text)
    GPIO_Write                               0x08004ae5   Thumb Code     4  stm32f10x_gpio.o(.text)
    GPIO_PinLockConfig                       0x08004ae9   Thumb Code    18  stm32f10x_gpio.o(.text)
    GPIO_EventOutputConfig                   0x08004afb   Thumb Code    26  stm32f10x_gpio.o(.text)
    GPIO_EventOutputCmd                      0x08004b15   Thumb Code     6  stm32f10x_gpio.o(.text)
    GPIO_PinRemapConfig                      0x08004b1b   Thumb Code   138  stm32f10x_gpio.o(.text)
    GPIO_EXTILineConfig                      0x08004ba5   Thumb Code    66  stm32f10x_gpio.o(.text)
    GPIO_ETH_MediaInterfaceConfig            0x08004be7   Thumb Code     8  stm32f10x_gpio.o(.text)
    PWR_DeInit                               0x08004c15   Thumb Code    22  stm32f10x_pwr.o(.text)
    PWR_BackupAccessCmd                      0x08004c2b   Thumb Code     6  stm32f10x_pwr.o(.text)
    PWR_PVDCmd                               0x08004c31   Thumb Code     6  stm32f10x_pwr.o(.text)
    PWR_PVDLevelConfig                       0x08004c37   Thumb Code    18  stm32f10x_pwr.o(.text)
    PWR_WakeUpPinCmd                         0x08004c49   Thumb Code     8  stm32f10x_pwr.o(.text)
    PWR_EnterSTOPMode                        0x08004c51   Thumb Code    54  stm32f10x_pwr.o(.text)
    PWR_EnterSTANDBYMode                     0x08004c87   Thumb Code    42  stm32f10x_pwr.o(.text)
    PWR_GetFlagStatus                        0x08004cb1   Thumb Code    20  stm32f10x_pwr.o(.text)
    PWR_ClearFlag                            0x08004cc5   Thumb Code    14  stm32f10x_pwr.o(.text)
    RCC_DeInit                               0x08004ce1   Thumb Code    64  stm32f10x_rcc.o(.text)
    RCC_HSEConfig                            0x08004d21   Thumb Code    70  stm32f10x_rcc.o(.text)
    RCC_GetFlagStatus                        0x08004d67   Thumb Code    56  stm32f10x_rcc.o(.text)
    RCC_WaitForHSEStartUp                    0x08004d9f   Thumb Code    56  stm32f10x_rcc.o(.text)
    RCC_AdjustHSICalibrationValue            0x08004dd7   Thumb Code    20  stm32f10x_rcc.o(.text)
    RCC_HSICmd                               0x08004deb   Thumb Code     6  stm32f10x_rcc.o(.text)
    RCC_PLLConfig                            0x08004df1   Thumb Code    24  stm32f10x_rcc.o(.text)
    RCC_PLLCmd                               0x08004e09   Thumb Code     6  stm32f10x_rcc.o(.text)
    RCC_SYSCLKConfig                         0x08004e0f   Thumb Code    18  stm32f10x_rcc.o(.text)
    RCC_GetSYSCLKSource                      0x08004e21   Thumb Code    10  stm32f10x_rcc.o(.text)
    RCC_HCLKConfig                           0x08004e2b   Thumb Code    18  stm32f10x_rcc.o(.text)
    RCC_PCLK1Config                          0x08004e3d   Thumb Code    18  stm32f10x_rcc.o(.text)
    RCC_PCLK2Config                          0x08004e4f   Thumb Code    20  stm32f10x_rcc.o(.text)
    RCC_ITConfig                             0x08004e63   Thumb Code    26  stm32f10x_rcc.o(.text)
    RCC_USBCLKConfig                         0x08004e7d   Thumb Code     8  stm32f10x_rcc.o(.text)
    RCC_ADCCLKConfig                         0x08004e85   Thumb Code    18  stm32f10x_rcc.o(.text)
    RCC_LSEConfig                            0x08004e97   Thumb Code    50  stm32f10x_rcc.o(.text)
    RCC_LSICmd                               0x08004ec9   Thumb Code     6  stm32f10x_rcc.o(.text)
    RCC_RTCCLKConfig                         0x08004ecf   Thumb Code    12  stm32f10x_rcc.o(.text)
    RCC_RTCCLKCmd                            0x08004edb   Thumb Code     8  stm32f10x_rcc.o(.text)
    RCC_GetClocksFreq                        0x08004ee3   Thumb Code   192  stm32f10x_rcc.o(.text)
    RCC_AHBPeriphClockCmd                    0x08004fa3   Thumb Code    26  stm32f10x_rcc.o(.text)
    RCC_APB2PeriphClockCmd                   0x08004fbd   Thumb Code    26  stm32f10x_rcc.o(.text)
    RCC_APB1PeriphClockCmd                   0x08004fd7   Thumb Code    26  stm32f10x_rcc.o(.text)
    RCC_APB2PeriphResetCmd                   0x08004ff1   Thumb Code    26  stm32f10x_rcc.o(.text)
    RCC_APB1PeriphResetCmd                   0x0800500b   Thumb Code    26  stm32f10x_rcc.o(.text)
    RCC_BackupResetCmd                       0x08005025   Thumb Code     8  stm32f10x_rcc.o(.text)
    RCC_ClockSecuritySystemCmd               0x0800502d   Thumb Code     6  stm32f10x_rcc.o(.text)
    RCC_MCOConfig                            0x08005033   Thumb Code     6  stm32f10x_rcc.o(.text)
    RCC_ClearFlag                            0x08005039   Thumb Code    14  stm32f10x_rcc.o(.text)
    RCC_GetITStatus                          0x08005047   Thumb Code    20  stm32f10x_rcc.o(.text)
    RCC_ClearITPendingBit                    0x0800505b   Thumb Code     6  stm32f10x_rcc.o(.text)
    RTC_ITConfig                             0x08005085   Thumb Code    26  stm32f10x_rtc.o(.text)
    RTC_EnterConfigMode                      0x0800509f   Thumb Code    18  stm32f10x_rtc.o(.text)
    RTC_ExitConfigMode                       0x080050b1   Thumb Code    20  stm32f10x_rtc.o(.text)
    RTC_GetCounter                           0x080050c5   Thumb Code    18  stm32f10x_rtc.o(.text)
    RTC_SetCounter                           0x080050d7   Thumb Code    26  stm32f10x_rtc.o(.text)
    RTC_SetPrescaler                         0x080050f1   Thumb Code    28  stm32f10x_rtc.o(.text)
    RTC_SetAlarm                             0x0800510d   Thumb Code    26  stm32f10x_rtc.o(.text)
    RTC_GetDivider                           0x08005127   Thumb Code    22  stm32f10x_rtc.o(.text)
    RTC_WaitForLastTask                      0x0800513d   Thumb Code    18  stm32f10x_rtc.o(.text)
    RTC_WaitForSynchro                       0x0800514f   Thumb Code    36  stm32f10x_rtc.o(.text)
    RTC_GetFlagStatus                        0x08005173   Thumb Code    22  stm32f10x_rtc.o(.text)
    RTC_ClearFlag                            0x08005189   Thumb Code    16  stm32f10x_rtc.o(.text)
    RTC_GetITStatus                          0x08005199   Thumb Code    32  stm32f10x_rtc.o(.text)
    RTC_ClearITPendingBit                    0x080051b9   Thumb Code    16  stm32f10x_rtc.o(.text)
    SPI_I2S_DeInit                           0x080051cd   Thumb Code    76  stm32f10x_spi.o(.text)
    SPI_Init                                 0x08005219   Thumb Code    60  stm32f10x_spi.o(.text)
    I2S_Init                                 0x08005255   Thumb Code   226  stm32f10x_spi.o(.text)
    SPI_StructInit                           0x08005337   Thumb Code    24  stm32f10x_spi.o(.text)
    I2S_StructInit                           0x0800534f   Thumb Code    20  stm32f10x_spi.o(.text)
    SPI_Cmd                                  0x08005363   Thumb Code    24  stm32f10x_spi.o(.text)
    I2S_Cmd                                  0x0800537b   Thumb Code    24  stm32f10x_spi.o(.text)
    SPI_I2S_ITConfig                         0x08005393   Thumb Code    32  stm32f10x_spi.o(.text)
    SPI_I2S_DMACmd                           0x080053b3   Thumb Code    18  stm32f10x_spi.o(.text)
    SPI_I2S_SendData                         0x080053c5   Thumb Code     4  stm32f10x_spi.o(.text)
    SPI_I2S_ReceiveData                      0x080053c9   Thumb Code     6  stm32f10x_spi.o(.text)
    SPI_NSSInternalSoftwareConfig            0x080053cf   Thumb Code    30  stm32f10x_spi.o(.text)
    SPI_SSOutputCmd                          0x080053ed   Thumb Code    24  stm32f10x_spi.o(.text)
    SPI_DataSizeConfig                       0x08005405   Thumb Code    18  stm32f10x_spi.o(.text)
    SPI_TransmitCRC                          0x08005417   Thumb Code    10  stm32f10x_spi.o(.text)
    SPI_CalculateCRC                         0x08005421   Thumb Code    24  stm32f10x_spi.o(.text)
    SPI_GetCRC                               0x08005439   Thumb Code    16  stm32f10x_spi.o(.text)
    SPI_GetCRCPolynomial                     0x08005449   Thumb Code     6  stm32f10x_spi.o(.text)
    SPI_BiDirectionalLineConfig              0x0800544f   Thumb Code    28  stm32f10x_spi.o(.text)
    SPI_I2S_GetFlagStatus                    0x0800546b   Thumb Code    18  stm32f10x_spi.o(.text)
    SPI_I2S_ClearFlag                        0x0800547d   Thumb Code     6  stm32f10x_spi.o(.text)
    SPI_I2S_GetITStatus                      0x08005483   Thumb Code    52  stm32f10x_spi.o(.text)
    SPI_I2S_ClearITPendingBit                0x080054b7   Thumb Code    20  stm32f10x_spi.o(.text)
    TIM_DeInit                               0x080054d9   Thumb Code   424  stm32f10x_tim.o(.text)
    TIM_TimeBaseInit                         0x08005681   Thumb Code   122  stm32f10x_tim.o(.text)
    TIM_OC1Init                              0x080056fb   Thumb Code   132  stm32f10x_tim.o(.text)
    TIM_OC2Init                              0x0800577f   Thumb Code   154  stm32f10x_tim.o(.text)
    TIM_OC3Init                              0x08005819   Thumb Code   150  stm32f10x_tim.o(.text)
    TIM_OC4Init                              0x080058af   Thumb Code   182  stm32f10x_tim.o(.text)
    TIM_SetIC4Prescaler                      0x08005965   Thumb Code    26  stm32f10x_tim.o(.text)
    TIM_SetIC3Prescaler                      0x08005a01   Thumb Code    18  stm32f10x_tim.o(.text)
    TIM_SetIC2Prescaler                      0x08005a8d   Thumb Code    26  stm32f10x_tim.o(.text)
    TIM_SetIC1Prescaler                      0x08005b29   Thumb Code    18  stm32f10x_tim.o(.text)
    TIM_ICInit                               0x08005ba7   Thumb Code   150  stm32f10x_tim.o(.text)
    TIM_PWMIConfig                           0x08005c3d   Thumb Code   124  stm32f10x_tim.o(.text)
    TIM_BDTRConfig                           0x08005cb9   Thumb Code    32  stm32f10x_tim.o(.text)
    TIM_TimeBaseStructInit                   0x08005cd9   Thumb Code    18  stm32f10x_tim.o(.text)
    TIM_OCStructInit                         0x08005ceb   Thumb Code    20  stm32f10x_tim.o(.text)
    TIM_ICStructInit                         0x08005cff   Thumb Code    18  stm32f10x_tim.o(.text)
    TIM_BDTRStructInit                       0x08005d11   Thumb Code    40  stm32f10x_tim.o(.text)
    TIM_Cmd                                  0x08005d39   Thumb Code    24  stm32f10x_tim.o(.text)
    TIM_CtrlPWMOutputs                       0x08005d51   Thumb Code    30  stm32f10x_tim.o(.text)
    TIM_ITConfig                             0x08005d6f   Thumb Code    18  stm32f10x_tim.o(.text)
    TIM_GenerateEvent                        0x08005d81   Thumb Code     4  stm32f10x_tim.o(.text)
    TIM_DMAConfig                            0x08005d85   Thumb Code    10  stm32f10x_tim.o(.text)
    TIM_DMACmd                               0x08005d8f   Thumb Code    18  stm32f10x_tim.o(.text)
    TIM_InternalClockConfig                  0x08005da1   Thumb Code    12  stm32f10x_tim.o(.text)
    TIM_SelectInputTrigger                   0x08005dad   Thumb Code    18  stm32f10x_tim.o(.text)
    TIM_ITRxExternalClockConfig              0x08005dbf   Thumb Code    24  stm32f10x_tim.o(.text)
    TIM_TIxExternalClockConfig               0x08005dd7   Thumb Code    62  stm32f10x_tim.o(.text)
    TIM_ETRConfig                            0x08005e15   Thumb Code    28  stm32f10x_tim.o(.text)
    TIM_ETRClockMode1Config                  0x08005e31   Thumb Code    54  stm32f10x_tim.o(.text)
    TIM_ETRClockMode2Config                  0x08005e67   Thumb Code    32  stm32f10x_tim.o(.text)
    TIM_PrescalerConfig                      0x08005e87   Thumb Code     6  stm32f10x_tim.o(.text)
    TIM_CounterModeConfig                    0x08005e8d   Thumb Code    18  stm32f10x_tim.o(.text)
    TIM_EncoderInterfaceConfig               0x08005e9f   Thumb Code    66  stm32f10x_tim.o(.text)
    TIM_ForcedOC1Config                      0x08005ee1   Thumb Code    18  stm32f10x_tim.o(.text)
    TIM_ForcedOC2Config                      0x08005ef3   Thumb Code    26  stm32f10x_tim.o(.text)
    TIM_ForcedOC3Config                      0x08005f0d   Thumb Code    18  stm32f10x_tim.o(.text)
    TIM_ForcedOC4Config                      0x08005f1f   Thumb Code    26  stm32f10x_tim.o(.text)
    TIM_ARRPreloadConfig                     0x08005f39   Thumb Code    24  stm32f10x_tim.o(.text)
    TIM_SelectCOM                            0x08005f51   Thumb Code    24  stm32f10x_tim.o(.text)
    TIM_SelectCCDMA                          0x08005f69   Thumb Code    24  stm32f10x_tim.o(.text)
    TIM_CCPreloadControl                     0x08005f81   Thumb Code    24  stm32f10x_tim.o(.text)
    TIM_OC1PreloadConfig                     0x08005f99   Thumb Code    18  stm32f10x_tim.o(.text)
    TIM_OC2PreloadConfig                     0x08005fab   Thumb Code    26  stm32f10x_tim.o(.text)
    TIM_OC3PreloadConfig                     0x08005fc5   Thumb Code    18  stm32f10x_tim.o(.text)
    TIM_OC4PreloadConfig                     0x08005fd7   Thumb Code    26  stm32f10x_tim.o(.text)
    TIM_OC1FastConfig                        0x08005ff1   Thumb Code    18  stm32f10x_tim.o(.text)
    TIM_OC2FastConfig                        0x08006003   Thumb Code    26  stm32f10x_tim.o(.text)
    TIM_OC3FastConfig                        0x0800601d   Thumb Code    18  stm32f10x_tim.o(.text)
    TIM_OC4FastConfig                        0x0800602f   Thumb Code    26  stm32f10x_tim.o(.text)
    TIM_ClearOC1Ref                          0x08006049   Thumb Code    18  stm32f10x_tim.o(.text)
    TIM_ClearOC2Ref                          0x0800605b   Thumb Code    24  stm32f10x_tim.o(.text)
    TIM_ClearOC3Ref                          0x08006073   Thumb Code    18  stm32f10x_tim.o(.text)
    TIM_ClearOC4Ref                          0x08006085   Thumb Code    24  stm32f10x_tim.o(.text)
    TIM_OC1PolarityConfig                    0x0800609d   Thumb Code    18  stm32f10x_tim.o(.text)
    TIM_OC1NPolarityConfig                   0x080060af   Thumb Code    18  stm32f10x_tim.o(.text)
    TIM_OC2PolarityConfig                    0x080060c1   Thumb Code    26  stm32f10x_tim.o(.text)
    TIM_OC2NPolarityConfig                   0x080060db   Thumb Code    26  stm32f10x_tim.o(.text)
    TIM_OC3PolarityConfig                    0x080060f5   Thumb Code    26  stm32f10x_tim.o(.text)
    TIM_OC3NPolarityConfig                   0x0800610f   Thumb Code    26  stm32f10x_tim.o(.text)
    TIM_OC4PolarityConfig                    0x08006129   Thumb Code    26  stm32f10x_tim.o(.text)
    TIM_CCxCmd                               0x08006143   Thumb Code    30  stm32f10x_tim.o(.text)
    TIM_CCxNCmd                              0x08006161   Thumb Code    30  stm32f10x_tim.o(.text)
    TIM_SelectOCxM                           0x0800617f   Thumb Code    82  stm32f10x_tim.o(.text)
    TIM_UpdateDisableConfig                  0x080061d1   Thumb Code    24  stm32f10x_tim.o(.text)
    TIM_UpdateRequestConfig                  0x080061e9   Thumb Code    24  stm32f10x_tim.o(.text)
    TIM_SelectHallSensor                     0x08006201   Thumb Code    24  stm32f10x_tim.o(.text)
    TIM_SelectOnePulseMode                   0x08006219   Thumb Code    18  stm32f10x_tim.o(.text)
    TIM_SelectOutputTrigger                  0x0800622b   Thumb Code    18  stm32f10x_tim.o(.text)
    TIM_SelectSlaveMode                      0x0800623d   Thumb Code    18  stm32f10x_tim.o(.text)
    TIM_SelectMasterSlaveMode                0x0800624f   Thumb Code    18  stm32f10x_tim.o(.text)
    TIM_SetCounter                           0x08006261   Thumb Code     4  stm32f10x_tim.o(.text)
    TIM_SetAutoreload                        0x08006265   Thumb Code     4  stm32f10x_tim.o(.text)
    TIM_SetCompare1                          0x08006269   Thumb Code     4  stm32f10x_tim.o(.text)
    TIM_SetCompare2                          0x0800626d   Thumb Code     4  stm32f10x_tim.o(.text)
    TIM_SetCompare3                          0x08006271   Thumb Code     4  stm32f10x_tim.o(.text)
    TIM_SetCompare4                          0x08006275   Thumb Code     6  stm32f10x_tim.o(.text)
    TIM_SetClockDivision                     0x0800627b   Thumb Code    18  stm32f10x_tim.o(.text)
    TIM_GetCapture1                          0x0800628d   Thumb Code     6  stm32f10x_tim.o(.text)
    TIM_GetCapture2                          0x08006293   Thumb Code     6  stm32f10x_tim.o(.text)
    TIM_GetCapture3                          0x08006299   Thumb Code     6  stm32f10x_tim.o(.text)
    TIM_GetCapture4                          0x0800629f   Thumb Code     8  stm32f10x_tim.o(.text)
    TIM_GetCounter                           0x080062a7   Thumb Code     6  stm32f10x_tim.o(.text)
    TIM_GetPrescaler                         0x080062ad   Thumb Code     6  stm32f10x_tim.o(.text)
    TIM_GetFlagStatus                        0x080062b3   Thumb Code    18  stm32f10x_tim.o(.text)
    TIM_ClearFlag                            0x080062c5   Thumb Code     6  stm32f10x_tim.o(.text)
    TIM_GetITStatus                          0x080062cb   Thumb Code    34  stm32f10x_tim.o(.text)
    TIM_ClearITPendingBit                    0x080062ed   Thumb Code     6  stm32f10x_tim.o(.text)
    USART_DeInit                             0x080062f5   Thumb Code   134  stm32f10x_usart.o(.text)
    USART_Init                               0x0800637b   Thumb Code   210  stm32f10x_usart.o(.text)
    USART_StructInit                         0x0800644d   Thumb Code    24  stm32f10x_usart.o(.text)
    USART_ClockInit                          0x08006465   Thumb Code    34  stm32f10x_usart.o(.text)
    USART_ClockStructInit                    0x08006487   Thumb Code    12  stm32f10x_usart.o(.text)
    USART_Cmd                                0x08006493   Thumb Code    24  stm32f10x_usart.o(.text)
    USART_ITConfig                           0x080064ab   Thumb Code    74  stm32f10x_usart.o(.text)
    USART_DMACmd                             0x080064f5   Thumb Code    18  stm32f10x_usart.o(.text)
    USART_SetAddress                         0x08006507   Thumb Code    18  stm32f10x_usart.o(.text)
    USART_WakeUpConfig                       0x08006519   Thumb Code    18  stm32f10x_usart.o(.text)
    USART_ReceiverWakeUpCmd                  0x0800652b   Thumb Code    24  stm32f10x_usart.o(.text)
    USART_LINBreakDetectLengthConfig         0x08006543   Thumb Code    18  stm32f10x_usart.o(.text)
    USART_LINCmd                             0x08006555   Thumb Code    24  stm32f10x_usart.o(.text)
    USART_SendData                           0x0800656d   Thumb Code     8  stm32f10x_usart.o(.text)
    USART_ReceiveData                        0x08006575   Thumb Code    10  stm32f10x_usart.o(.text)
    USART_SendBreak                          0x0800657f   Thumb Code    10  stm32f10x_usart.o(.text)
    USART_SetGuardTime                       0x08006589   Thumb Code    16  stm32f10x_usart.o(.text)
    USART_SetPrescaler                       0x08006599   Thumb Code    16  stm32f10x_usart.o(.text)
    USART_SmartCardCmd                       0x080065a9   Thumb Code    24  stm32f10x_usart.o(.text)
    USART_SmartCardNACKCmd                   0x080065c1   Thumb Code    24  stm32f10x_usart.o(.text)
    USART_HalfDuplexCmd                      0x080065d9   Thumb Code    24  stm32f10x_usart.o(.text)
    USART_OverSampling8Cmd                   0x080065f1   Thumb Code    22  stm32f10x_usart.o(.text)
    USART_OneBitMethodCmd                    0x08006607   Thumb Code    24  stm32f10x_usart.o(.text)
    USART_IrDAConfig                         0x0800661f   Thumb Code    18  stm32f10x_usart.o(.text)
    USART_IrDACmd                            0x08006631   Thumb Code    24  stm32f10x_usart.o(.text)
    USART_GetFlagStatus                      0x08006649   Thumb Code    26  stm32f10x_usart.o(.text)
    USART_ClearFlag                          0x08006663   Thumb Code    18  stm32f10x_usart.o(.text)
    USART_GetITStatus                        0x08006675   Thumb Code    84  stm32f10x_usart.o(.text)
    USART_ClearITPendingBit                  0x080066c9   Thumb Code    52  stm32f10x_usart.o(.text)
    __use_no_semihosting                     0x080066fd   Thumb Code     2  use_no_semi_2.o(.text)
    __aeabi_memcpy4                          0x080066ff   Thumb Code     0  rt_memcpy_w.o(.text)
    __aeabi_memcpy8                          0x080066ff   Thumb Code     0  rt_memcpy_w.o(.text)
    __rt_memcpy_w                            0x080066ff   Thumb Code   100  rt_memcpy_w.o(.text)
    _memcpy_lastbytes_aligned                0x08006747   Thumb Code     0  rt_memcpy_w.o(.text)
    __use_two_region_memory                  0x08006763   Thumb Code     2  heapauxi.o(.text)
    __rt_heap_escrow$2region                 0x08006765   Thumb Code     2  heapauxi.o(.text)
    __rt_heap_expand$2region                 0x08006767   Thumb Code     2  heapauxi.o(.text)
    __I$use$semihosting                      0x08006769   Thumb Code     0  use_no_semi.o(.text)
    __use_no_semihosting_swi                 0x08006769   Thumb Code     2  use_no_semi.o(.text)
    __read_errno                             0x0800676b   Thumb Code    10  _rserrno.o(.text)
    __set_errno                              0x08006775   Thumb Code    12  _rserrno.o(.text)
    __aeabi_errno_addr                       0x08006781   Thumb Code     8  rt_errno_addr_intlibspace.o(.text)
    __errno$intlibspace                      0x08006781   Thumb Code     0  rt_errno_addr_intlibspace.o(.text)
    __rt_errno_addr$intlibspace              0x08006781   Thumb Code     0  rt_errno_addr_intlibspace.o(.text)
    __user_libspace                          0x08006789   Thumb Code     8  libspace.o(.text)
    __user_perproc_libspace                  0x08006789   Thumb Code     0  libspace.o(.text)
    __user_perthread_libspace                0x08006789   Thumb Code     0  libspace.o(.text)
    __user_setup_stackheap                   0x08006791   Thumb Code    74  sys_stackheap_outer.o(.text)
    exit                                     0x080067db   Thumb Code    12  exit.o(.text)
    sqrt                                     0x080067e7   Thumb Code    76  sqrt.o(i.sqrt)
    __fpl_dcmp_Inf                           0x08006833   Thumb Code    24  dcmpi.o(x$fpl$dcmpinf)
    __aeabi_d2uiz                            0x0800684d   Thumb Code     0  dfixu.o(x$fpl$dfixu)
    _dfixu                                   0x0800684d   Thumb Code    90  dfixu.o(x$fpl$dfixu)
    __aeabi_ui2d                             0x080068a7   Thumb Code     0  dflt_clz.o(x$fpl$dfltu)
    _dfltu                                   0x080068a7   Thumb Code    38  dflt_clz.o(x$fpl$dfltu)
    __aeabi_cdcmple                          0x080068cd   Thumb Code     0  dleqf.o(x$fpl$dleqf)
    _dcmple                                  0x080068cd   Thumb Code   120  dleqf.o(x$fpl$dleqf)
    __fpl_dcmple_InfNaN                      0x0800692f   Thumb Code     0  dleqf.o(x$fpl$dleqf)
    __fpl_dnaninf                            0x08006945   Thumb Code   156  dnaninf.o(x$fpl$dnaninf)
    __fpl_dretinf                            0x080069e1   Thumb Code    12  dretinf.o(x$fpl$dretinf)
    __aeabi_cdrcmple                         0x080069ed   Thumb Code     0  drleqf.o(x$fpl$drleqf)
    _drcmple                                 0x080069ed   Thumb Code   108  drleqf.o(x$fpl$drleqf)
    _dsqrt                                   0x08006a59   Thumb Code   456  dsqrt_noumaal.o(x$fpl$dsqrt)
    __aeabi_f2d                              0x08006c25   Thumb Code     0  f2d.o(x$fpl$f2d)
    _f2d                                     0x08006c25   Thumb Code    86  f2d.o(x$fpl$f2d)
    __aeabi_fadd                             0x08006c7d   Thumb Code     0  faddsub_clz.o(x$fpl$fadd)
    _fadd                                    0x08006c7d   Thumb Code   196  faddsub_clz.o(x$fpl$fadd)
    __aeabi_fdiv                             0x08006d41   Thumb Code     0  fdiv.o(x$fpl$fdiv)
    _fdiv                                    0x08006d41   Thumb Code   384  fdiv.o(x$fpl$fdiv)
    __aeabi_f2iz                             0x08006ec5   Thumb Code     0  ffix.o(x$fpl$ffix)
    _ffix                                    0x08006ec5   Thumb Code    54  ffix.o(x$fpl$ffix)
    __aeabi_f2uiz                            0x08006efd   Thumb Code     0  ffixu.o(x$fpl$ffixu)
    _ffixu                                   0x08006efd   Thumb Code    62  ffixu.o(x$fpl$ffixu)
    __aeabi_i2f                              0x08006f3d   Thumb Code     0  fflt_clz.o(x$fpl$fflt)
    _fflt                                    0x08006f3d   Thumb Code    48  fflt_clz.o(x$fpl$fflt)
    __aeabi_ui2f                             0x08006f6d   Thumb Code     0  fflt_clz.o(x$fpl$ffltu)
    _ffltu                                   0x08006f6d   Thumb Code    38  fflt_clz.o(x$fpl$ffltu)
    __aeabi_fmul                             0x08006f95   Thumb Code     0  fmul.o(x$fpl$fmul)
    _fmul                                    0x08006f95   Thumb Code   258  fmul.o(x$fpl$fmul)
    __fpl_fnaninf                            0x08007097   Thumb Code   140  fnaninf.o(x$fpl$fnaninf)
    __fpl_fretinf                            0x08007123   Thumb Code    10  fretinf.o(x$fpl$fretinf)
    __aeabi_frsub                            0x0800712d   Thumb Code     0  faddsub_clz.o(x$fpl$frsb)
    _frsb                                    0x0800712d   Thumb Code    20  faddsub_clz.o(x$fpl$frsb)
    __aeabi_fsub                             0x08007141   Thumb Code     0  faddsub_clz.o(x$fpl$fsub)
    _fsub                                    0x08007141   Thumb Code   234  faddsub_clz.o(x$fpl$fsub)
    __I$use$fp                               0x0800722a   Number         0  usenofp.o(x$fpl$usenofp)
    keytab                                   0x0800722a   Data          31  main.o(.constdata)
    tab                                      0x08007249   Data          16  main.o(.constdata)
    asc2_1206                                0x08007259   Data        1140  lcd.o(.constdata)
    asc2_1608                                0x080076cd   Data        1520  lcd.o(.constdata)
    HZK16_4                                  0x08007cbd   Data       66904  lcd.o(.constdata)
    table_week                               0x08018215   Data          12  rtc.o(.constdata)
    mon_table                                0x08018221   Data          12  rtc.o(.constdata)
    Month_Tab                                0x0801822d   Data          36  rtc.o(.constdata)
    Region$$Table$$Base                      0x080182d4   Number         0  anon$$obj.o(Region$$Table)
    Region$$Table$$Limit                     0x080182f4   Number         0  anon$$obj.o(Region$$Table)
    COMPILED_DATE                            0x20000000   Data           4  main.o(.data)
    COMPILED_TIME                            0x20000004   Data           4  main.o(.data)
    Week                                     0x20000008   Data          28  main.o(.data)
    prev                                     0x20000024   Data           4  main.o(.data)
    next                                     0x20000028   Data           4  main.o(.data)
    play                                     0x2000002c   Data           4  main.o(.data)
    pause                                    0x20000030   Data           4  main.o(.data)
    vol_i                                    0x20000034   Data           4  main.o(.data)
    vol_d                                    0x20000038   Data           4  main.o(.data)
    stop                                     0x2000003c   Data           4  main.o(.data)
    mode_u                                   0x20000040   Data           4  main.o(.data)
    mode_tf                                  0x20000044   Data           4  main.o(.data)
    mode_flash                               0x20000048   Data           4  main.o(.data)
    num                                      0x2000004c   Data           4  main.o(.data)
    point_fire                               0x20000050   Data           6  main.o(.data)
    point_rain                               0x20000056   Data           6  main.o(.data)
    point_metal                              0x2000005c   Data           6  main.o(.data)
    point_vibration                          0x20000062   Data           6  main.o(.data)
    SystemCoreClock                          0x20000068   Data           4  system_stm32f10x.o(.data)
    AHBPrescTable                            0x2000006c   Data          16  system_stm32f10x.o(.data)
    DeviceCode                               0x2000007c   Data           2  lcd.o(.data)
    POINT_COLOR                              0x2000007e   Data           2  lcd.o(.data)
    BACK_COLOR                               0x20000080   Data           2  lcd.o(.data)
    hz0                                      0x20000082   Data          32  lcd.o(.data)
    hz1                                      0x200000a2   Data          32  lcd.o(.data)
    CMD_RDX                                  0x200000c2   Data           1  touch.o(.data)
    CMD_RDY                                  0x200000c3   Data           1  touch.o(.data)
    ge                                       0x200000c8   Data           1  bmp180.o(.data)
    shi                                      0x200000c9   Data           1  bmp180.o(.data)
    bai                                      0x200000ca   Data           1  bmp180.o(.data)
    qian                                     0x200000cb   Data           1  bmp180.o(.data)
    wan                                      0x200000cc   Data           1  bmp180.o(.data)
    shiwan                                   0x200000cd   Data           1  bmp180.o(.data)
    ac1                                      0x200000ce   Data           2  bmp180.o(.data)
    ac2                                      0x200000d0   Data           2  bmp180.o(.data)
    ac3                                      0x200000d2   Data           2  bmp180.o(.data)
    ac4                                      0x200000d4   Data           2  bmp180.o(.data)
    ac5                                      0x200000d6   Data           2  bmp180.o(.data)
    ac6                                      0x200000d8   Data           2  bmp180.o(.data)
    b1                                       0x200000da   Data           2  bmp180.o(.data)
    b2                                       0x200000dc   Data           2  bmp180.o(.data)
    mb                                       0x200000de   Data           2  bmp180.o(.data)
    mc                                       0x200000e0   Data           2  bmp180.o(.data)
    md                                       0x200000e2   Data           2  bmp180.o(.data)
    temperature                              0x200000e4   Data           4  bmp180.o(.data)
    pressure                                 0x200000e8   Data           4  bmp180.o(.data)
    tempdat                                  0x200000ec   Data           4  bmp180.o(.data)
    outdata                                  0x200000f0   Data           6  bmp180.o(.data)
    c                                        0x200000f6   Data           4  tm1638.o(.data)
    cmd_AT                                   0x200000fa   Data           4  esp8266.o(.data)
    cmd_AT_CWMODE                            0x200000fe   Data          13  esp8266.o(.data)
    cmd_CIPMUX                               0x2000010b   Data          13  esp8266.o(.data)
    cmd_CIPSERVER                            0x20000118   Data          21  esp8266.o(.data)
    cmd_CIPSEND                              0x2000012d   Data          16  esp8266.o(.data)
    g_flag1                                  0x20000144   Data           1  usart.o(.data)
    g_flag2                                  0x20000145   Data           1  usart.o(.data)
    A_count                                  0x20000146   Data           1  usart.o(.data)
    B_count                                  0x20000147   Data           1  usart.o(.data)
    DBufferFlag1                             0x20000148   Data           1  usart.o(.data)
    DBufferFlag2                             0x20000149   Data           1  usart.o(.data)
    __stdout                                 0x2000014c   Data           4  usart.o(.data)
    USART_RX_STA                             0x20000150   Data           2  usart.o(.data)
    SPI_FLASH_BUF                            0x20000168   Data        4096  flash.o(.bss)
    Pen_Point                                0x20001168   Data          28  touch.o(.bss)
    SPI_InitStructure                        0x20001184   Data          18  spi.o(.bss)
    timer                                    0x20001196   Data          10  rtc.o(.bss)
    BufferA                                  0x200011a0   Data          20  usart.o(.bss)
    BufferB                                  0x200011b4   Data          20  usart.o(.bss)
    message                                  0x200011c8   Data          10  usart.o(.bss)
    USART_RX_BUF                             0x200011d2   Data         200  usart.o(.bss)
    __libspace_start                         0x2000129c   Data          96  libspace.o(.bss)
    __temporary_stack_top$libspace           0x200012fc   Data           0  libspace.o(.bss)



==============================================================================

Memory Map of the image

  Image Entry point : 0x080000ed

  Load Region LR_IROM1 (Base: 0x08000000, Size: 0x0001845c, Max: 0x00020000, ABSOLUTE, COMPRESSED[0x000183d8])

    Execution Region ER_IROM1 (Base: 0x08000000, Size: 0x000182f4, Max: 0x00020000, ABSOLUTE)

    Base Addr    Size         Type   Attr      Idx    E Section Name        Object

    0x08000000   0x000000ec   Data   RO          530    RESET               startup_stm32f10x_md.o
    0x080000ec   0x00000008   Code   RO          821  * !!!main             c_w.l(__main.o)
    0x080000f4   0x00000034   Code   RO         1047    !!!scatter          c_w.l(__scatter.o)
    0x08000128   0x0000005a   Code   RO         1045    !!dczerorl2         c_w.l(__dczerorl2.o)
    0x08000182   0x00000002   PAD
    0x08000184   0x0000001c   Code   RO         1049    !!handler_zi        c_w.l(__scatter_zi.o)
    0x080001a0   0x00000002   Code   RO          923    .ARM.Collect$$libinit$$00000000  c_w.l(libinit.o)
    0x080001a2   0x00000000   Code   RO          927    .ARM.Collect$$libinit$$00000002  c_w.l(libinit2.o)
    0x080001a2   0x00000000   Code   RO          929    .ARM.Collect$$libinit$$00000004  c_w.l(libinit2.o)
    0x080001a2   0x00000000   Code   RO          932    .ARM.Collect$$libinit$$0000000A  c_w.l(libinit2.o)
    0x080001a2   0x00000000   Code   RO          934    .ARM.Collect$$libinit$$0000000C  c_w.l(libinit2.o)
    0x080001a2   0x00000000   Code   RO          936    .ARM.Collect$$libinit$$0000000E  c_w.l(libinit2.o)
    0x080001a2   0x00000000   Code   RO          939    .ARM.Collect$$libinit$$00000011  c_w.l(libinit2.o)
    0x080001a2   0x00000000   Code   RO          941    .ARM.Collect$$libinit$$00000013  c_w.l(libinit2.o)
    0x080001a2   0x00000000   Code   RO          943    .ARM.Collect$$libinit$$00000015  c_w.l(libinit2.o)
    0x080001a2   0x00000000   Code   RO          945    .ARM.Collect$$libinit$$00000017  c_w.l(libinit2.o)
    0x080001a2   0x00000000   Code   RO          947    .ARM.Collect$$libinit$$00000019  c_w.l(libinit2.o)
    0x080001a2   0x00000000   Code   RO          949    .ARM.Collect$$libinit$$0000001B  c_w.l(libinit2.o)
    0x080001a2   0x00000000   Code   RO          951    .ARM.Collect$$libinit$$0000001D  c_w.l(libinit2.o)
    0x080001a2   0x00000000   Code   RO          953    .ARM.Collect$$libinit$$0000001F  c_w.l(libinit2.o)
    0x080001a2   0x00000000   Code   RO          955    .ARM.Collect$$libinit$$00000021  c_w.l(libinit2.o)
    0x080001a2   0x00000000   Code   RO          957    .ARM.Collect$$libinit$$00000023  c_w.l(libinit2.o)
    0x080001a2   0x00000000   Code   RO          959    .ARM.Collect$$libinit$$00000025  c_w.l(libinit2.o)
    0x080001a2   0x00000000   Code   RO          963    .ARM.Collect$$libinit$$0000002C  c_w.l(libinit2.o)
    0x080001a2   0x00000000   Code   RO          965    .ARM.Collect$$libinit$$0000002E  c_w.l(libinit2.o)
    0x080001a2   0x00000000   Code   RO          967    .ARM.Collect$$libinit$$00000030  c_w.l(libinit2.o)
    0x080001a2   0x00000000   Code   RO          969    .ARM.Collect$$libinit$$00000032  c_w.l(libinit2.o)
    0x080001a2   0x00000002   Code   RO          970    .ARM.Collect$$libinit$$00000033  c_w.l(libinit2.o)
    0x080001a4   0x00000002   Code   RO          988    .ARM.Collect$$libshutdown$$00000000  c_w.l(libshutdown.o)
    0x080001a6   0x00000000   Code   RO          999    .ARM.Collect$$libshutdown$$00000003  c_w.l(libshutdown2.o)
    0x080001a6   0x00000000   Code   RO         1002    .ARM.Collect$$libshutdown$$00000006  c_w.l(libshutdown2.o)
    0x080001a6   0x00000000   Code   RO         1005    .ARM.Collect$$libshutdown$$00000009  c_w.l(libshutdown2.o)
    0x080001a6   0x00000000   Code   RO         1007    .ARM.Collect$$libshutdown$$0000000B  c_w.l(libshutdown2.o)
    0x080001a6   0x00000000   Code   RO         1010    .ARM.Collect$$libshutdown$$0000000E  c_w.l(libshutdown2.o)
    0x080001a6   0x00000002   Code   RO         1011    .ARM.Collect$$libshutdown$$0000000F  c_w.l(libshutdown2.o)
    0x080001a8   0x00000000   Code   RO          875    .ARM.Collect$$rtentry$$00000000  c_w.l(__rtentry.o)
    0x080001a8   0x00000000   Code   RO          892    .ARM.Collect$$rtentry$$00000002  c_w.l(__rtentry2.o)
    0x080001a8   0x00000006   Code   RO          904    .ARM.Collect$$rtentry$$00000004  c_w.l(__rtentry4.o)
    0x080001ae   0x00000000   Code   RO          894    .ARM.Collect$$rtentry$$00000009  c_w.l(__rtentry2.o)
    0x080001ae   0x00000004   Code   RO          895    .ARM.Collect$$rtentry$$0000000A  c_w.l(__rtentry2.o)
    0x080001b2   0x00000000   Code   RO          897    .ARM.Collect$$rtentry$$0000000C  c_w.l(__rtentry2.o)
    0x080001b2   0x00000008   Code   RO          898    .ARM.Collect$$rtentry$$0000000D  c_w.l(__rtentry2.o)
    0x080001ba   0x00000002   Code   RO          924    .ARM.Collect$$rtexit$$00000000  c_w.l(rtexit.o)
    0x080001bc   0x00000000   Code   RO          972    .ARM.Collect$$rtexit$$00000002  c_w.l(rtexit2.o)
    0x080001bc   0x00000004   Code   RO          973    .ARM.Collect$$rtexit$$00000003  c_w.l(rtexit2.o)
    0x080001c0   0x00000006   Code   RO          974    .ARM.Collect$$rtexit$$00000004  c_w.l(rtexit2.o)
    0x080001c6   0x00000002   PAD
    0x080001c8   0x000004c2   Code   RO            1    .text               main.o
    0x0800068a   0x0000001a   Code   RO          176    .text               stm32f10x_it.o
    0x080006a4   0x000001e0   Code   RO          217    .text               system_stm32f10x.o
    0x08000884   0x00000040   Code   RO          235    .text               led.o
    0x080008c4   0x00000090   Code   RO          247    .text               timer.o
    0x08000954   0x000010c4   Code   RO          262    .text               lcd.o
    0x08001a18   0x0000032c   Code   RO          294    .text               flash.o
    0x08001d44   0x00000ea8   Code   RO          312    .text               touch.o
    0x08002bec   0x0000017a   Code   RO          335    .text               24cxx.o
    0x08002d66   0x00000002   PAD
    0x08002d68   0x00000234   Code   RO          347    .text               myiic.o
    0x08002f9c   0x000000e0   Code   RO          377    .text               spi.o
    0x0800307c   0x000005c4   Code   RO          392    .text               rtc.o
    0x08003640   0x000006ec   Code   RO          413    .text               bmp180.o
    0x08003d2c   0x000003e8   Code   RO          429    .text               tm1638.o
    0x08004114   0x0000011c   Code   RO          449    .text               esp8266.o
    0x08004230   0x000000ac   Code   RO          464    .text               delay.o
    0x080042dc   0x0000000c   Code   RO          478    .text               sys.o
    0x080042e8   0x000002d4   Code   RO          490    .text               usart.o
    0x080045bc   0x00000040   Code   RO          531    .text               startup_stm32f10x_md.o
    0x080045fc   0x000000dc   Code   RO          535    .text               misc.o
    0x080046d8   0x000000c4   Code   RO          559    .text               stm32f10x_bkp.o
    0x0800479c   0x0000011c   Code   RO          643    .text               stm32f10x_exti.o
    0x080048b8   0x0000035c   Code   RO          679    .text               stm32f10x_gpio.o
    0x08004c14   0x000000cc   Code   RO          715    .text               stm32f10x_pwr.o
    0x08004ce0   0x000003a4   Code   RO          727    .text               stm32f10x_rcc.o
    0x08005084   0x00000148   Code   RO          741    .text               stm32f10x_rtc.o
    0x080051cc   0x0000030c   Code   RO          765    .text               stm32f10x_spi.o
    0x080054d8   0x00000e1a   Code   RO          777    .text               stm32f10x_tim.o
    0x080062f2   0x00000002   PAD
    0x080062f4   0x00000408   Code   RO          789    .text               stm32f10x_usart.o
    0x080066fc   0x00000002   Code   RO          815    .text               c_w.l(use_no_semi_2.o)
    0x080066fe   0x00000064   Code   RO          817    .text               c_w.l(rt_memcpy_w.o)
    0x08006762   0x00000006   Code   RO          819    .text               c_w.l(heapauxi.o)
    0x08006768   0x00000002   Code   RO          873    .text               c_w.l(use_no_semi.o)
    0x0800676a   0x00000016   Code   RO          876    .text               c_w.l(_rserrno.o)
    0x08006780   0x00000008   Code   RO          909    .text               c_w.l(rt_errno_addr_intlibspace.o)
    0x08006788   0x00000008   Code   RO          911    .text               c_w.l(libspace.o)
    0x08006790   0x0000004a   Code   RO          914    .text               c_w.l(sys_stackheap_outer.o)
    0x080067da   0x0000000c   Code   RO          916    .text               c_w.l(exit.o)
    0x080067e6   0x0000004c   Code   RO          866    i.sqrt              m_ws.l(sqrt.o)
    0x08006832   0x00000018   Code   RO          878    x$fpl$dcmpinf       fz_ws.l(dcmpi.o)
    0x0800684a   0x00000002   PAD
    0x0800684c   0x0000005a   Code   RO          823    x$fpl$dfixu         fz_ws.l(dfixu.o)
    0x080068a6   0x00000026   Code   RO          827    x$fpl$dfltu         fz_ws.l(dflt_clz.o)
    0x080068cc   0x00000078   Code   RO          833    x$fpl$dleqf         fz_ws.l(dleqf.o)
    0x08006944   0x0000009c   Code   RO          880    x$fpl$dnaninf       fz_ws.l(dnaninf.o)
    0x080069e0   0x0000000c   Code   RO          882    x$fpl$dretinf       fz_ws.l(dretinf.o)
    0x080069ec   0x0000006c   Code   RO          835    x$fpl$drleqf        fz_ws.l(drleqf.o)
    0x08006a58   0x000001cc   Code   RO          884    x$fpl$dsqrt         fz_ws.l(dsqrt_noumaal.o)
    0x08006c24   0x00000056   Code   RO          837    x$fpl$f2d           fz_ws.l(f2d.o)
    0x08006c7a   0x00000002   PAD
    0x08006c7c   0x000000c4   Code   RO          839    x$fpl$fadd          fz_ws.l(faddsub_clz.o)
    0x08006d40   0x00000184   Code   RO          846    x$fpl$fdiv          fz_ws.l(fdiv.o)
    0x08006ec4   0x00000036   Code   RO          849    x$fpl$ffix          fz_ws.l(ffix.o)
    0x08006efa   0x00000002   PAD
    0x08006efc   0x0000003e   Code   RO          853    x$fpl$ffixu         fz_ws.l(ffixu.o)
    0x08006f3a   0x00000002   PAD
    0x08006f3c   0x00000030   Code   RO          858    x$fpl$fflt          fz_ws.l(fflt_clz.o)
    0x08006f6c   0x00000026   Code   RO          857    x$fpl$ffltu         fz_ws.l(fflt_clz.o)
    0x08006f92   0x00000002   PAD
    0x08006f94   0x00000102   Code   RO          863    x$fpl$fmul          fz_ws.l(fmul.o)
    0x08007096   0x0000008c   Code   RO          886    x$fpl$fnaninf       fz_ws.l(fnaninf.o)
    0x08007122   0x0000000a   Code   RO          888    x$fpl$fretinf       fz_ws.l(fretinf.o)
    0x0800712c   0x00000014   Code   RO          840    x$fpl$frsb          fz_ws.l(faddsub_clz.o)
    0x08007140   0x000000ea   Code   RO          841    x$fpl$fsub          fz_ws.l(faddsub_clz.o)
    0x0800722a   0x00000000   Code   RO          890    x$fpl$usenofp       fz_ws.l(usenofp.o)
    0x0800722a   0x0000002f   Data   RO            2    .constdata          main.o
    0x08007259   0x00010fbc   Data   RO          263    .constdata          lcd.o
    0x08018215   0x0000003c   Data   RO          394    .constdata          rtc.o
    0x08018251   0x00000003   PAD
    0x08018254   0x00000023   Data   RO          414    .constdata          bmp180.o
    0x08018277   0x00000001   PAD
    0x08018278   0x00000059   Data   RO            3    .conststring        main.o
    0x080182d1   0x00000003   PAD
    0x080182d4   0x00000020   Data   RO         1043    Region$$Table       anon$$obj.o


    Execution Region RW_IRAM1 (Base: 0x20000000, Size: 0x00001900, Max: 0x00005000, ABSOLUTE, COMPRESSED[0x000000e4])

    Base Addr    Size         Type   Attr      Idx    E Section Name        Object

    0x20000000   0x00000068   Data   RW            4    .data               main.o
    0x20000068   0x00000014   Data   RW          218    .data               system_stm32f10x.o
    0x2000007c   0x00000046   Data   RW          264    .data               lcd.o
    0x200000c2   0x00000002   Data   RW          314    .data               touch.o
    0x200000c4   0x00000002   Data   RW          395    .data               rtc.o
    0x200000c6   0x00000002   PAD
    0x200000c8   0x0000002e   Data   RW          415    .data               bmp180.o
    0x200000f6   0x00000004   Data   RW          431    .data               tm1638.o
    0x200000fa   0x00000043   Data   RW          450    .data               esp8266.o
    0x2000013d   0x00000001   PAD
    0x2000013e   0x00000004   Data   RW          465    .data               delay.o
    0x20000142   0x00000002   PAD
    0x20000144   0x0000000e   Data   RW          492    .data               usart.o
    0x20000152   0x00000014   Data   RW          728    .data               stm32f10x_rcc.o
    0x20000166   0x00000002   PAD
    0x20000168   0x00001000   Zero   RW          295    .bss                flash.o
    0x20001168   0x0000001c   Zero   RW          313    .bss                touch.o
    0x20001184   0x00000012   Zero   RW          378    .bss                spi.o
    0x20001196   0x0000000a   Zero   RW          393    .bss                rtc.o
    0x200011a0   0x000000fa   Zero   RW          491    .bss                usart.o
    0x2000129a   0x00000002   PAD
    0x2000129c   0x00000060   Zero   RW          912    .bss                c_w.l(libspace.o)
    0x200012fc   0x00000004   PAD
    0x20001300   0x00000200   Zero   RW          529    HEAP                startup_stm32f10x_md.o
    0x20001500   0x00000400   Zero   RW          528    STACK               startup_stm32f10x_md.o


==============================================================================

Image component sizes


      Code (inc. data)   RO Data    RW Data    ZI Data      Debug   Object Name

       378          0          0          0          0       2670   24cxx.o
      1772        122         35         46          0       6541   bmp180.o
         0          0          0          0          0         32   core_cm3.o
       172          8          0          4          0       1071   delay.o
       284         28          0         67          0       1910   esp8266.o
       812         18          0          0       4096       4294   flash.o
      4292         68      69564         70          0      10070   lcd.o
        64         10          0          0          0        499   led.o
      1218        126        136        104          0     266926   main.o
       220         22          0          0          0       1817   misc.o
       564         14          0          0          0       2151   myiic.o
      1476         68         60          2         10       4612   rtc.o
       224         14          0          0         18       1285   spi.o
        64         26        236          0       1536        836   startup_stm32f10x_md.o
       196          8          0          0          0       3480   stm32f10x_bkp.o
       284         10          0          0          0       2251   stm32f10x_exti.o
       860         38          0          0          0       5665   stm32f10x_gpio.o
        26          0          0          0          0       1190   stm32f10x_it.o
       204         14          0          0          0       1927   stm32f10x_pwr.o
       932         36          0         20          0       8848   stm32f10x_rcc.o
       328          4          0          0          0       2678   stm32f10x_rtc.o
       780         14          0          0          0       6546   stm32f10x_spi.o
      3610         88          0          0          0      22148   stm32f10x_tim.o
      1032         22          0          0          0       8388   stm32f10x_usart.o
        12          0          0          0          0        461   sys.o
       480         38          0         20          0       1767   system_stm32f10x.o
       144          8          0          0          0        774   timer.o
      1000         22          0          4          0       3986   tm1638.o
      3752        302          0          2         28       6334   touch.o
       724         34          0         14        250      19813   usart.o

    ----------------------------------------------------------------------
     25908       1162      70070        360       5940     400970   Object Totals
         0          0         32          0          0          0   (incl. Generated)
         4          0          7          7          2          0   (incl. Padding)

    ----------------------------------------------------------------------

      Code (inc. data)   RO Data    RW Data    ZI Data      Debug   Library Member Name

        90          0          0          0          0          0   __dczerorl2.o
         8          0          0          0          0         68   __main.o
         0          0          0          0          0          0   __rtentry.o
        12          0          0          0          0          0   __rtentry2.o
         6          0          0          0          0          0   __rtentry4.o
        52          8          0          0          0          0   __scatter.o
        28          0          0          0          0          0   __scatter_zi.o
        22          0          0          0          0        100   _rserrno.o
        12          0          0          0          0         72   exit.o
         6          0          0          0          0        152   heapauxi.o
         2          0          0          0          0          0   libinit.o
         2          0          0          0          0          0   libinit2.o
         2          0          0          0          0          0   libshutdown.o
         2          0          0          0          0          0   libshutdown2.o
         8          4          0          0         96         68   libspace.o
         8          4          0          0          0         68   rt_errno_addr_intlibspace.o
       100          0          0          0          0         80   rt_memcpy_w.o
         2          0          0          0          0          0   rtexit.o
        10          0          0          0          0          0   rtexit2.o
        74          0          0          0          0         80   sys_stackheap_outer.o
         2          0          0          0          0         68   use_no_semi.o
         2          0          0          0          0         68   use_no_semi_2.o
        24          0          0          0          0         68   dcmpi.o
        90          4          0          0          0         92   dfixu.o
        38          0          0          0          0         68   dflt_clz.o
       120          4          0          0          0         92   dleqf.o
       156          4          0          0          0         92   dnaninf.o
        12          0          0          0          0         68   dretinf.o
       108          0          0          0          0         80   drleqf.o
       460         56          0          0          0        120   dsqrt_noumaal.o
        86          4          0          0          0         84   f2d.o
       450          8          0          0          0        236   faddsub_clz.o
       388         76          0          0          0         96   fdiv.o
        54          4          0          0          0         84   ffix.o
        62          4          0          0          0         84   ffixu.o
        86          0          0          0          0        136   fflt_clz.o
       258          4          0          0          0         84   fmul.o
       140          4          0          0          0         84   fnaninf.o
        10          0          0          0          0         68   fretinf.o
         0          0          0          0          0          0   usenofp.o
        76          0          0          0          0         84   sqrt.o

    ----------------------------------------------------------------------
      3082        188          0          0        100       2544   Library Totals
        14          0          0          0          4          0   (incl. Padding)

    ----------------------------------------------------------------------

      Code (inc. data)   RO Data    RW Data    ZI Data      Debug   Library Name

       450         16          0          0         96        824   c_w.l
      2542        172          0          0          0       1636   fz_ws.l
        76          0          0          0          0         84   m_ws.l

    ----------------------------------------------------------------------
      3082        188          0          0        100       2544   Library Totals

    ----------------------------------------------------------------------

==============================================================================


      Code (inc. data)   RO Data    RW Data    ZI Data      Debug   

     28990       1350      70070        360       6040     399350   Grand Totals
     28990       1350      70070        228       6040     399350   ELF Image Totals (compressed)
     28990       1350      70070        228          0          0   ROM Totals

==============================================================================

    Total RO  Size (Code + RO Data)                99060 (  96.74kB)
    Total RW  Size (RW Data + ZI Data)              6400 (   6.25kB)
    Total ROM Size (Code + RO Data + RW Data)      99288 (  96.96kB)

==============================================================================

