<html>
<body>
<pre>
<h1>礦ision Build Log</h1>
<h2>Tool Versions:</h2>
IDE-Version: μVision V5.14.0.0
Copyright (C) 2015 ARM Ltd and ARM Germany GmbH. All rights reserved.
License Information: asdf asdf, asdf, LIC=VGX30-BDXPF-4S7Y4-F3C7N-1VVYL-MG1CS
 
Tool Versions:
Toolchain:       MDK-ARM Standard  Version: 5.14.0.0
Toolchain Path:  F:\Keil_v5\ARM\ARMCC\Bin
C Compiler:      Armcc.exe V5.05 update 1 (build 106)
Assembler:       Armasm.exe V5.05 update 1 (build 106)
Linker/Locator:  ArmLink.exe V5.05 update 1 (build 106)
Library Manager: ArmAr.exe V5.05 update 1 (build 106)
Hex Converter:   FromElf.exe V5.05 update 1 (build 106)
CPU DLL:         SARMCM3.DLL V5.14.0.0
Dialog DLL:      DARMSTM.DLL V1.65.0.0
Target DLL:      Segger\JL2CM3.dll V2.99.13.0
Dialog DLL:      TARMSTM.DLL V1.64.0.0
 
<h2>Project:</h2>
H:\other\STM32F103_ZIGBEE_WIFI开发板\STM32F103_ZIGBEE_WIFI\CODE\USER\LCD.uvproj
Project File Date:  04/05/2016

<h2>Output:</h2>
Build target 'Target 1'
compiling usart.c...
..\SYSTEM\usart\usart.c(144): warning:  #9-D: nested comment is not allowed
        NVIC_InitStructure.NVIC_IRQChannelSubPriority = 2;              //子优先级3/*/
..\SYSTEM\usart\usart.c(191): warning:  #177-D: variable "tmp1" was declared but never referenced
        uint8_t tmp1;
..\SYSTEM\usart\usart.c(192): warning:  #177-D: variable "j" was declared but never referenced
        uint8_t i = 0, j = 0;
..\SYSTEM\usart\usart.c: 3 warnings, 0 errors
linking...
Program Size: Code=28990 RO-data=70070 RW-data=360 ZI-data=6040  
FromELF: creating hex file...
".\LCD.axf" - 0 Error(s), 3 Warning(s).
</pre>
</body>
</html>
